Failed to free pointer: 0x1046ec068 - Pointer was not allocated
Failed to free pointer: 0x1046ec068 - Pointer was not allocated
Failed to free pointer: 0x1046ec068 - Pointer was not allocated
Failed to free pointer: 0x1046eca5e - Pointer was not allocated
Failed to free pointer: 0x1046eca45 - Pointer was not allocated
ERROR: Finished searching memory - not enough space for allocation (62 bytes)
ERROR: Finished searching memory - not enough space for allocation (41 bytes)
ERROR: Finished searching memory - not enough space for allocation (42 bytes)
ERROR: Finished searching memory - not enough space for allocation (31 bytes)
ERROR: Finished searching memory - not enough space for allocation (58 bytes)
ERROR: Finished searching memory - not enough space for allocation (9 bytes)
ERROR: Finished searching memory - not enough space for allocation (11 bytes)
ERROR: Finished searching memory - not enough space for allocation (24 bytes)
ERROR: Finished searching memory - not enough space for allocation (9 bytes)
ERROR: Finished searching memory - not enough space for allocation (52 bytes)
ERROR: Finished searching memory - not enough space for allocation (44 bytes)
ERROR: Finished searching memory - not enough space for allocation (56 bytes)
ERROR: Finished searching memory - not enough space for allocation (33 bytes)
ERROR: Finished searching memory - not enough space for allocation (61 bytes)
ERROR: Finished searching memory - not enough space for allocation (53 bytes)
ERROR: Finished searching memory - not enough space for allocation (35 bytes)
ERROR: Finished searching memory - not enough space for allocation (27 bytes)
ERROR: Finished searching memory - not enough space for allocation (47 bytes)
ERROR: Finished searching memory - not enough space for allocation (57 bytes)
ERROR: Finished searching memory - not enough space for allocation (43 bytes)
ERROR: Finished searching memory - not enough space for allocation (59 bytes)
ERROR: Finished searching memory - not enough space for allocation (29 bytes)
ERROR: Finished searching memory - not enough space for allocation (29 bytes)
ERROR: Finished searching memory - not enough space for allocation (33 bytes)
ERROR: Finished searching memory - not enough space for allocation (30 bytes)
ERROR: Finished searching memory - not enough space for allocation (41 bytes)
ERROR: Finished searching memory - not enough space for allocation (27 bytes)
ERROR: Finished searching memory - not enough space for allocation (54 bytes)
ERROR: Finished searching memory - not enough space for allocation (18 bytes)
ERROR: Finished searching memory - not enough space for allocation (50 bytes)
ERROR: Finished searching memory - not enough space for allocation (19 bytes)
ERROR: Finished searching memory - not enough space for allocation (63 bytes)
ERROR: Finished searching memory - not enough space for allocation (53 bytes)
ERROR: Finished searching memory - not enough space for allocation (26 bytes)
ERROR: Finished searching memory - not enough space for allocation (54 bytes)
ERROR: Finished searching memory - not enough space for allocation (64 bytes)
ERROR: Finished searching memory - not enough space for allocation (15 bytes)
ERROR: Finished searching memory - not enough space for allocation (15 bytes)
ERROR: Finished searching memory - not enough space for allocation (39 bytes)
ERROR: Finished searching memory - not enough space for allocation (49 bytes)
ERROR: Finished searching memory - not enough space for allocation (45 bytes)
ERROR: Finished searching memory - not enough space for allocation (11 bytes)
ERROR: Finished searching memory - not enough space for allocation (56 bytes)
ERROR: Finished searching memory - not enough space for allocation (9 bytes)
ERROR: Finished searching memory - not enough space for allocation (38 bytes)
ERROR: Finished searching memory - not enough space for allocation (17 bytes)
ERROR: Finished searching memory - not enough space for allocation (26 bytes)
ERROR: Finished searching memory - not enough space for allocation (31 bytes)
ERROR: Finished searching memory - not enough space for allocation (18 bytes)
ERROR: Finished searching memory - not enough space for allocation (24 bytes)
ERROR: Finished searching memory - not enough space for allocation (43 bytes)
ERROR: Finished searching memory - not enough space for allocation (61 bytes)
ERROR: Finished searching memory - not enough space for allocation (30 bytes)
ERROR: Finished searching memory - not enough space for allocation (39 bytes)
ERROR: Finished searching memory - not enough space for allocation (43 bytes)
ERROR: Finished searching memory - not enough space for allocation (35 bytes)
ERROR: Finished searching memory - not enough space for allocation (18 bytes)
ERROR: Finished searching memory - not enough space for allocation (63 bytes)
ERROR: Finished searching memory - not enough space for allocation (55 bytes)
ERROR: Finished searching memory - not enough space for allocation (53 bytes)
ERROR: Finished searching memory - not enough space for allocation (11 bytes)
ERROR: Finished searching memory - not enough space for allocation (38 bytes)
ERROR: Finished searching memory - not enough space for allocation (49 bytes)
ERROR: Finished searching memory - not enough space for allocation (58 bytes)
ERROR: Finished searching memory - not enough space for allocation (35 bytes)
ERROR: Finished searching memory - not enough space for allocation (41 bytes)
ERROR: Finished searching memory - not enough space for allocation (53 bytes)
ERROR: Finished searching memory - not enough space for allocation (44 bytes)
ERROR: Finished searching memory - not enough space for allocation (34 bytes)
ERROR: Finished searching memory - not enough space for allocation (4 bytes)
ERROR: Finished searching memory - not enough space for allocation (11 bytes)
ERROR: Finished searching memory - not enough space for allocation (4 bytes)
ERROR: Finished searching memory - not enough space for allocation (30 bytes)
ERROR: Finished searching memory - not enough space for allocation (54 bytes)
ERROR: Finished searching memory - not enough space for allocation (4 bytes)
ERROR: Finished searching memory - not enough space for allocation (55 bytes)
ERROR: Finished searching memory - not enough space for allocation (37 bytes)
ERROR: Finished searching memory - not enough space for allocation (8 bytes)
ERROR: Finished searching memory - not enough space for allocation (36 bytes)
ERROR: Finished searching memory - not enough space for allocation (54 bytes)
ERROR: Finished searching memory - not enough space for allocation (17 bytes)
ERROR: Finished searching memory - not enough space for allocation (53 bytes)
ERROR: Finished searching memory - not enough space for allocation (49 bytes)
ERROR: Finished searching memory - not enough space for allocation (17 bytes)
ERROR: Finished searching memory - not enough space for allocation (36 bytes)
ERROR: Finished searching memory - not enough space for allocation (54 bytes)
ERROR: Finished searching memory - not enough space for allocation (63 bytes)
ERROR: Finished searching memory - not enough space for allocation (6 bytes)
ERROR: Finished searching memory - not enough space for allocation (50 bytes)
ERROR: Finished searching memory - not enough space for allocation (24 bytes)
ERROR: Finished searching memory - not enough space for allocation (48 bytes)
ERROR: Finished searching memory - not enough space for allocation (15 bytes)
ERROR: Finished searching memory - not enough space for allocation (37 bytes)
ERROR: Finished searching memory - not enough space for allocation (15 bytes)
ERROR: Finished searching memory - not enough space for allocation (42 bytes)
ERROR: Finished searching memory - not enough space for allocation (48 bytes)
ERROR: Finished searching memory - not enough space for allocation (4 bytes)
ERROR: Finished searching memory - not enough space for allocation (61 bytes)
ERROR: Finished searching memory - not enough space for allocation (40 bytes)
ERROR: Finished searching memory - not enough space for allocation (38 bytes)
ERROR: Finished searching memory - not enough space for allocation (4 bytes)
ERROR: Finished searching memory - not enough space for allocation (34 bytes)
ERROR: Finished searching memory - not enough space for allocation (29 bytes)
ERROR: Finished searching memory - not enough space for allocation (22 bytes)
ERROR: Finished searching memory - not enough space for allocation (48 bytes)
ERROR: Finished searching memory - not enough space for allocation (11 bytes)
ERROR: Finished searching memory - not enough space for allocation (61 bytes)
ERROR: Finished searching memory - not enough space for allocation (34 bytes)
ERROR: Finished searching memory - not enough space for allocation (34 bytes)
ERROR: Finished searching memory - not enough space for allocation (54 bytes)
ERROR: Finished searching memory - not enough space for allocation (28 bytes)
ERROR: Finished searching memory - not enough space for allocation (46 bytes)
ERROR: Finished searching memory - not enough space for allocation (60 bytes)
ERROR: Finished searching memory - not enough space for allocation (35 bytes)
ERROR: Finished searching memory - not enough space for allocation (26 bytes)
ERROR: Finished searching memory - not enough space for allocation (31 bytes)
ERROR: Finished searching memory - not enough space for allocation (52 bytes)
ERROR: Finished searching memory - not enough space for allocation (46 bytes)
ERROR: Finished searching memory - not enough space for allocation (30 bytes)
ERROR: Finished searching memory - not enough space for allocation (51 bytes)
ERROR: Finished searching memory - not enough space for allocation (43 bytes)
ERROR: Finished searching memory - not enough space for allocation (51 bytes)
ERROR: Finished searching memory - not enough space for allocation (39 bytes)
ERROR: Finished searching memory - not enough space for allocation (33 bytes)
ERROR: Finished searching memory - not enough space for allocation (52 bytes)
ERROR: Finished searching memory - not enough space for allocation (50 bytes)
ERROR: Finished searching memory - not enough space for allocation (34 bytes)
ERROR: Finished searching memory - not enough space for allocation (45 bytes)
ERROR: Finished searching memory - not enough space for allocation (17 bytes)
ERROR: Finished searching memory - not enough space for allocation (28 bytes)
ERROR: Finished searching memory - not enough space for allocation (56 bytes)
ERROR: Finished searching memory - not enough space for allocation (49 bytes)
ERROR: Finished searching memory - not enough space for allocation (15 bytes)
ERROR: Finished searching memory - not enough space for allocation (26 bytes)
ERROR: Finished searching memory - not enough space for allocation (60 bytes)
ERROR: Finished searching memory - not enough space for allocation (61 bytes)
ERROR: Finished searching memory - not enough space for allocation (8 bytes)
ERROR: Finished searching memory - not enough space for allocation (34 bytes)
ERROR: Finished searching memory - not enough space for allocation (36 bytes)
ERROR: Finished searching memory - not enough space for allocation (59 bytes)
ERROR: Finished searching memory - not enough space for allocation (38 bytes)
ERROR: Finished searching memory - not enough space for allocation (33 bytes)
ERROR: Finished searching memory - not enough space for allocation (11 bytes)
ERROR: Finished searching memory - not enough space for allocation (35 bytes)
ERROR: Finished searching memory - not enough space for allocation (36 bytes)
ERROR: Finished searching memory - not enough space for allocation (37 bytes)
ERROR: Finished searching memory - not enough space for allocation (4 bytes)
ERROR: Finished searching memory - not enough space for allocation (36 bytes)
ERROR: Finished searching memory - not enough space for allocation (42 bytes)
ERROR: Finished searching memory - not enough space for allocation (32 bytes)
ERROR: Finished searching memory - not enough space for allocation (46 bytes)
ERROR: Finished searching memory - not enough space for allocation (39 bytes)
ERROR: Finished searching memory - not enough space for allocation (46 bytes)
ERROR: Finished searching memory - not enough space for allocation (27 bytes)
ERROR: Finished searching memory - not enough space for allocation (42 bytes)
ERROR: Finished searching memory - not enough space for allocation (60 bytes)
ERROR: Finished searching memory - not enough space for allocation (55 bytes)
ERROR: Finished searching memory - not enough space for allocation (61 bytes)
ERROR: Finished searching memory - not enough space for allocation (27 bytes)
ERROR: Finished searching memory - not enough space for allocation (29 bytes)
ERROR: Finished searching memory - not enough space for allocation (20 bytes)
ERROR: Finished searching memory - not enough space for allocation (22 bytes)
ERROR: Finished searching memory - not enough space for allocation (37 bytes)
ERROR: Finished searching memory - not enough space for allocation (63 bytes)
ERROR: Finished searching memory - not enough space for allocation (24 bytes)
ERROR: Finished searching memory - not enough space for allocation (11 bytes)
ERROR: Finished searching memory - not enough space for allocation (27 bytes)
ERROR: Finished searching memory - not enough space for allocation (4 bytes)
ERROR: Finished searching memory - not enough space for allocation (37 bytes)
ERROR: Finished searching memory - not enough space for allocation (52 bytes)
ERROR: Finished searching memory - not enough space for allocation (56 bytes)
ERROR: Finished searching memory - not enough space for allocation (52 bytes)
ERROR: Finished searching memory - not enough space for allocation (38 bytes)
ERROR: Finished searching memory - not enough space for allocation (46 bytes)
ERROR: Finished searching memory - not enough space for allocation (27 bytes)
ERROR: Finished searching memory - not enough space for allocation (44 bytes)
ERROR: Finished searching memory - not enough space for allocation (8 bytes)
ERROR: Finished searching memory - not enough space for allocation (31 bytes)
ERROR: Finished searching memory - not enough space for allocation (26 bytes)
ERROR: Finished searching memory - not enough space for allocation (55 bytes)
ERROR: Finished searching memory - not enough space for allocation (31 bytes)
ERROR: Finished searching memory - not enough space for allocation (32 bytes)
ERROR: Finished searching memory - not enough space for allocation (16 bytes)
ERROR: Finished searching memory - not enough space for allocation (9 bytes)
ERROR: Finished searching memory - not enough space for allocation (22 bytes)
ERROR: Finished searching memory - not enough space for allocation (38 bytes)
ERROR: Finished searching memory - not enough space for allocation (24 bytes)
ERROR: Finished searching memory - not enough space for allocation (39 bytes)
ERROR: Finished searching memory - not enough space for allocation (55 bytes)
ERROR: Finished searching memory - not enough space for allocation (41 bytes)
ERROR: Finished searching memory - not enough space for allocation (22 bytes)
ERROR: Finished searching memory - not enough space for allocation (19 bytes)
ERROR: Finished searching memory - not enough space for allocation (59 bytes)
ERROR: Finished searching memory - not enough space for allocation (34 bytes)
ERROR: Finished searching memory - not enough space for allocation (17 bytes)
ERROR: Finished searching memory - not enough space for allocation (54 bytes)
ERROR: Finished searching memory - not enough space for allocation (41 bytes)
ERROR: Finished searching memory - not enough space for allocation (30 bytes)
ERROR: Finished searching memory - not enough space for allocation (51 bytes)
ERROR: Finished searching memory - not enough space for allocation (27 bytes)
ERROR: Finished searching memory - not enough space for allocation (33 bytes)
ERROR: Finished searching memory - not enough space for allocation (30 bytes)
ERROR: Finished searching memory - not enough space for allocation (4 bytes)
ERROR: Finished searching memory - not enough space for allocation (54 bytes)
ERROR: Finished searching memory - not enough space for allocation (60 bytes)
ERROR: Finished searching memory - not enough space for allocation (30 bytes)
ERROR: Finished searching memory - not enough space for allocation (4 bytes)
ERROR: Finished searching memory - not enough space for allocation (39 bytes)
ERROR: Finished searching memory - not enough space for allocation (59 bytes)
ERROR: Finished searching memory - not enough space for allocation (62 bytes)
ERROR: Finished searching memory - not enough space for allocation (47 bytes)
ERROR: Finished searching memory - not enough space for allocation (35 bytes)
ERROR: Finished searching memory - not enough space for allocation (56 bytes)
ERROR: Finished searching memory - not enough space for allocation (59 bytes)
ERROR: Finished searching memory - not enough space for allocation (61 bytes)
ERROR: Finished searching memory - not enough space for allocation (27 bytes)
ERROR: Finished searching memory - not enough space for allocation (34 bytes)
ERROR: Finished searching memory - not enough space for allocation (61 bytes)
ERROR: Finished searching memory - not enough space for allocation (16 bytes)
ERROR: Finished searching memory - not enough space for allocation (11 bytes)
ERROR: Finished searching memory - not enough space for allocation (56 bytes)
ERROR: Finished searching memory - not enough space for allocation (37 bytes)
ERROR: Finished searching memory - not enough space for allocation (43 bytes)
ERROR: Finished searching memory - not enough space for allocation (48 bytes)
ERROR: Finished searching memory - not enough space for allocation (29 bytes)
ERROR: Finished searching memory - not enough space for allocation (45 bytes)
ERROR: Finished searching memory - not enough space for allocation (37 bytes)
ERROR: Finished searching memory - not enough space for allocation (45 bytes)
ERROR: Finished searching memory - not enough space for allocation (31 bytes)
ERROR: Finished searching memory - not enough space for allocation (61 bytes)
ERROR: Finished searching memory - not enough space for allocation (62 bytes)
ERROR: Finished searching memory - not enough space for allocation (9 bytes)
ERROR: Finished searching memory - not enough space for allocation (62 bytes)
ERROR: Finished searching memory - not enough space for allocation (9 bytes)
ERROR: Finished searching memory - not enough space for allocation (58 bytes)
ERROR: Finished searching memory - not enough space for allocation (54 bytes)
ERROR: Finished searching memory - not enough space for allocation (8 bytes)
ERROR: Finished searching memory - not enough space for allocation (55 bytes)
ERROR: Finished searching memory - not enough space for allocation (24 bytes)
ERROR: Finished searching memory - not enough space for allocation (11 bytes)
ERROR: Finished searching memory - not enough space for allocation (11 bytes)
ERROR: Finished searching memory - not enough space for allocation (43 bytes)
ERROR: Finished searching memory - not enough space for allocation (57 bytes)
ERROR: Finished searching memory - not enough space for allocation (28 bytes)
ERROR: Finished searching memory - not enough space for allocation (17 bytes)
ERROR: Finished searching memory - not enough space for allocation (35 bytes)
ERROR: Finished searching memory - not enough space for allocation (64 bytes)
ERROR: Finished searching memory - not enough space for allocation (11 bytes)
ERROR: Finished searching memory - not enough space for allocation (50 bytes)
ERROR: Finished searching memory - not enough space for allocation (28 bytes)
ERROR: Finished searching memory - not enough space for allocation (60 bytes)
ERROR: Finished searching memory - not enough space for allocation (18 bytes)
ERROR: Finished searching memory - not enough space for allocation (51 bytes)
ERROR: Finished searching memory - not enough space for allocation (60 bytes)
ERROR: Finished searching memory - not enough space for allocation (59 bytes)
ERROR: Finished searching memory - not enough space for allocation (8 bytes)
ERROR: Finished searching memory - not enough space for allocation (48 bytes)
ERROR: Finished searching memory - not enough space for allocation (58 bytes)
ERROR: Finished searching memory - not enough space for allocation (22 bytes)
ERROR: Finished searching memory - not enough space for allocation (59 bytes)
ERROR: Finished searching memory - not enough space for allocation (47 bytes)
ERROR: Finished searching memory - not enough space for allocation (22 bytes)
ERROR: Finished searching memory - not enough space for allocation (37 bytes)
ERROR: Finished searching memory - not enough space for allocation (53 bytes)
ERROR: Finished searching memory - not enough space for allocation (19 bytes)
ERROR: Finished searching memory - not enough space for allocation (50 bytes)
ERROR: Finished searching memory - not enough space for allocation (40 bytes)
ERROR: Finished searching memory - not enough space for allocation (39 bytes)
ERROR: Finished searching memory - not enough space for allocation (24 bytes)
ERROR: Finished searching memory - not enough space for allocation (17 bytes)
ERROR: Finished searching memory - not enough space for allocation (30 bytes)
ERROR: Finished searching memory - not enough space for allocation (55 bytes)
ERROR: Finished searching memory - not enough space for allocation (8 bytes)
ERROR: Finished searching memory - not enough space for allocation (4 bytes)
ERROR: Finished searching memory - not enough space for allocation (52 bytes)
ERROR: Finished searching memory - not enough space for allocation (26 bytes)
ERROR: Finished searching memory - not enough space for allocation (64 bytes)
ERROR: Finished searching memory - not enough space for allocation (63 bytes)
ERROR: Finished searching memory - not enough space for allocation (46 bytes)
ERROR: Finished searching memory - not enough space for allocation (15 bytes)
ERROR: Finished searching memory - not enough space for allocation (29 bytes)
ERROR: Finished searching memory - not enough space for allocation (60 bytes)
ERROR: Finished searching memory - not enough space for allocation (33 bytes)
ERROR: Finished searching memory - not enough space for allocation (56 bytes)
ERROR: Finished searching memory - not enough space for allocation (40 bytes)
ERROR: Finished searching memory - not enough space for allocation (42 bytes)
ERROR: Finished searching memory - not enough space for allocation (8 bytes)
ERROR: Finished searching memory - not enough space for allocation (9 bytes)
ERROR: Finished searching memory - not enough space for allocation (57 bytes)
ERROR: Finished searching memory - not enough space for allocation (24 bytes)
ERROR: Finished searching memory - not enough space for allocation (20 bytes)
ERROR: Finished searching memory - not enough space for allocation (42 bytes)
ERROR: Finished searching memory - not enough space for allocation (60 bytes)
ERROR: Finished searching memory - not enough space for allocation (58 bytes)
ERROR: Finished searching memory - not enough space for allocation (30 bytes)
ERROR: Finished searching memory - not enough space for allocation (27 bytes)
ERROR: Finished searching memory - not enough space for allocation (20 bytes)
ERROR: Finished searching memory - not enough space for allocation (53 bytes)
ERROR: Finished searching memory - not enough space for allocation (46 bytes)
ERROR: Finished searching memory - not enough space for allocation (51 bytes)
ERROR: Finished searching memory - not enough space for allocation (41 bytes)
ERROR: Finished searching memory - not enough space for allocation (31 bytes)
ERROR: Finished searching memory - not enough space for allocation (34 bytes)
ERROR: Finished searching memory - not enough space for allocation (55 bytes)
ERROR: Finished searching memory - not enough space for allocation (26 bytes)
ERROR: Finished searching memory - not enough space for allocation (55 bytes)
ERROR: Finished searching memory - not enough space for allocation (30 bytes)
ERROR: Finished searching memory - not enough space for allocation (62 bytes)
ERROR: Finished searching memory - not enough space for allocation (51 bytes)
ERROR: Finished searching memory - not enough space for allocation (39 bytes)
ERROR: Finished searching memory - not enough space for allocation (37 bytes)
ERROR: Finished searching memory - not enough space for allocation (44 bytes)
ERROR: Finished searching memory - not enough space for allocation (55 bytes)
ERROR: Finished searching memory - not enough space for allocation (38 bytes)
ERROR: Finished searching memory - not enough space for allocation (40 bytes)
ERROR: Finished searching memory - not enough space for allocation (40 bytes)
ERROR: Finished searching memory - not enough space for allocation (37 bytes)
ERROR: Finished searching memory - not enough space for allocation (24 bytes)
ERROR: Finished searching memory - not enough space for allocation (8 bytes)
ERROR: Finished searching memory - not enough space for allocation (44 bytes)
ERROR: Finished searching memory - not enough space for allocation (31 bytes)
ERROR: Finished searching memory - not enough space for allocation (64 bytes)
ERROR: Finished searching memory - not enough space for allocation (31 bytes)
ERROR: Finished searching memory - not enough space for allocation (29 bytes)
ERROR: Finished searching memory - not enough space for allocation (55 bytes)
ERROR: Finished searching memory - not enough space for allocation (55 bytes)
ERROR: Finished searching memory - not enough space for allocation (43 bytes)
ERROR: Finished searching memory - not enough space for allocation (11 bytes)
ERROR: Finished searching memory - not enough space for allocation (19 bytes)
ERROR: Finished searching memory - not enough space for allocation (60 bytes)
ERROR: Finished searching memory - not enough space for allocation (19 bytes)
ERROR: Finished searching memory - not enough space for allocation (28 bytes)
ERROR: Finished searching memory - not enough space for allocation (11 bytes)
ERROR: Finished searching memory - not enough space for allocation (43 bytes)
ERROR: Finished searching memory - not enough space for allocation (30 bytes)
ERROR: Finished searching memory - not enough space for allocation (11 bytes)
ERROR: Finished searching memory - not enough space for allocation (11 bytes)
ERROR: Finished searching memory - not enough space for allocation (24 bytes)
ERROR: Finished searching memory - not enough space for allocation (57 bytes)
ERROR: Finished searching memory - not enough space for allocation (32 bytes)
ERROR: Finished searching memory - not enough space for allocation (49 bytes)
ERROR: Finished searching memory - not enough space for allocation (54 bytes)
ERROR: Finished searching memory - not enough space for allocation (20 bytes)
ERROR: Finished searching memory - not enough space for allocation (57 bytes)
ERROR: Finished searching memory - not enough space for allocation (47 bytes)
ERROR: Finished searching memory - not enough space for allocation (46 bytes)
ERROR: Finished searching memory - not enough space for allocation (34 bytes)
ERROR: Finished searching memory - not enough space for allocation (26 bytes)
ERROR: Finished searching memory - not enough space for allocation (20 bytes)
ERROR: Finished searching memory - not enough space for allocation (49 bytes)
ERROR: Finished searching memory - not enough space for allocation (30 bytes)
ERROR: Finished searching memory - not enough space for allocation (60 bytes)
ERROR: Finished searching memory - not enough space for allocation (37 bytes)
ERROR: Finished searching memory - not enough space for allocation (22 bytes)
ERROR: Finished searching memory - not enough space for allocation (42 bytes)
ERROR: Finished searching memory - not enough space for allocation (22 bytes)
ERROR: Finished searching memory - not enough space for allocation (35 bytes)
ERROR: Finished searching memory - not enough space for allocation (19 bytes)
ERROR: Finished searching memory - not enough space for allocation (29 bytes)
ERROR: Finished searching memory - not enough space for allocation (11 bytes)
ERROR: Finished searching memory - not enough space for allocation (29 bytes)
ERROR: Finished searching memory - not enough space for allocation (19 bytes)
ERROR: Finished searching memory - not enough space for allocation (64 bytes)
ERROR: Finished searching memory - not enough space for allocation (48 bytes)
ERROR: Finished searching memory - not enough space for allocation (42 bytes)
ERROR: Finished searching memory - not enough space for allocation (56 bytes)
ERROR: Finished searching memory - not enough space for allocation (41 bytes)
ERROR: Finished searching memory - not enough space for allocation (34 bytes)
ERROR: Finished searching memory - not enough space for allocation (63 bytes)
ERROR: Finished searching memory - not enough space for allocation (15 bytes)
ERROR: Finished searching memory - not enough space for allocation (50 bytes)
ERROR: Finished searching memory - not enough space for allocation (57 bytes)
ERROR: Finished searching memory - not enough space for allocation (64 bytes)
ERROR: Finished searching memory - not enough space for allocation (32 bytes)
ERROR: Finished searching memory - not enough space for allocation (53 bytes)
ERROR: Finished searching memory - not enough space for allocation (31 bytes)
ERROR: Finished searching memory - not enough space for allocation (11 bytes)
ERROR: Finished searching memory - not enough space for allocation (36 bytes)
ERROR: Finished searching memory - not enough space for allocation (17 bytes)
ERROR: Finished searching memory - not enough space for allocation (43 bytes)
ERROR: Finished searching memory - not enough space for allocation (34 bytes)
ERROR: Finished searching memory - not enough space for allocation (39 bytes)
ERROR: Finished searching memory - not enough space for allocation (53 bytes)
ERROR: Finished searching memory - not enough space for allocation (35 bytes)
ERROR: Finished searching memory - not enough space for allocation (27 bytes)
ERROR: Finished searching memory - not enough space for allocation (45 bytes)
ERROR: Finished searching memory - not enough space for allocation (43 bytes)
ERROR: Finished searching memory - not enough space for allocation (18 bytes)
ERROR: Finished searching memory - not enough space for allocation (20 bytes)
ERROR: Finished searching memory - not enough space for allocation (63 bytes)
ERROR: Finished searching memory - not enough space for allocation (27 bytes)
ERROR: Finished searching memory - not enough space for allocation (51 bytes)
ERROR: Finished searching memory - not enough space for allocation (39 bytes)
ERROR: Finished searching memory - not enough space for allocation (35 bytes)
ERROR: Finished searching memory - not enough space for allocation (36 bytes)
ERROR: Finished searching memory - not enough space for allocation (31 bytes)
ERROR: Finished searching memory - not enough space for allocation (27 bytes)
ERROR: Finished searching memory - not enough space for allocation (19 bytes)
ERROR: Finished searching memory - not enough space for allocation (48 bytes)
ERROR: Finished searching memory - not enough space for allocation (8 bytes)
ERROR: Finished searching memory - not enough space for allocation (42 bytes)
ERROR: Finished searching memory - not enough space for allocation (31 bytes)
ERROR: Finished searching memory - not enough space for allocation (9 bytes)
ERROR: Finished searching memory - not enough space for allocation (29 bytes)
ERROR: Finished searching memory - not enough space for allocation (64 bytes)
ERROR: Finished searching memory - not enough space for allocation (29 bytes)
ERROR: Finished searching memory - not enough space for allocation (37 bytes)
ERROR: Finished searching memory - not enough space for allocation (33 bytes)
ERROR: Finished searching memory - not enough space for allocation (47 bytes)
ERROR: Finished searching memory - not enough space for allocation (17 bytes)
ERROR: Finished searching memory - not enough space for allocation (55 bytes)
ERROR: Finished searching memory - not enough space for allocation (58 bytes)
ERROR: Finished searching memory - not enough space for allocation (19 bytes)
ERROR: Finished searching memory - not enough space for allocation (38 bytes)
ERROR: Finished searching memory - not enough space for allocation (37 bytes)
ERROR: Finished searching memory - not enough space for allocation (37 bytes)
ERROR: Finished searching memory - not enough space for allocation (20 bytes)
ERROR: Finished searching memory - not enough space for allocation (34 bytes)
ERROR: Finished searching memory - not enough space for allocation (52 bytes)
ERROR: Finished searching memory - not enough space for allocation (18 bytes)
ERROR: Finished searching memory - not enough space for allocation (51 bytes)
ERROR: Finished searching memory - not enough space for allocation (11 bytes)
ERROR: Finished searching memory - not enough space for allocation (49 bytes)
ERROR: Finished searching memory - not enough space for allocation (56 bytes)
ERROR: Finished searching memory - not enough space for allocation (39 bytes)
ERROR: Finished searching memory - not enough space for allocation (38 bytes)
ERROR: Finished searching memory - not enough space for allocation (52 bytes)
ERROR: Finished searching memory - not enough space for allocation (45 bytes)
ERROR: Finished searching memory - not enough space for allocation (38 bytes)
ERROR: Finished searching memory - not enough space for allocation (58 bytes)
ERROR: Finished searching memory - not enough space for allocation (17 bytes)
ERROR: Finished searching memory - not enough space for allocation (36 bytes)
ERROR: Finished searching memory - not enough space for allocation (51 bytes)
ERROR: Finished searching memory - not enough space for allocation (60 bytes)
ERROR: Finished searching memory - not enough space for allocation (51 bytes)
ERROR: Finished searching memory - not enough space for allocation (19 bytes)
ERROR: Finished searching memory - not enough space for allocation (31 bytes)
ERROR: Finished searching memory - not enough space for allocation (49 bytes)
ERROR: Finished searching memory - not enough space for allocation (31 bytes)
ERROR: Finished searching memory - not enough space for allocation (33 bytes)
ERROR: Finished searching memory - not enough space for allocation (17 bytes)
ERROR: Finished searching memory - not enough space for allocation (50 bytes)
ERROR: Finished searching memory - not enough space for allocation (27 bytes)
ERROR: Finished searching memory - not enough space for allocation (50 bytes)
ERROR: Finished searching memory - not enough space for allocation (8 bytes)
ERROR: Finished searching memory - not enough space for allocation (28 bytes)
ERROR: Finished searching memory - not enough space for allocation (61 bytes)
ERROR: Finished searching memory - not enough space for allocation (16 bytes)
ERROR: Finished searching memory - not enough space for allocation (15 bytes)
ERROR: Finished searching memory - not enough space for allocation (56 bytes)
ERROR: Finished searching memory - not enough space for allocation (62 bytes)
ERROR: Finished searching memory - not enough space for allocation (53 bytes)
ERROR: Finished searching memory - not enough space for allocation (27 bytes)
ERROR: Finished searching memory - not enough space for allocation (41 bytes)
ERROR: Finished searching memory - not enough space for allocation (58 bytes)
ERROR: Finished searching memory - not enough space for allocation (16 bytes)
ERROR: Finished searching memory - not enough space for allocation (44 bytes)
ERROR: Finished searching memory - not enough space for allocation (57 bytes)
ERROR: Finished searching memory - not enough space for allocation (54 bytes)
ERROR: Finished searching memory - not enough space for allocation (27 bytes)
ERROR: Finished searching memory - not enough space for allocation (44 bytes)
ERROR: Finished searching memory - not enough space for allocation (40 bytes)
ERROR: Finished searching memory - not enough space for allocation (8 bytes)
ERROR: Finished searching memory - not enough space for allocation (27 bytes)
ERROR: Finished searching memory - not enough space for allocation (41 bytes)
ERROR: Finished searching memory - not enough space for allocation (22 bytes)
ERROR: Finished searching memory - not enough space for allocation (35 bytes)
ERROR: Finished searching memory - not enough space for allocation (49 bytes)
ERROR: Finished searching memory - not enough space for allocation (54 bytes)
ERROR: Finished searching memory - not enough space for allocation (24 bytes)
ERROR: Finished searching memory - not enough space for allocation (53 bytes)
ERROR: Finished searching memory - not enough space for allocation (47 bytes)
ERROR: Finished searching memory - not enough space for allocation (52 bytes)
ERROR: Finished searching memory - not enough space for allocation (56 bytes)
ERROR: Finished searching memory - not enough space for allocation (49 bytes)
ERROR: Finished searching memory - not enough space for allocation (63 bytes)
ERROR: Finished searching memory - not enough space for allocation (47 bytes)
ERROR: Finished searching memory - not enough space for allocation (57 bytes)
ERROR: Finished searching memory - not enough space for allocation (44 bytes)
ERROR: Finished searching memory - not enough space for allocation (19 bytes)
ERROR: Finished searching memory - not enough space for allocation (38 bytes)
ERROR: Finished searching memory - not enough space for allocation (37 bytes)
ERROR: Finished searching memory - not enough space for allocation (49 bytes)
ERROR: Finished searching memory - not enough space for allocation (18 bytes)
ERROR: Finished searching memory - not enough space for allocation (20 bytes)
ERROR: Finished searching memory - not enough space for allocation (62 bytes)
ERROR: Finished searching memory - not enough space for allocation (48 bytes)
ERROR: Finished searching memory - not enough space for allocation (29 bytes)
ERROR: Finished searching memory - not enough space for allocation (33 bytes)
ERROR: Finished searching memory - not enough space for allocation (31 bytes)
ERROR: Finished searching memory - not enough space for allocation (47 bytes)
ERROR: Finished searching memory - not enough space for allocation (38 bytes)
ERROR: Finished searching memory - not enough space for allocation (59 bytes)
ERROR: Finished searching memory - not enough space for allocation (30 bytes)
ERROR: Finished searching memory - not enough space for allocation (45 bytes)
ERROR: Finished searching memory - not enough space for allocation (45 bytes)
ERROR: Finished searching memory - not enough space for allocation (17 bytes)
ERROR: Finished searching memory - not enough space for allocation (22 bytes)
ERROR: Finished searching memory - not enough space for allocation (29 bytes)
ERROR: Finished searching memory - not enough space for allocation (4 bytes)
ERROR: Finished searching memory - not enough space for allocation (42 bytes)
ERROR: Finished searching memory - not enough space for allocation (48 bytes)
ERROR: Finished searching memory - not enough space for allocation (33 bytes)
ERROR: Finished searching memory - not enough space for allocation (27 bytes)
ERROR: Finished searching memory - not enough space for allocation (35 bytes)
ERROR: Finished searching memory - not enough space for allocation (47 bytes)
ERROR: Finished searching memory - not enough space for allocation (41 bytes)
ERROR: Finished searching memory - not enough space for allocation (32 bytes)
ERROR: Finished searching memory - not enough space for allocation (44 bytes)
ERROR: Finished searching memory - not enough space for allocation (52 bytes)
ERROR: Finished searching memory - not enough space for allocation (29 bytes)
ERROR: Finished searching memory - not enough space for allocation (30 bytes)
ERROR: Finished searching memory - not enough space for allocation (39 bytes)
ERROR: Finished searching memory - not enough space for allocation (53 bytes)
ERROR: Finished searching memory - not enough space for allocation (4 bytes)
ERROR: Finished searching memory - not enough space for allocation (60 bytes)
ERROR: Finished searching memory - not enough space for allocation (63 bytes)
ERROR: Finished searching memory - not enough space for allocation (48 bytes)
ERROR: Finished searching memory - not enough space for allocation (54 bytes)
ERROR: Finished searching memory - not enough space for allocation (52 bytes)
ERROR: Finished searching memory - not enough space for allocation (36 bytes)
ERROR: Finished searching memory - not enough space for allocation (20 bytes)
ERROR: Finished searching memory - not enough space for allocation (42 bytes)
ERROR: Finished searching memory - not enough space for allocation (49 bytes)
ERROR: Finished searching memory - not enough space for allocation (37 bytes)
ERROR: Finished searching memory - not enough space for allocation (40 bytes)
ERROR: Finished searching memory - not enough space for allocation (57 bytes)
ERROR: Finished searching memory - not enough space for allocation (42 bytes)
ERROR: Finished searching memory - not enough space for allocation (63 bytes)
ERROR: Finished searching memory - not enough space for allocation (56 bytes)
ERROR: Finished searching memory - not enough space for allocation (31 bytes)
ERROR: Finished searching memory - not enough space for allocation (56 bytes)
ERROR: Finished searching memory - not enough space for allocation (44 bytes)
ERROR: Finished searching memory - not enough space for allocation (42 bytes)
ERROR: Finished searching memory - not enough space for allocation (18 bytes)
ERROR: Finished searching memory - not enough space for allocation (43 bytes)
ERROR: Finished searching memory - not enough space for allocation (60 bytes)
ERROR: Finished searching memory - not enough space for allocation (51 bytes)
ERROR: Finished searching memory - not enough space for allocation (42 bytes)
ERROR: Finished searching memory - not enough space for allocation (35 bytes)
ERROR: Finished searching memory - not enough space for allocation (19 bytes)
ERROR: Finished searching memory - not enough space for allocation (60 bytes)
ERROR: Finished searching memory - not enough space for allocation (56 bytes)
ERROR: Finished searching memory - not enough space for allocation (15 bytes)
ERROR: Finished searching memory - not enough space for allocation (35 bytes)
ERROR: Finished searching memory - not enough space for allocation (18 bytes)
ERROR: Finished searching memory - not enough space for allocation (45 bytes)
ERROR: Finished searching memory - not enough space for allocation (16 bytes)
ERROR: Finished searching memory - not enough space for allocation (37 bytes)
ERROR: Finished searching memory - not enough space for allocation (59 bytes)
ERROR: Finished searching memory - not enough space for allocation (48 bytes)
ERROR: Finished searching memory - not enough space for allocation (37 bytes)
ERROR: Finished searching memory - not enough space for allocation (45 bytes)
ERROR: Finished searching memory - not enough space for allocation (28 bytes)
ERROR: Finished searching memory - not enough space for allocation (35 bytes)
ERROR: Finished searching memory - not enough space for allocation (63 bytes)
ERROR: Finished searching memory - not enough space for allocation (19 bytes)
ERROR: Finished searching memory - not enough space for allocation (29 bytes)
ERROR: Finished searching memory - not enough space for allocation (26 bytes)
ERROR: Finished searching memory - not enough space for allocation (49 bytes)
ERROR: Finished searching memory - not enough space for allocation (37 bytes)
ERROR: Finished searching memory - not enough space for allocation (52 bytes)
ERROR: Finished searching memory - not enough space for allocation (27 bytes)
ERROR: Finished searching memory - not enough space for allocation (43 bytes)
ERROR: Finished searching memory - not enough space for allocation (29 bytes)
ERROR: Finished searching memory - not enough space for allocation (27 bytes)
ERROR: Finished searching memory - not enough space for allocation (62 bytes)
ERROR: Finished searching memory - not enough space for allocation (48 bytes)
ERROR: Finished searching memory - not enough space for allocation (9 bytes)
ERROR: Finished searching memory - not enough space for allocation (51 bytes)
ERROR: Finished searching memory - not enough space for allocation (16 bytes)
ERROR: Finished searching memory - not enough space for allocation (46 bytes)
ERROR: Finished searching memory - not enough space for allocation (38 bytes)
ERROR: Finished searching memory - not enough space for allocation (18 bytes)
ERROR: Finished searching memory - not enough space for allocation (17 bytes)
ERROR: Finished searching memory - not enough space for allocation (52 bytes)
ERROR: Finished searching memory - not enough space for allocation (9 bytes)
ERROR: Finished searching memory - not enough space for allocation (42 bytes)
ERROR: Finished searching memory - not enough space for allocation (59 bytes)
ERROR: Finished searching memory - not enough space for allocation (11 bytes)
ERROR: Finished searching memory - not enough space for allocation (62 bytes)
ERROR: Finished searching memory - not enough space for allocation (39 bytes)
ERROR: Finished searching memory - not enough space for allocation (28 bytes)
ERROR: Finished searching memory - not enough space for allocation (26 bytes)
ERROR: Finished searching memory - not enough space for allocation (43 bytes)
ERROR: Finished searching memory - not enough space for allocation (44 bytes)
ERROR: Finished searching memory - not enough space for allocation (31 bytes)
ERROR: Finished searching memory - not enough space for allocation (15 bytes)
ERROR: Finished searching memory - not enough space for allocation (41 bytes)
ERROR: Finished searching memory - not enough space for allocation (22 bytes)
ERROR: Finished searching memory - not enough space for allocation (60 bytes)
ERROR: Finished searching memory - not enough space for allocation (16 bytes)
ERROR: Finished searching memory - not enough space for allocation (52 bytes)
ERROR: Finished searching memory - not enough space for allocation (38 bytes)
ERROR: Finished searching memory - not enough space for allocation (49 bytes)
ERROR: Finished searching memory - not enough space for allocation (9 bytes)
ERROR: Finished searching memory - not enough space for allocation (50 bytes)
ERROR: Finished searching memory - not enough space for allocation (8 bytes)
ERROR: Finished searching memory - not enough space for allocation (11 bytes)
ERROR: Finished searching memory - not enough space for allocation (18 bytes)
ERROR: Finished searching memory - not enough space for allocation (9 bytes)
ERROR: Finished searching memory - not enough space for allocation (20 bytes)
ERROR: Finished searching memory - not enough space for allocation (8 bytes)
ERROR: Finished searching memory - not enough space for allocation (63 bytes)
ERROR: Finished searching memory - not enough space for allocation (15 bytes)
ERROR: Finished searching memory - not enough space for allocation (9 bytes)
ERROR: Finished searching memory - not enough space for allocation (15 bytes)
ERROR: Finished searching memory - not enough space for allocation (24 bytes)
ERROR: Finished searching memory - not enough space for allocation (49 bytes)
ERROR: Finished searching memory - not enough space for allocation (46 bytes)
ERROR: Finished searching memory - not enough space for allocation (37 bytes)
ERROR: Finished searching memory - not enough space for allocation (62 bytes)
ERROR: Finished searching memory - not enough space for allocation (47 bytes)
ERROR: Finished searching memory - not enough space for allocation (42 bytes)
ERROR: Finished searching memory - not enough space for allocation (50 bytes)
ERROR: Finished searching memory - not enough space for allocation (29 bytes)
ERROR: Finished searching memory - not enough space for allocation (9 bytes)
ERROR: Finished searching memory - not enough space for allocation (22 bytes)
ERROR: Finished searching memory - not enough space for allocation (24 bytes)
ERROR: Finished searching memory - not enough space for allocation (56 bytes)
ERROR: Finished searching memory - not enough space for allocation (26 bytes)
ERROR: Finished searching memory - not enough space for allocation (31 bytes)
ERROR: Finished searching memory - not enough space for allocation (50 bytes)
ERROR: Finished searching memory - not enough space for allocation (43 bytes)
ERROR: Finished searching memory - not enough space for allocation (4 bytes)
ERROR: Finished searching memory - not enough space for allocation (31 bytes)
ERROR: Finished searching memory - not enough space for allocation (49 bytes)
ERROR: Finished searching memory - not enough space for allocation (40 bytes)
ERROR: Finished searching memory - not enough space for allocation (64 bytes)
ERROR: Finished searching memory - not enough space for allocation (20 bytes)
ERROR: Finished searching memory - not enough space for allocation (62 bytes)
ERROR: Finished searching memory - not enough space for allocation (24 bytes)
ERROR: Finished searching memory - not enough space for allocation (38 bytes)
ERROR: Finished searching memory - not enough space for allocation (30 bytes)
ERROR: Finished searching memory - not enough space for allocation (28 bytes)
ERROR: Finished searching memory - not enough space for allocation (19 bytes)
ERROR: Finished searching memory - not enough space for allocation (33 bytes)
ERROR: Finished searching memory - not enough space for allocation (17 bytes)
ERROR: Finished searching memory - not enough space for allocation (64 bytes)
ERROR: Finished searching memory - not enough space for allocation (4 bytes)
ERROR: Finished searching memory - not enough space for allocation (58 bytes)
ERROR: Finished searching memory - not enough space for allocation (35 bytes)
ERROR: Finished searching memory - not enough space for allocation (19 bytes)
ERROR: Finished searching memory - not enough space for allocation (43 bytes)
ERROR: Finished searching memory - not enough space for allocation (38 bytes)
ERROR: Finished searching memory - not enough space for allocation (45 bytes)
ERROR: Finished searching memory - not enough space for allocation (62 bytes)
ERROR: Finished searching memory - not enough space for allocation (53 bytes)
ERROR: Finished searching memory - not enough space for allocation (41 bytes)
ERROR: Finished searching memory - not enough space for allocation (24 bytes)
ERROR: Finished searching memory - not enough space for allocation (48 bytes)
ERROR: Finished searching memory - not enough space for allocation (4 bytes)
ERROR: Finished searching memory - not enough space for allocation (62 bytes)
ERROR: Finished searching memory - not enough space for allocation (53 bytes)
ERROR: Finished searching memory - not enough space for allocation (58 bytes)
ERROR: Finished searching memory - not enough space for allocation (31 bytes)
ERROR: Finished searching memory - not enough space for allocation (53 bytes)
ERROR: Finished searching memory - not enough space for allocation (63 bytes)
ERROR: Finished searching memory - not enough space for allocation (39 bytes)
ERROR: Finished searching memory - not enough space for allocation (26 bytes)
ERROR: Finished searching memory - not enough space for allocation (31 bytes)
ERROR: Finished searching memory - not enough space for allocation (28 bytes)
ERROR: Finished searching memory - not enough space for allocation (18 bytes)
ERROR: Finished searching memory - not enough space for allocation (9 bytes)
ERROR: Finished searching memory - not enough space for allocation (18 bytes)
ERROR: Finished searching memory - not enough space for allocation (37 bytes)
ERROR: Finished searching memory - not enough space for allocation (26 bytes)
ERROR: Finished searching memory - not enough space for allocation (18 bytes)
ERROR: Finished searching memory - not enough space for allocation (62 bytes)
ERROR: Finished searching memory - not enough space for allocation (32 bytes)
ERROR: Finished searching memory - not enough space for allocation (18 bytes)
ERROR: Finished searching memory - not enough space for allocation (62 bytes)
ERROR: Finished searching memory - not enough space for allocation (56 bytes)
ERROR: Finished searching memory - not enough space for allocation (59 bytes)
ERROR: Finished searching memory - not enough space for allocation (61 bytes)
ERROR: Finished searching memory - not enough space for allocation (58 bytes)
ERROR: Finished searching memory - not enough space for allocation (24 bytes)
ERROR: Finished searching memory - not enough space for allocation (27 bytes)
ERROR: Finished searching memory - not enough space for allocation (18 bytes)
ERROR: Finished searching memory - not enough space for allocation (59 bytes)
ERROR: Finished searching memory - not enough space for allocation (9 bytes)
ERROR: Finished searching memory - not enough space for allocation (46 bytes)
ERROR: Finished searching memory - not enough space for allocation (40 bytes)
ERROR: Finished searching memory - not enough space for allocation (34 bytes)
ERROR: Finished searching memory - not enough space for allocation (60 bytes)
ERROR: Finished searching memory - not enough space for allocation (47 bytes)
ERROR: Finished searching memory - not enough space for allocation (50 bytes)
ERROR: Finished searching memory - not enough space for allocation (49 bytes)
ERROR: Finished searching memory - not enough space for allocation (54 bytes)
ERROR: Finished searching memory - not enough space for allocation (55 bytes)
ERROR: Finished searching memory - not enough space for allocation (47 bytes)
ERROR: Finished searching memory - not enough space for allocation (9 bytes)
ERROR: Finished searching memory - not enough space for allocation (34 bytes)
ERROR: Finished searching memory - not enough space for allocation (33 bytes)
ERROR: Finished searching memory - not enough space for allocation (33 bytes)
ERROR: Finished searching memory - not enough space for allocation (24 bytes)
ERROR: Finished searching memory - not enough space for allocation (18 bytes)
ERROR: Finished searching memory - not enough space for allocation (64 bytes)
ERROR: Finished searching memory - not enough space for allocation (56 bytes)
ERROR: Finished searching memory - not enough space for allocation (46 bytes)
ERROR: Finished searching memory - not enough space for allocation (62 bytes)
ERROR: Finished searching memory - not enough space for allocation (18 bytes)
ERROR: Finished searching memory - not enough space for allocation (19 bytes)
ERROR: Finished searching memory - not enough space for allocation (40 bytes)
ERROR: Finished searching memory - not enough space for allocation (40 bytes)
ERROR: Finished searching memory - not enough space for allocation (39 bytes)
ERROR: Finished searching memory - not enough space for allocation (45 bytes)
ERROR: Finished searching memory - not enough space for allocation (41 bytes)
ERROR: Finished searching memory - not enough space for allocation (41 bytes)
ERROR: Finished searching memory - not enough space for allocation (60 bytes)
ERROR: Finished searching memory - not enough space for allocation (39 bytes)
ERROR: Finished searching memory - not enough space for allocation (39 bytes)
ERROR: Finished searching memory - not enough space for allocation (52 bytes)
ERROR: Finished searching memory - not enough space for allocation (20 bytes)
ERROR: Finished searching memory - not enough space for allocation (11 bytes)
ERROR: Finished searching memory - not enough space for allocation (53 bytes)
ERROR: Finished searching memory - not enough space for allocation (15 bytes)
ERROR: Finished searching memory - not enough space for allocation (16 bytes)
ERROR: Finished searching memory - not enough space for allocation (19 bytes)
ERROR: Finished searching memory - not enough space for allocation (15 bytes)
ERROR: Finished searching memory - not enough space for allocation (45 bytes)
ERROR: Finished searching memory - not enough space for allocation (17 bytes)
ERROR: Finished searching memory - not enough space for allocation (19 bytes)
ERROR: Finished searching memory - not enough space for allocation (8 bytes)
ERROR: Finished searching memory - not enough space for allocation (53 bytes)
ERROR: Finished searching memory - not enough space for allocation (56 bytes)
ERROR: Finished searching memory - not enough space for allocation (56 bytes)
ERROR: Finished searching memory - not enough space for allocation (34 bytes)
ERROR: Finished searching memory - not enough space for allocation (49 bytes)
ERROR: Finished searching memory - not enough space for allocation (17 bytes)
ERROR: Finished searching memory - not enough space for allocation (56 bytes)
ERROR: Finished searching memory - not enough space for allocation (18 bytes)
ERROR: Finished searching memory - not enough space for allocation (27 bytes)
ERROR: Finished searching memory - not enough space for allocation (9 bytes)
ERROR: Finished searching memory - not enough space for allocation (22 bytes)
ERROR: Finished searching memory - not enough space for allocation (44 bytes)
ERROR: Finished searching memory - not enough space for allocation (20 bytes)
ERROR: Finished searching memory - not enough space for allocation (49 bytes)
ERROR: Finished searching memory - not enough space for allocation (28 bytes)
ERROR: Finished searching memory - not enough space for allocation (28 bytes)
ERROR: Finished searching memory - not enough space for allocation (39 bytes)
ERROR: Finished searching memory - not enough space for allocation (63 bytes)
ERROR: Finished searching memory - not enough space for allocation (63 bytes)
ERROR: Finished searching memory - not enough space for allocation (53 bytes)
ERROR: Finished searching memory - not enough space for allocation (20 bytes)
ERROR: Finished searching memory - not enough space for allocation (20 bytes)
ERROR: Finished searching memory - not enough space for allocation (32 bytes)
ERROR: Finished searching memory - not enough space for allocation (8 bytes)
ERROR: Finished searching memory - not enough space for allocation (50 bytes)
ERROR: Finished searching memory - not enough space for allocation (34 bytes)
ERROR: Finished searching memory - not enough space for allocation (42 bytes)
ERROR: Finished searching memory - not enough space for allocation (54 bytes)
ERROR: Finished searching memory - not enough space for allocation (17 bytes)
ERROR: Finished searching memory - not enough space for allocation (4 bytes)
ERROR: Finished searching memory - not enough space for allocation (8 bytes)
ERROR: Finished searching memory - not enough space for allocation (16 bytes)
ERROR: Finished searching memory - not enough space for allocation (24 bytes)
ERROR: Finished searching memory - not enough space for allocation (53 bytes)
ERROR: Finished searching memory - not enough space for allocation (35 bytes)
ERROR: Finished searching memory - not enough space for allocation (58 bytes)
ERROR: Finished searching memory - not enough space for allocation (15 bytes)
ERROR: Finished searching memory - not enough space for allocation (59 bytes)
ERROR: Finished searching memory - not enough space for allocation (15 bytes)
ERROR: Finished searching memory - not enough space for allocation (37 bytes)
ERROR: Finished searching memory - not enough space for allocation (27 bytes)
ERROR: Finished searching memory - not enough space for allocation (41 bytes)
ERROR: Finished searching memory - not enough space for allocation (16 bytes)
ERROR: Finished searching memory - not enough space for allocation (42 bytes)
ERROR: Finished searching memory - not enough space for allocation (37 bytes)
ERROR: Finished searching memory - not enough space for allocation (32 bytes)
ERROR: Finished searching memory - not enough space for allocation (29 bytes)
ERROR: Finished searching memory - not enough space for allocation (60 bytes)
ERROR: Finished searching memory - not enough space for allocation (56 bytes)
ERROR: Finished searching memory - not enough space for allocation (31 bytes)
ERROR: Finished searching memory - not enough space for allocation (36 bytes)
ERROR: Finished searching memory - not enough space for allocation (27 bytes)
ERROR: Finished searching memory - not enough space for allocation (35 bytes)
ERROR: Finished searching memory - not enough space for allocation (36 bytes)
ERROR: Finished searching memory - not enough space for allocation (22 bytes)
ERROR: Finished searching memory - not enough space for allocation (56 bytes)
ERROR: Finished searching memory - not enough space for allocation (18 bytes)
ERROR: Finished searching memory - not enough space for allocation (38 bytes)
ERROR: Finished searching memory - not enough space for allocation (52 bytes)
ERROR: Finished searching memory - not enough space for allocation (55 bytes)
ERROR: Finished searching memory - not enough space for allocation (64 bytes)
ERROR: Finished searching memory - not enough space for allocation (50 bytes)
ERROR: Finished searching memory - not enough space for allocation (36 bytes)
ERROR: Finished searching memory - not enough space for allocation (26 bytes)
ERROR: Finished searching memory - not enough space for allocation (32 bytes)
ERROR: Finished searching memory - not enough space for allocation (24 bytes)
ERROR: Finished searching memory - not enough space for allocation (44 bytes)
ERROR: Finished searching memory - not enough space for allocation (29 bytes)
ERROR: Finished searching memory - not enough space for allocation (51 bytes)
ERROR: Finished searching memory - not enough space for allocation (55 bytes)
ERROR: Finished searching memory - not enough space for allocation (51 bytes)
ERROR: Finished searching memory - not enough space for allocation (30 bytes)
ERROR: Finished searching memory - not enough space for allocation (33 bytes)
ERROR: Finished searching memory - not enough space for allocation (18 bytes)
ERROR: Finished searching memory - not enough space for allocation (32 bytes)
ERROR: Finished searching memory - not enough space for allocation (46 bytes)
ERROR: Finished searching memory - not enough space for allocation (33 bytes)
ERROR: Finished searching memory - not enough space for allocation (24 bytes)
ERROR: Finished searching memory - not enough space for allocation (24 bytes)
ERROR: Finished searching memory - not enough space for allocation (31 bytes)
ERROR: Finished searching memory - not enough space for allocation (40 bytes)
ERROR: Finished searching memory - not enough space for allocation (37 bytes)
ERROR: Finished searching memory - not enough space for allocation (11 bytes)
ERROR: Finished searching memory - not enough space for allocation (45 bytes)
ERROR: Finished searching memory - not enough space for allocation (42 bytes)
ERROR: Finished searching memory - not enough space for allocation (58 bytes)
ERROR: Finished searching memory - not enough space for allocation (17 bytes)
ERROR: Finished searching memory - not enough space for allocation (58 bytes)
ERROR: Finished searching memory - not enough space for allocation (24 bytes)
ERROR: Finished searching memory - not enough space for allocation (63 bytes)
ERROR: Finished searching memory - not enough space for allocation (62 bytes)
ERROR: Finished searching memory - not enough space for allocation (55 bytes)
ERROR: Finished searching memory - not enough space for allocation (56 bytes)
ERROR: Finished searching memory - not enough space for allocation (39 bytes)
ERROR: Finished searching memory - not enough space for allocation (49 bytes)
ERROR: Finished searching memory - not enough space for allocation (58 bytes)
ERROR: Finished searching memory - not enough space for allocation (56 bytes)
ERROR: Finished searching memory - not enough space for allocation (37 bytes)
ERROR: Finished searching memory - not enough space for allocation (47 bytes)
ERROR: Finished searching memory - not enough space for allocation (50 bytes)
ERROR: Finished searching memory - not enough space for allocation (53 bytes)
ERROR: Finished searching memory - not enough space for allocation (38 bytes)
ERROR: Finished searching memory - not enough space for allocation (48 bytes)
ERROR: Finished searching memory - not enough space for allocation (62 bytes)
ERROR: Finished searching memory - not enough space for allocation (27 bytes)
ERROR: Finished searching memory - not enough space for allocation (8 bytes)
ERROR: Finished searching memory - not enough space for allocation (19 bytes)
ERROR: Finished searching memory - not enough space for allocation (45 bytes)
ERROR: Finished searching memory - not enough space for allocation (33 bytes)
ERROR: Finished searching memory - not enough space for allocation (28 bytes)
ERROR: Finished searching memory - not enough space for allocation (51 bytes)
ERROR: Finished searching memory - not enough space for allocation (55 bytes)
ERROR: Finished searching memory - not enough space for allocation (36 bytes)
ERROR: Finished searching memory - not enough space for allocation (24 bytes)
ERROR: Finished searching memory - not enough space for allocation (52 bytes)
ERROR: Finished searching memory - not enough space for allocation (31 bytes)
ERROR: Finished searching memory - not enough space for allocation (31 bytes)
ERROR: Finished searching memory - not enough space for allocation (41 bytes)
ERROR: Finished searching memory - not enough space for allocation (28 bytes)
ERROR: Finished searching memory - not enough space for allocation (40 bytes)
ERROR: Finished searching memory - not enough space for allocation (51 bytes)
ERROR: Finished searching memory - not enough space for allocation (20 bytes)
ERROR: Finished searching memory - not enough space for allocation (63 bytes)
ERROR: Finished searching memory - not enough space for allocation (15 bytes)
ERROR: Finished searching memory - not enough space for allocation (32 bytes)
ERROR: Finished searching memory - not enough space for allocation (48 bytes)
ERROR: Finished searching memory - not enough space for allocation (60 bytes)
ERROR: Finished searching memory - not enough space for allocation (50 bytes)
ERROR: Finished searching memory - not enough space for allocation (62 bytes)
ERROR: Finished searching memory - not enough space for allocation (36 bytes)
ERROR: Finished searching memory - not enough space for allocation (59 bytes)
ERROR: Finished searching memory - not enough space for allocation (49 bytes)
ERROR: Finished searching memory - not enough space for allocation (62 bytes)
ERROR: Finished searching memory - not enough space for allocation (50 bytes)
ERROR: Finished searching memory - not enough space for allocation (36 bytes)
ERROR: Finished searching memory - not enough space for allocation (59 bytes)
ERROR: Finished searching memory - not enough space for allocation (28 bytes)
ERROR: Finished searching memory - not enough space for allocation (36 bytes)
ERROR: Finished searching memory - not enough space for allocation (48 bytes)
ERROR: Finished searching memory - not enough space for allocation (39 bytes)
ERROR: Finished searching memory - not enough space for allocation (53 bytes)
ERROR: Finished searching memory - not enough space for allocation (47 bytes)
ERROR: Finished searching memory - not enough space for allocation (50 bytes)
ERROR: Finished searching memory - not enough space for allocation (9 bytes)
ERROR: Finished searching memory - not enough space for allocation (51 bytes)
ERROR: Finished searching memory - not enough space for allocation (50 bytes)
ERROR: Finished searching memory - not enough space for allocation (59 bytes)
ERROR: Finished searching memory - not enough space for allocation (41 bytes)
ERROR: Finished searching memory - not enough space for allocation (54 bytes)
ERROR: Finished searching memory - not enough space for allocation (37 bytes)
ERROR: Finished searching memory - not enough space for allocation (34 bytes)
ERROR: Finished searching memory - not enough space for allocation (41 bytes)
ERROR: Finished searching memory - not enough space for allocation (52 bytes)
ERROR: Finished searching memory - not enough space for allocation (35 bytes)
ERROR: Finished searching memory - not enough space for allocation (61 bytes)
ERROR: Finished searching memory - not enough space for allocation (41 bytes)
ERROR: Finished searching memory - not enough space for allocation (28 bytes)
ERROR: Finished searching memory - not enough space for allocation (9 bytes)
ERROR: Finished searching memory - not enough space for allocation (9 bytes)
ERROR: Finished searching memory - not enough space for allocation (44 bytes)
ERROR: Finished searching memory - not enough space for allocation (22 bytes)
ERROR: Finished searching memory - not enough space for allocation (37 bytes)
ERROR: Finished searching memory - not enough space for allocation (37 bytes)
ERROR: Finished searching memory - not enough space for allocation (29 bytes)
ERROR: Finished searching memory - not enough space for allocation (27 bytes)
ERROR: Finished searching memory - not enough space for allocation (4 bytes)
ERROR: Finished searching memory - not enough space for allocation (15 bytes)
ERROR: Finished searching memory - not enough space for allocation (20 bytes)
ERROR: Finished searching memory - not enough space for allocation (22 bytes)
ERROR: Finished searching memory - not enough space for allocation (54 bytes)
ERROR: Finished searching memory - not enough space for allocation (11 bytes)
ERROR: Finished searching memory - not enough space for allocation (57 bytes)
ERROR: Finished searching memory - not enough space for allocation (58 bytes)
ERROR: Finished searching memory - not enough space for allocation (16 bytes)
ERROR: Finished searching memory - not enough space for allocation (28 bytes)
ERROR: Finished searching memory - not enough space for allocation (22 bytes)
ERROR: Finished searching memory - not enough space for allocation (44 bytes)
ERROR: Finished searching memory - not enough space for allocation (64 bytes)
ERROR: Finished searching memory - not enough space for allocation (45 bytes)
ERROR: Finished searching memory - not enough space for allocation (18 bytes)
ERROR: Finished searching memory - not enough space for allocation (29 bytes)
ERROR: Finished searching memory - not enough space for allocation (51 bytes)
ERROR: Finished searching memory - not enough space for allocation (50 bytes)
ERROR: Finished searching memory - not enough space for allocation (9 bytes)
ERROR: Finished searching memory - not enough space for allocation (47 bytes)
ERROR: Finished searching memory - not enough space for allocation (36 bytes)
ERROR: Finished searching memory - not enough space for allocation (11 bytes)
ERROR: Finished searching memory - not enough space for allocation (15 bytes)
ERROR: Finished searching memory - not enough space for allocation (36 bytes)
ERROR: Finished searching memory - not enough space for allocation (18 bytes)
ERROR: Finished searching memory - not enough space for allocation (19 bytes)
ERROR: Finished searching memory - not enough space for allocation (15 bytes)
ERROR: Finished searching memory - not enough space for allocation (60 bytes)
ERROR: Finished searching memory - not enough space for allocation (15 bytes)
ERROR: Finished searching memory - not enough space for allocation (39 bytes)
ERROR: Finished searching memory - not enough space for allocation (31 bytes)
ERROR: Finished searching memory - not enough space for allocation (50 bytes)
ERROR: Finished searching memory - not enough space for allocation (59 bytes)
ERROR: Finished searching memory - not enough space for allocation (19 bytes)
ERROR: Finished searching memory - not enough space for allocation (51 bytes)
ERROR: Finished searching memory - not enough space for allocation (54 bytes)
ERROR: Finished searching memory - not enough space for allocation (57 bytes)
ERROR: Finished searching memory - not enough space for allocation (54 bytes)
ERROR: Finished searching memory - not enough space for allocation (39 bytes)
ERROR: Finished searching memory - not enough space for allocation (50 bytes)
ERROR: Finished searching memory - not enough space for allocation (62 bytes)
ERROR: Finished searching memory - not enough space for allocation (17 bytes)
ERROR: Finished searching memory - not enough space for allocation (33 bytes)
ERROR: Finished searching memory - not enough space for allocation (26 bytes)
ERROR: Finished searching memory - not enough space for allocation (22 bytes)
ERROR: Finished searching memory - not enough space for allocation (29 bytes)
ERROR: Finished searching memory - not enough space for allocation (60 bytes)
ERROR: Finished searching memory - not enough space for allocation (56 bytes)
ERROR: Finished searching memory - not enough space for allocation (64 bytes)
ERROR: Finished searching memory - not enough space for allocation (20 bytes)
ERROR: Finished searching memory - not enough space for allocation (56 bytes)
ERROR: Finished searching memory - not enough space for allocation (20 bytes)
ERROR: Finished searching memory - not enough space for allocation (32 bytes)
ERROR: Finished searching memory - not enough space for allocation (44 bytes)
ERROR: Finished searching memory - not enough space for allocation (63 bytes)
ERROR: Finished searching memory - not enough space for allocation (34 bytes)
ERROR: Finished searching memory - not enough space for allocation (35 bytes)
ERROR: Finished searching memory - not enough space for allocation (53 bytes)
ERROR: Finished searching memory - not enough space for allocation (34 bytes)
ERROR: Finished searching memory - not enough space for allocation (29 bytes)
ERROR: Finished searching memory - not enough space for allocation (43 bytes)
ERROR: Finished searching memory - not enough space for allocation (35 bytes)
ERROR: Finished searching memory - not enough space for allocation (46 bytes)
ERROR: Finished searching memory - not enough space for allocation (8 bytes)
ERROR: Finished searching memory - not enough space for allocation (35 bytes)
ERROR: Finished searching memory - not enough space for allocation (64 bytes)
ERROR: Finished searching memory - not enough space for allocation (49 bytes)
ERROR: Finished searching memory - not enough space for allocation (39 bytes)
ERROR: Finished searching memory - not enough space for allocation (61 bytes)
ERROR: Finished searching memory - not enough space for allocation (29 bytes)
ERROR: Finished searching memory - not enough space for allocation (29 bytes)
ERROR: Finished searching memory - not enough space for allocation (16 bytes)
ERROR: Finished searching memory - not enough space for allocation (44 bytes)
ERROR: Finished searching memory - not enough space for allocation (38 bytes)
ERROR: Finished searching memory - not enough space for allocation (38 bytes)
ERROR: Finished searching memory - not enough space for allocation (41 bytes)
ERROR: Finished searching memory - not enough space for allocation (48 bytes)
ERROR: Finished searching memory - not enough space for allocation (48 bytes)
ERROR: Finished searching memory - not enough space for allocation (18 bytes)
ERROR: Finished searching memory - not enough space for allocation (41 bytes)
ERROR: Finished searching memory - not enough space for allocation (9 bytes)
ERROR: Finished searching memory - not enough space for allocation (42 bytes)
ERROR: Finished searching memory - not enough space for allocation (19 bytes)
ERROR: Finished searching memory - not enough space for allocation (48 bytes)
ERROR: Finished searching memory - not enough space for allocation (30 bytes)
ERROR: Finished searching memory - not enough space for allocation (56 bytes)
ERROR: Finished searching memory - not enough space for allocation (20 bytes)
ERROR: Finished searching memory - not enough space for allocation (15 bytes)
ERROR: Finished searching memory - not enough space for allocation (64 bytes)
ERROR: Finished searching memory - not enough space for allocation (4 bytes)
ERROR: Finished searching memory - not enough space for allocation (26 bytes)
ERROR: Finished searching memory - not enough space for allocation (22 bytes)
ERROR: Finished searching memory - not enough space for allocation (37 bytes)
ERROR: Finished searching memory - not enough space for allocation (34 bytes)
ERROR: Finished searching memory - not enough space for allocation (54 bytes)
ERROR: Finished searching memory - not enough space for allocation (61 bytes)
ERROR: Finished searching memory - not enough space for allocation (9 bytes)
ERROR: Finished searching memory - not enough space for allocation (58 bytes)
ERROR: Finished searching memory - not enough space for allocation (62 bytes)
ERROR: Finished searching memory - not enough space for allocation (18 bytes)
ERROR: Finished searching memory - not enough space for allocation (9 bytes)
ERROR: Finished searching memory - not enough space for allocation (32 bytes)
ERROR: Finished searching memory - not enough space for allocation (51 bytes)
ERROR: Finished searching memory - not enough space for allocation (42 bytes)
ERROR: Finished searching memory - not enough space for allocation (37 bytes)
ERROR: Finished searching memory - not enough space for allocation (9 bytes)
ERROR: Finished searching memory - not enough space for allocation (22 bytes)
ERROR: Finished searching memory - not enough space for allocation (61 bytes)
ERROR: Finished searching memory - not enough space for allocation (32 bytes)
ERROR: Finished searching memory - not enough space for allocation (31 bytes)
ERROR: Finished searching memory - not enough space for allocation (38 bytes)
ERROR: Finished searching memory - not enough space for allocation (32 bytes)
ERROR: Finished searching memory - not enough space for allocation (19 bytes)
ERROR: Finished searching memory - not enough space for allocation (31 bytes)
ERROR: Finished searching memory - not enough space for allocation (35 bytes)
ERROR: Finished searching memory - not enough space for allocation (55 bytes)
ERROR: Finished searching memory - not enough space for allocation (49 bytes)
ERROR: Finished searching memory - not enough space for allocation (16 bytes)
ERROR: Finished searching memory - not enough space for allocation (18 bytes)
ERROR: Finished searching memory - not enough space for allocation (31 bytes)
ERROR: Finished searching memory - not enough space for allocation (59 bytes)
ERROR: Finished searching memory - not enough space for allocation (15 bytes)
ERROR: Finished searching memory - not enough space for allocation (42 bytes)
ERROR: Finished searching memory - not enough space for allocation (49 bytes)
ERROR: Finished searching memory - not enough space for allocation (44 bytes)
ERROR: Finished searching memory - not enough space for allocation (16 bytes)
ERROR: Finished searching memory - not enough space for allocation (40 bytes)
ERROR: Finished searching memory - not enough space for allocation (15 bytes)
ERROR: Finished searching memory - not enough space for allocation (46 bytes)
ERROR: Finished searching memory - not enough space for allocation (32 bytes)
ERROR: Finished searching memory - not enough space for allocation (33 bytes)
ERROR: Finished searching memory - not enough space for allocation (26 bytes)
ERROR: Finished searching memory - not enough space for allocation (64 bytes)
ERROR: Finished searching memory - not enough space for allocation (18 bytes)
ERROR: Finished searching memory - not enough space for allocation (58 bytes)
ERROR: Finished searching memory - not enough space for allocation (24 bytes)
ERROR: Finished searching memory - not enough space for allocation (54 bytes)
ERROR: Finished searching memory - not enough space for allocation (47 bytes)
ERROR: Finished searching memory - not enough space for allocation (39 bytes)
ERROR: Finished searching memory - not enough space for allocation (61 bytes)
ERROR: Finished searching memory - not enough space for allocation (50 bytes)
ERROR: Finished searching memory - not enough space for allocation (20 bytes)
ERROR: Finished searching memory - not enough space for allocation (9 bytes)
ERROR: Finished searching memory - not enough space for allocation (27 bytes)
ERROR: Finished searching memory - not enough space for allocation (28 bytes)
ERROR: Finished searching memory - not enough space for allocation (44 bytes)
ERROR: Finished searching memory - not enough space for allocation (56 bytes)
ERROR: Finished searching memory - not enough space for allocation (4 bytes)
ERROR: Finished searching memory - not enough space for allocation (46 bytes)
ERROR: Finished searching memory - not enough space for allocation (48 bytes)
ERROR: Finished searching memory - not enough space for allocation (24 bytes)
ERROR: Finished searching memory - not enough space for allocation (19 bytes)
ERROR: Finished searching memory - not enough space for allocation (34 bytes)
ERROR: Finished searching memory - not enough space for allocation (64 bytes)
ERROR: Finished searching memory - not enough space for allocation (28 bytes)
ERROR: Finished searching memory - not enough space for allocation (48 bytes)
ERROR: Finished searching memory - not enough space for allocation (60 bytes)
ERROR: Finished searching memory - not enough space for allocation (58 bytes)
ERROR: Finished searching memory - not enough space for allocation (55 bytes)
ERROR: Finished searching memory - not enough space for allocation (20 bytes)
ERROR: Finished searching memory - not enough space for allocation (39 bytes)
ERROR: Finished searching memory - not enough space for allocation (24 bytes)
ERROR: Finished searching memory - not enough space for allocation (15 bytes)
ERROR: Finished searching memory - not enough space for allocation (48 bytes)
ERROR: Finished searching memory - not enough space for allocation (54 bytes)
ERROR: Finished searching memory - not enough space for allocation (46 bytes)
ERROR: Finished searching memory - not enough space for allocation (45 bytes)
ERROR: Finished searching memory - not enough space for allocation (59 bytes)
ERROR: Finished searching memory - not enough space for allocation (19 bytes)
ERROR: Finished searching memory - not enough space for allocation (41 bytes)
ERROR: Finished searching memory - not enough space for allocation (24 bytes)
ERROR: Finished searching memory - not enough space for allocation (29 bytes)
ERROR: Finished searching memory - not enough space for allocation (36 bytes)
ERROR: Finished searching memory - not enough space for allocation (50 bytes)
ERROR: Finished searching memory - not enough space for allocation (31 bytes)
ERROR: Finished searching memory - not enough space for allocation (18 bytes)
ERROR: Finished searching memory - not enough space for allocation (62 bytes)
ERROR: Finished searching memory - not enough space for allocation (34 bytes)
ERROR: Finished searching memory - not enough space for allocation (53 bytes)
ERROR: Finished searching memory - not enough space for allocation (45 bytes)
ERROR: Finished searching memory - not enough space for allocation (29 bytes)
ERROR: Finished searching memory - not enough space for allocation (20 bytes)
ERROR: Finished searching memory - not enough space for allocation (39 bytes)
ERROR: Finished searching memory - not enough space for allocation (49 bytes)
ERROR: Finished searching memory - not enough space for allocation (26 bytes)
ERROR: Finished searching memory - not enough space for allocation (62 bytes)
ERROR: Finished searching memory - not enough space for allocation (17 bytes)
ERROR: Finished searching memory - not enough space for allocation (26 bytes)
ERROR: Finished searching memory - not enough space for allocation (48 bytes)
ERROR: Finished searching memory - not enough space for allocation (33 bytes)
ERROR: Finished searching memory - not enough space for allocation (16 bytes)
ERROR: Finished searching memory - not enough space for allocation (34 bytes)
ERROR: Finished searching memory - not enough space for allocation (57 bytes)
ERROR: Finished searching memory - not enough space for allocation (51 bytes)
ERROR: Finished searching memory - not enough space for allocation (51 bytes)
ERROR: Finished searching memory - not enough space for allocation (55 bytes)
ERROR: Finished searching memory - not enough space for allocation (61 bytes)
ERROR: Finished searching memory - not enough space for allocation (45 bytes)
ERROR: Finished searching memory - not enough space for allocation (28 bytes)
ERROR: Finished searching memory - not enough space for allocation (62 bytes)
ERROR: Finished searching memory - not enough space for allocation (63 bytes)
ERROR: Finished searching memory - not enough space for allocation (36 bytes)
ERROR: Finished searching memory - not enough space for allocation (11 bytes)
ERROR: Finished searching memory - not enough space for allocation (19 bytes)
ERROR: Finished searching memory - not enough space for allocation (4 bytes)
ERROR: Finished searching memory - not enough space for allocation (20 bytes)
ERROR: Finished searching memory - not enough space for allocation (52 bytes)
ERROR: Finished searching memory - not enough space for allocation (32 bytes)
ERROR: Finished searching memory - not enough space for allocation (61 bytes)
ERROR: Finished searching memory - not enough space for allocation (26 bytes)
ERROR: Finished searching memory - not enough space for allocation (26 bytes)
ERROR: Finished searching memory - not enough space for allocation (52 bytes)
ERROR: Finished searching memory - not enough space for allocation (50 bytes)
ERROR: Finished searching memory - not enough space for allocation (26 bytes)
ERROR: Finished searching memory - not enough space for allocation (24 bytes)
ERROR: Finished searching memory - not enough space for allocation (61 bytes)
ERROR: Finished searching memory - not enough space for allocation (60 bytes)
ERROR: Finished searching memory - not enough space for allocation (36 bytes)
ERROR: Finished searching memory - not enough space for allocation (54 bytes)
ERROR: Finished searching memory - not enough space for allocation (22 bytes)
ERROR: Finished searching memory - not enough space for allocation (15 bytes)
ERROR: Finished searching memory - not enough space for allocation (47 bytes)
ERROR: Finished searching memory - not enough space for allocation (42 bytes)
ERROR: Finished searching memory - not enough space for allocation (28 bytes)
ERROR: Finished searching memory - not enough space for allocation (64 bytes)
ERROR: Finished searching memory - not enough space for allocation (30 bytes)
ERROR: Finished searching memory - not enough space for allocation (52 bytes)
ERROR: Finished searching memory - not enough space for allocation (32 bytes)
ERROR: Finished searching memory - not enough space for allocation (48 bytes)
ERROR: Finished searching memory - not enough space for allocation (15 bytes)
ERROR: Finished searching memory - not enough space for allocation (28 bytes)
ERROR: Finished searching memory - not enough space for allocation (53 bytes)
ERROR: Finished searching memory - not enough space for allocation (44 bytes)
ERROR: Finished searching memory - not enough space for allocation (49 bytes)
ERROR: Finished searching memory - not enough space for allocation (22 bytes)
ERROR: Finished searching memory - not enough space for allocation (19 bytes)
ERROR: Finished searching memory - not enough space for allocation (40 bytes)
ERROR: Finished searching memory - not enough space for allocation (20 bytes)
ERROR: Finished searching memory - not enough space for allocation (63 bytes)
ERROR: Finished searching memory - not enough space for allocation (33 bytes)
ERROR: Finished searching memory - not enough space for allocation (51 bytes)
ERROR: Finished searching memory - not enough space for allocation (15 bytes)
ERROR: Finished searching memory - not enough space for allocation (48 bytes)
ERROR: Finished searching memory - not enough space for allocation (29 bytes)
ERROR: Finished searching memory - not enough space for allocation (56 bytes)
ERROR: Finished searching memory - not enough space for allocation (37 bytes)
ERROR: Finished searching memory - not enough space for allocation (36 bytes)
ERROR: Finished searching memory - not enough space for allocation (60 bytes)
ERROR: Finished searching memory - not enough space for allocation (24 bytes)
ERROR: Finished searching memory - not enough space for allocation (16 bytes)
ERROR: Finished searching memory - not enough space for allocation (44 bytes)
ERROR: Finished searching memory - not enough space for allocation (63 bytes)
ERROR: Finished searching memory - not enough space for allocation (42 bytes)
ERROR: Finished searching memory - not enough space for allocation (4 bytes)
ERROR: Finished searching memory - not enough space for allocation (62 bytes)
ERROR: Finished searching memory - not enough space for allocation (43 bytes)
ERROR: Finished searching memory - not enough space for allocation (42 bytes)
ERROR: Finished searching memory - not enough space for allocation (61 bytes)
ERROR: Finished searching memory - not enough space for allocation (54 bytes)
ERROR: Finished searching memory - not enough space for allocation (53 bytes)
ERROR: Finished searching memory - not enough space for allocation (56 bytes)
ERROR: Finished searching memory - not enough space for allocation (8 bytes)
ERROR: Finished searching memory - not enough space for allocation (8 bytes)
ERROR: Finished searching memory - not enough space for allocation (28 bytes)
ERROR: Finished searching memory - not enough space for allocation (44 bytes)
ERROR: Finished searching memory - not enough space for allocation (47 bytes)
ERROR: Finished searching memory - not enough space for allocation (28 bytes)
ERROR: Finished searching memory - not enough space for allocation (52 bytes)
ERROR: Finished searching memory - not enough space for allocation (56 bytes)
ERROR: Finished searching memory - not enough space for allocation (35 bytes)
ERROR: Finished searching memory - not enough space for allocation (43 bytes)
ERROR: Finished searching memory - not enough space for allocation (53 bytes)
ERROR: Finished searching memory - not enough space for allocation (52 bytes)
ERROR: Finished searching memory - not enough space for allocation (64 bytes)
ERROR: Finished searching memory - not enough space for allocation (42 bytes)
ERROR: Finished searching memory - not enough space for allocation (29 bytes)
ERROR: Finished searching memory - not enough space for allocation (48 bytes)
ERROR: Finished searching memory - not enough space for allocation (55 bytes)
ERROR: Finished searching memory - not enough space for allocation (4 bytes)
ERROR: Finished searching memory - not enough space for allocation (48 bytes)
ERROR: Finished searching memory - not enough space for allocation (36 bytes)
ERROR: Finished searching memory - not enough space for allocation (28 bytes)
ERROR: Finished searching memory - not enough space for allocation (47 bytes)
ERROR: Finished searching memory - not enough space for allocation (44 bytes)
ERROR: Finished searching memory - not enough space for allocation (51 bytes)
ERROR: Finished searching memory - not enough space for allocation (44 bytes)
ERROR: Finished searching memory - not enough space for allocation (11 bytes)
ERROR: Finished searching memory - not enough space for allocation (58 bytes)
ERROR: Finished searching memory - not enough space for allocation (33 bytes)
ERROR: Finished searching memory - not enough space for allocation (41 bytes)
ERROR: Finished searching memory - not enough space for allocation (36 bytes)
ERROR: Finished searching memory - not enough space for allocation (8 bytes)
ERROR: Finished searching memory - not enough space for allocation (20 bytes)
ERROR: Finished searching memory - not enough space for allocation (42 bytes)
ERROR: Finished searching memory - not enough space for allocation (18 bytes)
ERROR: Finished searching memory - not enough space for allocation (53 bytes)
ERROR: Finished searching memory - not enough space for allocation (50 bytes)
ERROR: Finished searching memory - not enough space for allocation (8 bytes)
ERROR: Finished searching memory - not enough space for allocation (31 bytes)
ERROR: Finished searching memory - not enough space for allocation (53 bytes)
ERROR: Finished searching memory - not enough space for allocation (36 bytes)
ERROR: Finished searching memory - not enough space for allocation (56 bytes)
ERROR: Finished searching memory - not enough space for allocation (8 bytes)
ERROR: Finished searching memory - not enough space for allocation (28 bytes)
ERROR: Finished searching memory - not enough space for allocation (60 bytes)
ERROR: Finished searching memory - not enough space for allocation (27 bytes)
ERROR: Finished searching memory - not enough space for allocation (62 bytes)
ERROR: Finished searching memory - not enough space for allocation (27 bytes)
ERROR: Finished searching memory - not enough space for allocation (47 bytes)
ERROR: Finished searching memory - not enough space for allocation (62 bytes)
ERROR: Finished searching memory - not enough space for allocation (37 bytes)
ERROR: Finished searching memory - not enough space for allocation (62 bytes)
ERROR: Finished searching memory - not enough space for allocation (31 bytes)
ERROR: Finished searching memory - not enough space for allocation (28 bytes)
ERROR: Finished searching memory - not enough space for allocation (54 bytes)
ERROR: Finished searching memory - not enough space for allocation (38 bytes)
ERROR: Finished searching memory - not enough space for allocation (56 bytes)
ERROR: Finished searching memory - not enough space for allocation (15 bytes)
ERROR: Finished searching memory - not enough space for allocation (22 bytes)
ERROR: Finished searching memory - not enough space for allocation (49 bytes)
ERROR: Finished searching memory - not enough space for allocation (40 bytes)
ERROR: Finished searching memory - not enough space for allocation (57 bytes)
ERROR: Finished searching memory - not enough space for allocation (47 bytes)
ERROR: Finished searching memory - not enough space for allocation (62 bytes)
ERROR: Finished searching memory - not enough space for allocation (20 bytes)
ERROR: Finished searching memory - not enough space for allocation (48 bytes)
ERROR: Finished searching memory - not enough space for allocation (24 bytes)
ERROR: Finished searching memory - not enough space for allocation (61 bytes)
ERROR: Finished searching memory - not enough space for allocation (16 bytes)
ERROR: Finished searching memory - not enough space for allocation (32 bytes)
ERROR: Finished searching memory - not enough space for allocation (32 bytes)
ERROR: Finished searching memory - not enough space for allocation (48 bytes)
ERROR: Finished searching memory - not enough space for allocation (24 bytes)
ERROR: Finished searching memory - not enough space for allocation (60 bytes)
ERROR: Finished searching memory - not enough space for allocation (42 bytes)
ERROR: Finished searching memory - not enough space for allocation (37 bytes)
ERROR: Finished searching memory - not enough space for allocation (43 bytes)
ERROR: Finished searching memory - not enough space for allocation (15 bytes)
ERROR: Finished searching memory - not enough space for allocation (41 bytes)
ERROR: Finished searching memory - not enough space for allocation (61 bytes)
ERROR: Finished searching memory - not enough space for allocation (26 bytes)
ERROR: Finished searching memory - not enough space for allocation (56 bytes)
ERROR: Finished searching memory - not enough space for allocation (34 bytes)
ERROR: Finished searching memory - not enough space for allocation (48 bytes)
ERROR: Finished searching memory - not enough space for allocation (11 bytes)
ERROR: Finished searching memory - not enough space for allocation (46 bytes)
ERROR: Finished searching memory - not enough space for allocation (42 bytes)
ERROR: Finished searching memory - not enough space for allocation (56 bytes)
ERROR: Finished searching memory - not enough space for allocation (45 bytes)
ERROR: Finished searching memory - not enough space for allocation (57 bytes)
ERROR: Finished searching memory - not enough space for allocation (60 bytes)
ERROR: Finished searching memory - not enough space for allocation (32 bytes)
ERROR: Finished searching memory - not enough space for allocation (15 bytes)
ERROR: Finished searching memory - not enough space for allocation (53 bytes)
ERROR: Finished searching memory - not enough space for allocation (60 bytes)
ERROR: Finished searching memory - not enough space for allocation (40 bytes)
ERROR: Finished searching memory - not enough space for allocation (26 bytes)
ERROR: Finished searching memory - not enough space for allocation (37 bytes)
ERROR: Finished searching memory - not enough space for allocation (60 bytes)
ERROR: Finished searching memory - not enough space for allocation (46 bytes)
ERROR: Finished searching memory - not enough space for allocation (4 bytes)
ERROR: Finished searching memory - not enough space for allocation (24 bytes)
ERROR: Finished searching memory - not enough space for allocation (40 bytes)
ERROR: Finished searching memory - not enough space for allocation (39 bytes)
ERROR: Finished searching memory - not enough space for allocation (57 bytes)
ERROR: Finished searching memory - not enough space for allocation (33 bytes)
ERROR: Finished searching memory - not enough space for allocation (36 bytes)
ERROR: Finished searching memory - not enough space for allocation (15 bytes)
ERROR: Finished searching memory - not enough space for allocation (16 bytes)
ERROR: Finished searching memory - not enough space for allocation (61 bytes)
ERROR: Finished searching memory - not enough space for allocation (43 bytes)
ERROR: Finished searching memory - not enough space for allocation (56 bytes)
ERROR: Finished searching memory - not enough space for allocation (38 bytes)
ERROR: Finished searching memory - not enough space for allocation (32 bytes)
ERROR: Finished searching memory - not enough space for allocation (46 bytes)
ERROR: Finished searching memory - not enough space for allocation (62 bytes)
ERROR: Finished searching memory - not enough space for allocation (34 bytes)
ERROR: Finished searching memory - not enough space for allocation (58 bytes)
ERROR: Finished searching memory - not enough space for allocation (59 bytes)
ERROR: Finished searching memory - not enough space for allocation (36 bytes)
ERROR: Finished searching memory - not enough space for allocation (9 bytes)
ERROR: Finished searching memory - not enough space for allocation (29 bytes)
ERROR: Finished searching memory - not enough space for allocation (46 bytes)
ERROR: Finished searching memory - not enough space for allocation (42 bytes)
ERROR: Finished searching memory - not enough space for allocation (42 bytes)
ERROR: Finished searching memory - not enough space for allocation (18 bytes)
ERROR: Finished searching memory - not enough space for allocation (22 bytes)
ERROR: Finished searching memory - not enough space for allocation (50 bytes)
ERROR: Finished searching memory - not enough space for allocation (30 bytes)
ERROR: Finished searching memory - not enough space for allocation (61 bytes)
ERROR: Finished searching memory - not enough space for allocation (35 bytes)
ERROR: Finished searching memory - not enough space for allocation (18 bytes)
ERROR: Finished searching memory - not enough space for allocation (26 bytes)
ERROR: Finished searching memory - not enough space for allocation (32 bytes)
ERROR: Finished searching memory - not enough space for allocation (29 bytes)
ERROR: Finished searching memory - not enough space for allocation (11 bytes)
ERROR: Finished searching memory - not enough space for allocation (61 bytes)
ERROR: Finished searching memory - not enough space for allocation (27 bytes)
ERROR: Finished searching memory - not enough space for allocation (19 bytes)
ERROR: Finished searching memory - not enough space for allocation (57 bytes)
ERROR: Finished searching memory - not enough space for allocation (34 bytes)
ERROR: Finished searching memory - not enough space for allocation (18 bytes)
ERROR: Finished searching memory - not enough space for allocation (11 bytes)
ERROR: Finished searching memory - not enough space for allocation (53 bytes)
ERROR: Finished searching memory - not enough space for allocation (15 bytes)
ERROR: Finished searching memory - not enough space for allocation (37 bytes)
ERROR: Finished searching memory - not enough space for allocation (57 bytes)
ERROR: Finished searching memory - not enough space for allocation (55 bytes)
ERROR: Finished searching memory - not enough space for allocation (58 bytes)
ERROR: Finished searching memory - not enough space for allocation (59 bytes)
ERROR: Finished searching memory - not enough space for allocation (9 bytes)
ERROR: Finished searching memory - not enough space for allocation (63 bytes)
ERROR: Finished searching memory - not enough space for allocation (38 bytes)
ERROR: Finished searching memory - not enough space for allocation (40 bytes)
ERROR: Finished searching memory - not enough space for allocation (19 bytes)
ERROR: Finished searching memory - not enough space for allocation (39 bytes)
ERROR: Finished searching memory - not enough space for allocation (30 bytes)
ERROR: Finished searching memory - not enough space for allocation (50 bytes)
ERROR: Finished searching memory - not enough space for allocation (41 bytes)
ERROR: Finished searching memory - not enough space for allocation (40 bytes)
ERROR: Finished searching memory - not enough space for allocation (50 bytes)
ERROR: Finished searching memory - not enough space for allocation (17 bytes)
ERROR: Finished searching memory - not enough space for allocation (8 bytes)
ERROR: Finished searching memory - not enough space for allocation (48 bytes)
ERROR: Finished searching memory - not enough space for allocation (33 bytes)
ERROR: Finished searching memory - not enough space for allocation (26 bytes)
ERROR: Finished searching memory - not enough space for allocation (40 bytes)
ERROR: Finished searching memory - not enough space for allocation (51 bytes)
ERROR: Finished searching memory - not enough space for allocation (53 bytes)
ERROR: Finished searching memory - not enough space for allocation (45 bytes)
ERROR: Finished searching memory - not enough space for allocation (8 bytes)
ERROR: Finished searching memory - not enough space for allocation (63 bytes)
ERROR: Finished searching memory - not enough space for allocation (20 bytes)
ERROR: Finished searching memory - not enough space for allocation (22 bytes)
ERROR: Finished searching memory - not enough space for allocation (38 bytes)
ERROR: Finished searching memory - not enough space for allocation (8 bytes)
ERROR: Finished searching memory - not enough space for allocation (44 bytes)
ERROR: Finished searching memory - not enough space for allocation (35 bytes)
ERROR: Finished searching memory - not enough space for allocation (27 bytes)
ERROR: Finished searching memory - not enough space for allocation (35 bytes)
ERROR: Finished searching memory - not enough space for allocation (59 bytes)
ERROR: Finished searching memory - not enough space for allocation (36 bytes)
ERROR: Finished searching memory - not enough space for allocation (49 bytes)
ERROR: Finished searching memory - not enough space for allocation (29 bytes)
ERROR: Finished searching memory - not enough space for allocation (20 bytes)
ERROR: Finished searching memory - not enough space for allocation (46 bytes)
ERROR: Finished searching memory - not enough space for allocation (8 bytes)
ERROR: Finished searching memory - not enough space for allocation (27 bytes)
ERROR: Finished searching memory - not enough space for allocation (27 bytes)
ERROR: Finished searching memory - not enough space for allocation (63 bytes)
ERROR: Finished searching memory - not enough space for allocation (41 bytes)
ERROR: Finished searching memory - not enough space for allocation (16 bytes)
ERROR: Finished searching memory - not enough space for allocation (16 bytes)
ERROR: Finished searching memory - not enough space for allocation (42 bytes)
ERROR: Finished searching memory - not enough space for allocation (4 bytes)
ERROR: Finished searching memory - not enough space for allocation (44 bytes)
ERROR: Finished searching memory - not enough space for allocation (29 bytes)
ERROR: Finished searching memory - not enough space for allocation (11 bytes)
ERROR: Finished searching memory - not enough space for allocation (55 bytes)
ERROR: Finished searching memory - not enough space for allocation (63 bytes)
ERROR: Finished searching memory - not enough space for allocation (27 bytes)
ERROR: Finished searching memory - not enough space for allocation (58 bytes)
ERROR: Finished searching memory - not enough space for allocation (58 bytes)
ERROR: Finished searching memory - not enough space for allocation (11 bytes)
ERROR: Finished searching memory - not enough space for allocation (60 bytes)
ERROR: Finished searching memory - not enough space for allocation (4 bytes)
ERROR: Finished searching memory - not enough space for allocation (59 bytes)
ERROR: Finished searching memory - not enough space for allocation (53 bytes)
ERROR: Finished searching memory - not enough space for allocation (36 bytes)
ERROR: Finished searching memory - not enough space for allocation (47 bytes)
ERROR: Finished searching memory - not enough space for allocation (27 bytes)
ERROR: Finished searching memory - not enough space for allocation (4 bytes)
ERROR: Finished searching memory - not enough space for allocation (15 bytes)
ERROR: Finished searching memory - not enough space for allocation (54 bytes)
ERROR: Finished searching memory - not enough space for allocation (20 bytes)
ERROR: Finished searching memory - not enough space for allocation (54 bytes)
ERROR: Finished searching memory - not enough space for allocation (8 bytes)
ERROR: Finished searching memory - not enough space for allocation (15 bytes)
ERROR: Finished searching memory - not enough space for allocation (29 bytes)
ERROR: Finished searching memory - not enough space for allocation (9 bytes)
ERROR: Finished searching memory - not enough space for allocation (43 bytes)
ERROR: Finished searching memory - not enough space for allocation (28 bytes)
ERROR: Finished searching memory - not enough space for allocation (26 bytes)
ERROR: Finished searching memory - not enough space for allocation (18 bytes)
ERROR: Finished searching memory - not enough space for allocation (29 bytes)
ERROR: Finished searching memory - not enough space for allocation (56 bytes)
ERROR: Finished searching memory - not enough space for allocation (32 bytes)
ERROR: Finished searching memory - not enough space for allocation (33 bytes)
ERROR: Finished searching memory - not enough space for allocation (43 bytes)
ERROR: Finished searching memory - not enough space for allocation (32 bytes)
ERROR: Finished searching memory - not enough space for allocation (38 bytes)
ERROR: Finished searching memory - not enough space for allocation (53 bytes)
ERROR: Finished searching memory - not enough space for allocation (18 bytes)
ERROR: Finished searching memory - not enough space for allocation (30 bytes)
ERROR: Finished searching memory - not enough space for allocation (37 bytes)
ERROR: Finished searching memory - not enough space for allocation (61 bytes)
ERROR: Finished searching memory - not enough space for allocation (52 bytes)
ERROR: Finished searching memory - not enough space for allocation (15 bytes)
ERROR: Finished searching memory - not enough space for allocation (34 bytes)
ERROR: Finished searching memory - not enough space for allocation (32 bytes)
ERROR: Finished searching memory - not enough space for allocation (46 bytes)
ERROR: Finished searching memory - not enough space for allocation (56 bytes)
ERROR: Finished searching memory - not enough space for allocation (16 bytes)
ERROR: Finished searching memory - not enough space for allocation (61 bytes)
ERROR: Finished searching memory - not enough space for allocation (58 bytes)
ERROR: Finished searching memory - not enough space for allocation (36 bytes)
ERROR: Finished searching memory - not enough space for allocation (28 bytes)
ERROR: Finished searching memory - not enough space for allocation (60 bytes)
ERROR: Finished searching memory - not enough space for allocation (9 bytes)
ERROR: Finished searching memory - not enough space for allocation (42 bytes)
ERROR: Finished searching memory - not enough space for allocation (52 bytes)
ERROR: Finished searching memory - not enough space for allocation (58 bytes)
ERROR: Finished searching memory - not enough space for allocation (27 bytes)
ERROR: Finished searching memory - not enough space for allocation (61 bytes)
ERROR: Finished searching memory - not enough space for allocation (29 bytes)
ERROR: Finished searching memory - not enough space for allocation (24 bytes)
ERROR: Finished searching memory - not enough space for allocation (35 bytes)
ERROR: Finished searching memory - not enough space for allocation (47 bytes)
ERROR: Finished searching memory - not enough space for allocation (61 bytes)
ERROR: Finished searching memory - not enough space for allocation (64 bytes)
ERROR: Finished searching memory - not enough space for allocation (60 bytes)
ERROR: Finished searching memory - not enough space for allocation (38 bytes)
ERROR: Finished searching memory - not enough space for allocation (4 bytes)
ERROR: Finished searching memory - not enough space for allocation (28 bytes)
ERROR: Finished searching memory - not enough space for allocation (56 bytes)
ERROR: Finished searching memory - not enough space for allocation (37 bytes)
ERROR: Finished searching memory - not enough space for allocation (37 bytes)
ERROR: Finished searching memory - not enough space for allocation (48 bytes)
ERROR: Finished searching memory - not enough space for allocation (15 bytes)
ERROR: Finished searching memory - not enough space for allocation (22 bytes)
ERROR: Finished searching memory - not enough space for allocation (56 bytes)
ERROR: Finished searching memory - not enough space for allocation (33 bytes)
ERROR: Finished searching memory - not enough space for allocation (34 bytes)
ERROR: Finished searching memory - not enough space for allocation (47 bytes)
ERROR: Finished searching memory - not enough space for allocation (20 bytes)
ERROR: Finished searching memory - not enough space for allocation (63 bytes)
ERROR: Finished searching memory - not enough space for allocation (63 bytes)
ERROR: Finished searching memory - not enough space for allocation (46 bytes)
ERROR: Finished searching memory - not enough space for allocation (41 bytes)
ERROR: Finished searching memory - not enough space for allocation (5 bytes)
ERROR: Finished searching memory - not enough space for allocation (46 bytes)
ERROR: Finished searching memory - not enough space for allocation (27 bytes)
ERROR: Finished searching memory - not enough space for allocation (62 bytes)
ERROR: Finished searching memory - not enough space for allocation (46 bytes)
ERROR: Finished searching memory - not enough space for allocation (8 bytes)
ERROR: Finished searching memory - not enough space for allocation (45 bytes)
ERROR: Finished searching memory - not enough space for allocation (29 bytes)
ERROR: Finished searching memory - not enough space for allocation (22 bytes)
ERROR: Finished searching memory - not enough space for allocation (32 bytes)
ERROR: Finished searching memory - not enough space for allocation (11 bytes)
ERROR: Finished searching memory - not enough space for allocation (16 bytes)
ERROR: Finished searching memory - not enough space for allocation (18 bytes)
ERROR: Finished searching memory - not enough space for allocation (36 bytes)
ERROR: Finished searching memory - not enough space for allocation (38 bytes)
ERROR: Finished searching memory - not enough space for allocation (19 bytes)
ERROR: Finished searching memory - not enough space for allocation (47 bytes)
ERROR: Finished searching memory - not enough space for allocation (16 bytes)
ERROR: Finished searching memory - not enough space for allocation (34 bytes)
ERROR: Finished searching memory - not enough space for allocation (64 bytes)
ERROR: Finished searching memory - not enough space for allocation (44 bytes)
ERROR: Finished searching memory - not enough space for allocation (52 bytes)
ERROR: Finished searching memory - not enough space for allocation (56 bytes)
ERROR: Finished searching memory - not enough space for allocation (31 bytes)
ERROR: Finished searching memory - not enough space for allocation (47 bytes)
ERROR: Finished searching memory - not enough space for allocation (59 bytes)
ERROR: Finished searching memory - not enough space for allocation (20 bytes)
ERROR: Finished searching memory - not enough space for allocation (60 bytes)
ERROR: Finished searching memory - not enough space for allocation (29 bytes)
ERROR: Finished searching memory - not enough space for allocation (42 bytes)
ERROR: Finished searching memory - not enough space for allocation (40 bytes)
ERROR: Finished searching memory - not enough space for allocation (47 bytes)
ERROR: Finished searching memory - not enough space for allocation (19 bytes)
ERROR: Finished searching memory - not enough space for allocation (22 bytes)
ERROR: Finished searching memory - not enough space for allocation (56 bytes)
ERROR: Finished searching memory - not enough space for allocation (11 bytes)
ERROR: Finished searching memory - not enough space for allocation (22 bytes)
ERROR: Finished searching memory - not enough space for allocation (53 bytes)
ERROR: Finished searching memory - not enough space for allocation (27 bytes)
ERROR: Finished searching memory - not enough space for allocation (48 bytes)
ERROR: Finished searching memory - not enough space for allocation (61 bytes)
ERROR: Finished searching memory - not enough space for allocation (15 bytes)
ERROR: Finished searching memory - not enough space for allocation (64 bytes)
ERROR: Finished searching memory - not enough space for allocation (37 bytes)
ERROR: Finished searching memory - not enough space for allocation (32 bytes)
ERROR: Finished searching memory - not enough space for allocation (54 bytes)
ERROR: Finished searching memory - not enough space for allocation (45 bytes)
ERROR: Finished searching memory - not enough space for allocation (27 bytes)
ERROR: Finished searching memory - not enough space for allocation (30 bytes)
ERROR: Finished searching memory - not enough space for allocation (56 bytes)
ERROR: Finished searching memory - not enough space for allocation (58 bytes)
ERROR: Finished searching memory - not enough space for allocation (18 bytes)
ERROR: Finished searching memory - not enough space for allocation (62 bytes)
ERROR: Finished searching memory - not enough space for allocation (19 bytes)
ERROR: Finished searching memory - not enough space for allocation (58 bytes)
ERROR: Finished searching memory - not enough space for allocation (22 bytes)
ERROR: Finished searching memory - not enough space for allocation (8 bytes)
ERROR: Finished searching memory - not enough space for allocation (56 bytes)
ERROR: Finished searching memory - not enough space for allocation (15 bytes)
ERROR: Finished searching memory - not enough space for allocation (38 bytes)
ERROR: Finished searching memory - not enough space for allocation (62 bytes)
ERROR: Finished searching memory - not enough space for allocation (11 bytes)
ERROR: Finished searching memory - not enough space for allocation (11 bytes)
ERROR: Finished searching memory - not enough space for allocation (43 bytes)
ERROR: Finished searching memory - not enough space for allocation (24 bytes)
ERROR: Finished searching memory - not enough space for allocation (4 bytes)
ERROR: Finished searching memory - not enough space for allocation (34 bytes)
ERROR: Finished searching memory - not enough space for allocation (38 bytes)
ERROR: Finished searching memory - not enough space for allocation (11 bytes)
ERROR: Finished searching memory - not enough space for allocation (8 bytes)
ERROR: Finished searching memory - not enough space for allocation (61 bytes)
ERROR: Finished searching memory - not enough space for allocation (61 bytes)
ERROR: Finished searching memory - not enough space for allocation (4 bytes)
ERROR: Finished searching memory - not enough space for allocation (27 bytes)
ERROR: Finished searching memory - not enough space for allocation (37 bytes)
ERROR: Finished searching memory - not enough space for allocation (52 bytes)
ERROR: Finished searching memory - not enough space for allocation (33 bytes)
ERROR: Finished searching memory - not enough space for allocation (56 bytes)
ERROR: Finished searching memory - not enough space for allocation (44 bytes)
ERROR: Finished searching memory - not enough space for allocation (38 bytes)
ERROR: Finished searching memory - not enough space for allocation (50 bytes)
ERROR: Finished searching memory - not enough space for allocation (31 bytes)
ERROR: Finished searching memory - not enough space for allocation (45 bytes)
ERROR: Finished searching memory - not enough space for allocation (33 bytes)
ERROR: Finished searching memory - not enough space for allocation (27 bytes)
ERROR: Finished searching memory - not enough space for allocation (18 bytes)
ERROR: Finished searching memory - not enough space for allocation (61 bytes)
ERROR: Finished searching memory - not enough space for allocation (55 bytes)
ERROR: Finished searching memory - not enough space for allocation (48 bytes)
ERROR: Finished searching memory - not enough space for allocation (18 bytes)
ERROR: Finished searching memory - not enough space for allocation (31 bytes)
ERROR: Finished searching memory - not enough space for allocation (40 bytes)
ERROR: Finished searching memory - not enough space for allocation (51 bytes)
ERROR: Finished searching memory - not enough space for allocation (52 bytes)
ERROR: Finished searching memory - not enough space for allocation (62 bytes)
ERROR: Finished searching memory - not enough space for allocation (62 bytes)
ERROR: Finished searching memory - not enough space for allocation (47 bytes)
ERROR: Finished searching memory - not enough space for allocation (38 bytes)
ERROR: Finished searching memory - not enough space for allocation (52 bytes)
ERROR: Finished searching memory - not enough space for allocation (22 bytes)
ERROR: Finished searching memory - not enough space for allocation (27 bytes)
ERROR: Finished searching memory - not enough space for allocation (43 bytes)
ERROR: Finished searching memory - not enough space for allocation (46 bytes)
ERROR: Finished searching memory - not enough space for allocation (34 bytes)
ERROR: Finished searching memory - not enough space for allocation (22 bytes)
ERROR: Finished searching memory - not enough space for allocation (40 bytes)
ERROR: Finished searching memory - not enough space for allocation (51 bytes)
ERROR: Finished searching memory - not enough space for allocation (59 bytes)
ERROR: Finished searching memory - not enough space for allocation (46 bytes)
ERROR: Finished searching memory - not enough space for allocation (15 bytes)
ERROR: Finished searching memory - not enough space for allocation (40 bytes)
ERROR: Finished searching memory - not enough space for allocation (57 bytes)
ERROR: Finished searching memory - not enough space for allocation (8 bytes)
ERROR: Finished searching memory - not enough space for allocation (28 bytes)
ERROR: Finished searching memory - not enough space for allocation (40 bytes)
ERROR: Finished searching memory - not enough space for allocation (33 bytes)
ERROR: Finished searching memory - not enough space for allocation (55 bytes)
ERROR: Finished searching memory - not enough space for allocation (49 bytes)
ERROR: Finished searching memory - not enough space for allocation (19 bytes)
ERROR: Finished searching memory - not enough space for allocation (29 bytes)
ERROR: Finished searching memory - not enough space for allocation (32 bytes)
ERROR: Finished searching memory - not enough space for allocation (59 bytes)
ERROR: Finished searching memory - not enough space for allocation (58 bytes)
ERROR: Finished searching memory - not enough space for allocation (39 bytes)
ERROR: Finished searching memory - not enough space for allocation (34 bytes)
ERROR: Finished searching memory - not enough space for allocation (48 bytes)
ERROR: Finished searching memory - not enough space for allocation (31 bytes)
ERROR: Finished searching memory - not enough space for allocation (17 bytes)
ERROR: Finished searching memory - not enough space for allocation (56 bytes)
ERROR: Finished searching memory - not enough space for allocation (22 bytes)
ERROR: Finished searching memory - not enough space for allocation (39 bytes)
ERROR: Finished searching memory - not enough space for allocation (44 bytes)
ERROR: Finished searching memory - not enough space for allocation (26 bytes)
ERROR: Finished searching memory - not enough space for allocation (19 bytes)
ERROR: Finished searching memory - not enough space for allocation (64 bytes)
ERROR: Finished searching memory - not enough space for allocation (11 bytes)
ERROR: Finished searching memory - not enough space for allocation (53 bytes)
ERROR: Finished searching memory - not enough space for allocation (27 bytes)
ERROR: Finished searching memory - not enough space for allocation (42 bytes)
ERROR: Finished searching memory - not enough space for allocation (40 bytes)
ERROR: Finished searching memory - not enough space for allocation (31 bytes)
ERROR: Finished searching memory - not enough space for allocation (27 bytes)
ERROR: Finished searching memory - not enough space for allocation (55 bytes)
ERROR: Finished searching memory - not enough space for allocation (50 bytes)
ERROR: Finished searching memory - not enough space for allocation (63 bytes)
ERROR: Finished searching memory - not enough space for allocation (29 bytes)
ERROR: Finished searching memory - not enough space for allocation (15 bytes)
ERROR: Finished searching memory - not enough space for allocation (37 bytes)
ERROR: Finished searching memory - not enough space for allocation (51 bytes)
ERROR: Finished searching memory - not enough space for allocation (47 bytes)
ERROR: Finished searching memory - not enough space for allocation (49 bytes)
ERROR: Finished searching memory - not enough space for allocation (22 bytes)
ERROR: Finished searching memory - not enough space for allocation (64 bytes)
ERROR: Finished searching memory - not enough space for allocation (48 bytes)
ERROR: Finished searching memory - not enough space for allocation (9 bytes)
ERROR: Finished searching memory - not enough space for allocation (58 bytes)
ERROR: Finished searching memory - not enough space for allocation (39 bytes)
ERROR: Finished searching memory - not enough space for allocation (17 bytes)
ERROR: Finished searching memory - not enough space for allocation (26 bytes)
ERROR: Finished searching memory - not enough space for allocation (64 bytes)
ERROR: Finished searching memory - not enough space for allocation (34 bytes)
ERROR: Finished searching memory - not enough space for allocation (40 bytes)
ERROR: Finished searching memory - not enough space for allocation (44 bytes)
ERROR: Finished searching memory - not enough space for allocation (15 bytes)
ERROR: Finished searching memory - not enough space for allocation (31 bytes)
ERROR: Finished searching memory - not enough space for allocation (45 bytes)
ERROR: Finished searching memory - not enough space for allocation (61 bytes)
ERROR: Finished searching memory - not enough space for allocation (51 bytes)
ERROR: Finished searching memory - not enough space for allocation (33 bytes)
ERROR: Finished searching memory - not enough space for allocation (31 bytes)
ERROR: Finished searching memory - not enough space for allocation (20 bytes)
ERROR: Finished searching memory - not enough space for allocation (55 bytes)
ERROR: Finished searching memory - not enough space for allocation (26 bytes)
ERROR: Finished searching memory - not enough space for allocation (22 bytes)
ERROR: Finished searching memory - not enough space for allocation (60 bytes)
ERROR: Finished searching memory - not enough space for allocation (8 bytes)
ERROR: Finished searching memory - not enough space for allocation (33 bytes)
ERROR: Finished searching memory - not enough space for allocation (37 bytes)
ERROR: Finished searching memory - not enough space for allocation (56 bytes)
ERROR: Finished searching memory - not enough space for allocation (63 bytes)
ERROR: Finished searching memory - not enough space for allocation (35 bytes)
ERROR: Finished searching memory - not enough space for allocation (20 bytes)
ERROR: Finished searching memory - not enough space for allocation (44 bytes)
ERROR: Finished searching memory - not enough space for allocation (31 bytes)
ERROR: Finished searching memory - not enough space for allocation (40 bytes)
ERROR: Finished searching memory - not enough space for allocation (32 bytes)
ERROR: Finished searching memory - not enough space for allocation (49 bytes)
ERROR: Finished searching memory - not enough space for allocation (15 bytes)
ERROR: Finished searching memory - not enough space for allocation (55 bytes)
ERROR: Finished searching memory - not enough space for allocation (22 bytes)
ERROR: Finished searching memory - not enough space for allocation (24 bytes)
ERROR: Finished searching memory - not enough space for allocation (56 bytes)
ERROR: Finished searching memory - not enough space for allocation (11 bytes)
ERROR: Finished searching memory - not enough space for allocation (11 bytes)
ERROR: Finished searching memory - not enough space for allocation (49 bytes)
ERROR: Finished searching memory - not enough space for allocation (52 bytes)
ERROR: Finished searching memory - not enough space for allocation (42 bytes)
ERROR: Finished searching memory - not enough space for allocation (53 bytes)
ERROR: Finished searching memory - not enough space for allocation (33 bytes)
ERROR: Finished searching memory - not enough space for allocation (56 bytes)
ERROR: Finished searching memory - not enough space for allocation (30 bytes)
ERROR: Finished searching memory - not enough space for allocation (59 bytes)
ERROR: Finished searching memory - not enough space for allocation (58 bytes)
ERROR: Finished searching memory - not enough space for allocation (4 bytes)
ERROR: Finished searching memory - not enough space for allocation (56 bytes)
ERROR: Finished searching memory - not enough space for allocation (4 bytes)
ERROR: Finished searching memory - not enough space for allocation (30 bytes)
ERROR: Finished searching memory - not enough space for allocation (52 bytes)
ERROR: Finished searching memory - not enough space for allocation (31 bytes)
ERROR: Finished searching memory - not enough space for allocation (42 bytes)
ERROR: Finished searching memory - not enough space for allocation (53 bytes)
ERROR: Finished searching memory - not enough space for allocation (24 bytes)
ERROR: Finished searching memory - not enough space for allocation (63 bytes)
ERROR: Finished searching memory - not enough space for allocation (58 bytes)
ERROR: Finished searching memory - not enough space for allocation (33 bytes)
ERROR: Finished searching memory - not enough space for allocation (45 bytes)
ERROR: Finished searching memory - not enough space for allocation (63 bytes)
ERROR: Finished searching memory - not enough space for allocation (42 bytes)
ERROR: Finished searching memory - not enough space for allocation (8 bytes)
ERROR: Finished searching memory - not enough space for allocation (20 bytes)
ERROR: Finished searching memory - not enough space for allocation (33 bytes)
ERROR: Finished searching memory - not enough space for allocation (4 bytes)
ERROR: Finished searching memory - not enough space for allocation (64 bytes)
ERROR: Finished searching memory - not enough space for allocation (53 bytes)
ERROR: Finished searching memory - not enough space for allocation (17 bytes)
ERROR: Finished searching memory - not enough space for allocation (11 bytes)
ERROR: Finished searching memory - not enough space for allocation (51 bytes)
ERROR: Finished searching memory - not enough space for allocation (36 bytes)
ERROR: Finished searching memory - not enough space for allocation (37 bytes)
ERROR: Finished searching memory - not enough space for allocation (53 bytes)
ERROR: Finished searching memory - not enough space for allocation (17 bytes)
ERROR: Finished searching memory - not enough space for allocation (39 bytes)
ERROR: Finished searching memory - not enough space for allocation (24 bytes)
ERROR: Finished searching memory - not enough space for allocation (45 bytes)
ERROR: Finished searching memory - not enough space for allocation (50 bytes)
ERROR: Finished searching memory - not enough space for allocation (33 bytes)
ERROR: Finished searching memory - not enough space for allocation (49 bytes)
ERROR: Finished searching memory - not enough space for allocation (4 bytes)
ERROR: Finished searching memory - not enough space for allocation (56 bytes)
ERROR: Finished searching memory - not enough space for allocation (35 bytes)
ERROR: Finished searching memory - not enough space for allocation (60 bytes)
ERROR: Finished searching memory - not enough space for allocation (63 bytes)
ERROR: Finished searching memory - not enough space for allocation (31 bytes)
ERROR: Finished searching memory - not enough space for allocation (35 bytes)
ERROR: Finished searching memory - not enough space for allocation (22 bytes)
ERROR: Finished searching memory - not enough space for allocation (26 bytes)
ERROR: Finished searching memory - not enough space for allocation (16 bytes)
ERROR: Finished searching memory - not enough space for allocation (33 bytes)
ERROR: Finished searching memory - not enough space for allocation (58 bytes)
ERROR: Finished searching memory - not enough space for allocation (64 bytes)
ERROR: Finished searching memory - not enough space for allocation (64 bytes)
ERROR: Finished searching memory - not enough space for allocation (9 bytes)
ERROR: Finished searching memory - not enough space for allocation (34 bytes)
ERROR: Finished searching memory - not enough space for allocation (35 bytes)
ERROR: Finished searching memory - not enough space for allocation (4 bytes)
ERROR: Finished searching memory - not enough space for allocation (16 bytes)
ERROR: Finished searching memory - not enough space for allocation (17 bytes)
ERROR: Finished searching memory - not enough space for allocation (16 bytes)
ERROR: Finished searching memory - not enough space for allocation (50 bytes)
ERROR: Finished searching memory - not enough space for allocation (30 bytes)
ERROR: Finished searching memory - not enough space for allocation (56 bytes)
ERROR: Finished searching memory - not enough space for allocation (15 bytes)
ERROR: Finished searching memory - not enough space for allocation (37 bytes)
ERROR: Finished searching memory - not enough space for allocation (19 bytes)
ERROR: Finished searching memory - not enough space for allocation (4 bytes)
ERROR: Finished searching memory - not enough space for allocation (53 bytes)
ERROR: Finished searching memory - not enough space for allocation (32 bytes)
ERROR: Finished searching memory - not enough space for allocation (24 bytes)
ERROR: Finished searching memory - not enough space for allocation (27 bytes)
ERROR: Finished searching memory - not enough space for allocation (60 bytes)
ERROR: Finished searching memory - not enough space for allocation (17 bytes)
ERROR: Finished searching memory - not enough space for allocation (20 bytes)
ERROR: Finished searching memory - not enough space for allocation (50 bytes)
ERROR: Finished searching memory - not enough space for allocation (30 bytes)
ERROR: Finished searching memory - not enough space for allocation (45 bytes)
ERROR: Finished searching memory - not enough space for allocation (62 bytes)
ERROR: Finished searching memory - not enough space for allocation (11 bytes)
ERROR: Finished searching memory - not enough space for allocation (30 bytes)
ERROR: Finished searching memory - not enough space for allocation (11 bytes)
ERROR: Finished searching memory - not enough space for allocation (36 bytes)
ERROR: Finished searching memory - not enough space for allocation (45 bytes)
ERROR: Finished searching memory - not enough space for allocation (40 bytes)
ERROR: Finished searching memory - not enough space for allocation (54 bytes)
ERROR: Finished searching memory - not enough space for allocation (41 bytes)
ERROR: Finished searching memory - not enough space for allocation (15 bytes)
ERROR: Finished searching memory - not enough space for allocation (52 bytes)
ERROR: Finished searching memory - not enough space for allocation (64 bytes)
ERROR: Finished searching memory - not enough space for allocation (16 bytes)
ERROR: Finished searching memory - not enough space for allocation (47 bytes)
ERROR: Finished searching memory - not enough space for allocation (56 bytes)
ERROR: Finished searching memory - not enough space for allocation (22 bytes)
ERROR: Finished searching memory - not enough space for allocation (33 bytes)
ERROR: Finished searching memory - not enough space for allocation (52 bytes)
ERROR: Finished searching memory - not enough space for allocation (55 bytes)
ERROR: Finished searching memory - not enough space for allocation (29 bytes)
ERROR: Finished searching memory - not enough space for allocation (39 bytes)
ERROR: Finished searching memory - not enough space for allocation (34 bytes)
ERROR: Finished searching memory - not enough space for allocation (40 bytes)
ERROR: Finished searching memory - not enough space for allocation (45 bytes)
ERROR: Finished searching memory - not enough space for allocation (59 bytes)
ERROR: Finished searching memory - not enough space for allocation (53 bytes)
ERROR: Finished searching memory - not enough space for allocation (51 bytes)
ERROR: Finished searching memory - not enough space for allocation (42 bytes)
ERROR: Finished searching memory - not enough space for allocation (8 bytes)
ERROR: Finished searching memory - not enough space for allocation (39 bytes)
ERROR: Finished searching memory - not enough space for allocation (56 bytes)
ERROR: Finished searching memory - not enough space for allocation (43 bytes)
ERROR: Finished searching memory - not enough space for allocation (39 bytes)
ERROR: Finished searching memory - not enough space for allocation (42 bytes)
ERROR: Finished searching memory - not enough space for allocation (35 bytes)
ERROR: Finished searching memory - not enough space for allocation (56 bytes)
ERROR: Finished searching memory - not enough space for allocation (30 bytes)
ERROR: Finished searching memory - not enough space for allocation (51 bytes)
ERROR: Finished searching memory - not enough space for allocation (17 bytes)
ERROR: Finished searching memory - not enough space for allocation (54 bytes)
ERROR: Finished searching memory - not enough space for allocation (41 bytes)
ERROR: Finished searching memory - not enough space for allocation (29 bytes)
ERROR: Finished searching memory - not enough space for allocation (38 bytes)
ERROR: Finished searching memory - not enough space for allocation (31 bytes)
ERROR: Finished searching memory - not enough space for allocation (39 bytes)
ERROR: Finished searching memory - not enough space for allocation (53 bytes)
ERROR: Finished searching memory - not enough space for allocation (29 bytes)
ERROR: Finished searching memory - not enough space for allocation (36 bytes)
ERROR: Finished searching memory - not enough space for allocation (60 bytes)
ERROR: Finished searching memory - not enough space for allocation (56 bytes)
ERROR: Finished searching memory - not enough space for allocation (55 bytes)
ERROR: Finished searching memory - not enough space for allocation (15 bytes)
ERROR: Finished searching memory - not enough space for allocation (45 bytes)
ERROR: Finished searching memory - not enough space for allocation (45 bytes)
ERROR: Finished searching memory - not enough space for allocation (17 bytes)
ERROR: Finished searching memory - not enough space for allocation (24 bytes)
ERROR: Finished searching memory - not enough space for allocation (36 bytes)
ERROR: Finished searching memory - not enough space for allocation (46 bytes)
ERROR: Finished searching memory - not enough space for allocation (28 bytes)
ERROR: Finished searching memory - not enough space for allocation (57 bytes)
ERROR: Finished searching memory - not enough space for allocation (41 bytes)
ERROR: Finished searching memory - not enough space for allocation (61 bytes)
ERROR: Finished searching memory - not enough space for allocation (24 bytes)
ERROR: Finished searching memory - not enough space for allocation (36 bytes)
ERROR: Finished searching memory - not enough space for allocation (18 bytes)
ERROR: Finished searching memory - not enough space for allocation (26 bytes)
ERROR: Finished searching memory - not enough space for allocation (18 bytes)
ERROR: Finished searching memory - not enough space for allocation (39 bytes)
ERROR: Finished searching memory - not enough space for allocation (24 bytes)
ERROR: Finished searching memory - not enough space for allocation (9 bytes)
ERROR: Finished searching memory - not enough space for allocation (60 bytes)
ERROR: Finished searching memory - not enough space for allocation (28 bytes)
ERROR: Finished searching memory - not enough space for allocation (4 bytes)
ERROR: Finished searching memory - not enough space for allocation (53 bytes)
ERROR: Finished searching memory - not enough space for allocation (57 bytes)
ERROR: Finished searching memory - not enough space for allocation (49 bytes)
ERROR: Finished searching memory - not enough space for allocation (45 bytes)
ERROR: Finished searching memory - not enough space for allocation (63 bytes)
ERROR: Finished searching memory - not enough space for allocation (39 bytes)
ERROR: Finished searching memory - not enough space for allocation (52 bytes)
ERROR: Finished searching memory - not enough space for allocation (51 bytes)
ERROR: Finished searching memory - not enough space for allocation (24 bytes)
ERROR: Finished searching memory - not enough space for allocation (63 bytes)
ERROR: Finished searching memory - not enough space for allocation (49 bytes)
ERROR: Finished searching memory - not enough space for allocation (62 bytes)
ERROR: Finished searching memory - not enough space for allocation (28 bytes)
ERROR: Finished searching memory - not enough space for allocation (59 bytes)
ERROR: Finished searching memory - not enough space for allocation (36 bytes)
ERROR: Finished searching memory - not enough space for allocation (39 bytes)
ERROR: Finished searching memory - not enough space for allocation (9 bytes)
ERROR: Finished searching memory - not enough space for allocation (19 bytes)
ERROR: Finished searching memory - not enough space for allocation (64 bytes)
ERROR: Finished searching memory - not enough space for allocation (27 bytes)
ERROR: Finished searching memory - not enough space for allocation (18 bytes)
ERROR: Finished searching memory - not enough space for allocation (45 bytes)
ERROR: Finished searching memory - not enough space for allocation (55 bytes)
ERROR: Finished searching memory - not enough space for allocation (14 bytes)
ERROR: Finished searching memory - not enough space for allocation (31 bytes)
ERROR: Finished searching memory - not enough space for allocation (56 bytes)
ERROR: Finished searching memory - not enough space for allocation (44 bytes)
ERROR: Finished searching memory - not enough space for allocation (20 bytes)
ERROR: Finished searching memory - not enough space for allocation (19 bytes)
ERROR: Finished searching memory - not enough space for allocation (32 bytes)
ERROR: Finished searching memory - not enough space for allocation (50 bytes)
ERROR: Finished searching memory - not enough space for allocation (43 bytes)
ERROR: Finished searching memory - not enough space for allocation (40 bytes)
ERROR: Finished searching memory - not enough space for allocation (62 bytes)
ERROR: Finished searching memory - not enough space for allocation (62 bytes)
ERROR: Finished searching memory - not enough space for allocation (34 bytes)
ERROR: Finished searching memory - not enough space for allocation (13 bytes)
ERROR: Finished searching memory - not enough space for allocation (29 bytes)
ERROR: Finished searching memory - not enough space for allocation (57 bytes)
ERROR: Finished searching memory - not enough space for allocation (53 bytes)
ERROR: Finished searching memory - not enough space for allocation (56 bytes)
ERROR: Finished searching memory - not enough space for allocation (49 bytes)
ERROR: Finished searching memory - not enough space for allocation (64 bytes)
ERROR: Finished searching memory - not enough space for allocation (50 bytes)
ERROR: Finished searching memory - not enough space for allocation (16 bytes)
ERROR: Finished searching memory - not enough space for allocation (32 bytes)
ERROR: Finished searching memory - not enough space for allocation (33 bytes)
ERROR: Finished searching memory - not enough space for allocation (32 bytes)
ERROR: Finished searching memory - not enough space for allocation (61 bytes)
ERROR: Finished searching memory - not enough space for allocation (4 bytes)
ERROR: Finished searching memory - not enough space for allocation (55 bytes)
ERROR: Finished searching memory - not enough space for allocation (19 bytes)
ERROR: Finished searching memory - not enough space for allocation (48 bytes)
ERROR: Finished searching memory - not enough space for allocation (56 bytes)
ERROR: Finished searching memory - not enough space for allocation (48 bytes)
ERROR: Finished searching memory - not enough space for allocation (16 bytes)
ERROR: Finished searching memory - not enough space for allocation (33 bytes)
ERROR: Finished searching memory - not enough space for allocation (18 bytes)
ERROR: Finished searching memory - not enough space for allocation (16 bytes)
ERROR: Finished searching memory - not enough space for allocation (9 bytes)
ERROR: Finished searching memory - not enough space for allocation (59 bytes)
ERROR: Finished searching memory - not enough space for allocation (46 bytes)
ERROR: Finished searching memory - not enough space for allocation (33 bytes)
ERROR: Finished searching memory - not enough space for allocation (24 bytes)
ERROR: Finished searching memory - not enough space for allocation (43 bytes)
ERROR: Finished searching memory - not enough space for allocation (35 bytes)
ERROR: Finished searching memory - not enough space for allocation (62 bytes)
ERROR: Finished searching memory - not enough space for allocation (50 bytes)
ERROR: Finished searching memory - not enough space for allocation (56 bytes)
ERROR: Finished searching memory - not enough space for allocation (53 bytes)
ERROR: Finished searching memory - not enough space for allocation (61 bytes)
ERROR: Finished searching memory - not enough space for allocation (32 bytes)
ERROR: Finished searching memory - not enough space for allocation (64 bytes)
ERROR: Finished searching memory - not enough space for allocation (61 bytes)
ERROR: Finished searching memory - not enough space for allocation (60 bytes)
ERROR: Finished searching memory - not enough space for allocation (59 bytes)
ERROR: Finished searching memory - not enough space for allocation (17 bytes)
ERROR: Finished searching memory - not enough space for allocation (45 bytes)
ERROR: Finished searching memory - not enough space for allocation (9 bytes)
ERROR: Finished searching memory - not enough space for allocation (8 bytes)
ERROR: Finished searching memory - not enough space for allocation (42 bytes)
ERROR: Finished searching memory - not enough space for allocation (61 bytes)
ERROR: Finished searching memory - not enough space for allocation (61 bytes)
ERROR: Finished searching memory - not enough space for allocation (15 bytes)
ERROR: Finished searching memory - not enough space for allocation (53 bytes)
ERROR: Finished searching memory - not enough space for allocation (9 bytes)
ERROR: Finished searching memory - not enough space for allocation (9 bytes)
ERROR: Finished searching memory - not enough space for allocation (64 bytes)
ERROR: Finished searching memory - not enough space for allocation (27 bytes)
ERROR: Finished searching memory - not enough space for allocation (33 bytes)
ERROR: Finished searching memory - not enough space for allocation (17 bytes)
ERROR: Finished searching memory - not enough space for allocation (51 bytes)
ERROR: Finished searching memory - not enough space for allocation (51 bytes)
ERROR: Finished searching memory - not enough space for allocation (8 bytes)
ERROR: Finished searching memory - not enough space for allocation (64 bytes)
ERROR: Finished searching memory - not enough space for allocation (40 bytes)
ERROR: Finished searching memory - not enough space for allocation (64 bytes)
ERROR: Finished searching memory - not enough space for allocation (56 bytes)
ERROR: Finished searching memory - not enough space for allocation (44 bytes)
ERROR: Finished searching memory - not enough space for allocation (59 bytes)
ERROR: Finished searching memory - not enough space for allocation (24 bytes)
ERROR: Finished searching memory - not enough space for allocation (50 bytes)
ERROR: Finished searching memory - not enough space for allocation (56 bytes)
ERROR: Finished searching memory - not enough space for allocation (33 bytes)
ERROR: Finished searching memory - not enough space for allocation (52 bytes)
ERROR: Finished searching memory - not enough space for allocation (36 bytes)
ERROR: Finished searching memory - not enough space for allocation (51 bytes)
ERROR: Finished searching memory - not enough space for allocation (16 bytes)
ERROR: Finished searching memory - not enough space for allocation (33 bytes)
ERROR: Finished searching memory - not enough space for allocation (59 bytes)
ERROR: Finished searching memory - not enough space for allocation (22 bytes)
ERROR: Finished searching memory - not enough space for allocation (49 bytes)
ERROR: Finished searching memory - not enough space for allocation (42 bytes)
ERROR: Finished searching memory - not enough space for allocation (19 bytes)
ERROR: Finished searching memory - not enough space for allocation (29 bytes)
ERROR: Finished searching memory - not enough space for allocation (32 bytes)
ERROR: Finished searching memory - not enough space for allocation (60 bytes)
ERROR: Finished searching memory - not enough space for allocation (35 bytes)
ERROR: Finished searching memory - not enough space for allocation (37 bytes)
ERROR: Finished searching memory - not enough space for allocation (20 bytes)
ERROR: Finished searching memory - not enough space for allocation (24 bytes)
ERROR: Finished searching memory - not enough space for allocation (32 bytes)
ERROR: Finished searching memory - not enough space for allocation (44 bytes)
ERROR: Finished searching memory - not enough space for allocation (60 bytes)
ERROR: Finished searching memory - not enough space for allocation (37 bytes)
ERROR: Finished searching memory - not enough space for allocation (29 bytes)
ERROR: Finished searching memory - not enough space for allocation (50 bytes)
ERROR: Finished searching memory - not enough space for allocation (15 bytes)
ERROR: Finished searching memory - not enough space for allocation (55 bytes)
ERROR: Finished searching memory - not enough space for allocation (56 bytes)
ERROR: Finished searching memory - not enough space for allocation (9 bytes)
ERROR: Finished searching memory - not enough space for allocation (43 bytes)
ERROR: Finished searching memory - not enough space for allocation (60 bytes)
ERROR: Finished searching memory - not enough space for allocation (42 bytes)
ERROR: Finished searching memory - not enough space for allocation (43 bytes)
ERROR: Finished searching memory - not enough space for allocation (22 bytes)
ERROR: Finished searching memory - not enough space for allocation (45 bytes)
ERROR: Finished searching memory - not enough space for allocation (37 bytes)
ERROR: Finished searching memory - not enough space for allocation (59 bytes)
ERROR: Finished searching memory - not enough space for allocation (15 bytes)
ERROR: Finished searching memory - not enough space for allocation (32 bytes)
ERROR: Finished searching memory - not enough space for allocation (56 bytes)
ERROR: Finished searching memory - not enough space for allocation (26 bytes)
ERROR: Finished searching memory - not enough space for allocation (36 bytes)
ERROR: Finished searching memory - not enough space for allocation (22 bytes)
ERROR: Finished searching memory - not enough space for allocation (18 bytes)
ERROR: Finished searching memory - not enough space for allocation (64 bytes)
ERROR: Finished searching memory - not enough space for allocation (35 bytes)
ERROR: Finished searching memory - not enough space for allocation (27 bytes)
ERROR: Finished searching memory - not enough space for allocation (11 bytes)
ERROR: Finished searching memory - not enough space for allocation (27 bytes)
ERROR: Finished searching memory - not enough space for allocation (9 bytes)
ERROR: Finished searching memory - not enough space for allocation (30 bytes)
ERROR: Finished searching memory - not enough space for allocation (48 bytes)
ERROR: Finished searching memory - not enough space for allocation (47 bytes)
ERROR: Finished searching memory - not enough space for allocation (42 bytes)
ERROR: Finished searching memory - not enough space for allocation (54 bytes)
ERROR: Finished searching memory - not enough space for allocation (19 bytes)
ERROR: Finished searching memory - not enough space for allocation (32 bytes)
ERROR: Finished searching memory - not enough space for allocation (17 bytes)
ERROR: Finished searching memory - not enough space for allocation (19 bytes)
ERROR: Finished searching memory - not enough space for allocation (47 bytes)
ERROR: Finished searching memory - not enough space for allocation (29 bytes)
ERROR: Finished searching memory - not enough space for allocation (41 bytes)
ERROR: Finished searching memory - not enough space for allocation (50 bytes)
ERROR: Finished searching memory - not enough space for allocation (20 bytes)
ERROR: Finished searching memory - not enough space for allocation (34 bytes)
ERROR: Finished searching memory - not enough space for allocation (28 bytes)
ERROR: Finished searching memory - not enough space for allocation (50 bytes)
ERROR: Finished searching memory - not enough space for allocation (53 bytes)
ERROR: Finished searching memory - not enough space for allocation (60 bytes)
ERROR: Finished searching memory - not enough space for allocation (9 bytes)
ERROR: Finished searching memory - not enough space for allocation (57 bytes)
ERROR: Finished searching memory - not enough space for allocation (39 bytes)
ERROR: Finished searching memory - not enough space for allocation (61 bytes)
ERROR: Finished searching memory - not enough space for allocation (40 bytes)
ERROR: Finished searching memory - not enough space for allocation (48 bytes)
ERROR: Finished searching memory - not enough space for allocation (26 bytes)
ERROR: Finished searching memory - not enough space for allocation (40 bytes)
ERROR: Finished searching memory - not enough space for allocation (33 bytes)
ERROR: Finished searching memory - not enough space for allocation (58 bytes)
ERROR: Finished searching memory - not enough space for allocation (42 bytes)
ERROR: Finished searching memory - not enough space for allocation (45 bytes)
ERROR: Finished searching memory - not enough space for allocation (49 bytes)
ERROR: Finished searching memory - not enough space for allocation (39 bytes)
ERROR: Finished searching memory - not enough space for allocation (29 bytes)
ERROR: Finished searching memory - not enough space for allocation (17 bytes)
ERROR: Finished searching memory - not enough space for allocation (9 bytes)
ERROR: Finished searching memory - not enough space for allocation (33 bytes)
ERROR: Finished searching memory - not enough space for allocation (37 bytes)
ERROR: Finished searching memory - not enough space for allocation (49 bytes)
ERROR: Finished searching memory - not enough space for allocation (63 bytes)
ERROR: Finished searching memory - not enough space for allocation (63 bytes)
ERROR: Finished searching memory - not enough space for allocation (53 bytes)
ERROR: Finished searching memory - not enough space for allocation (57 bytes)
ERROR: Finished searching memory - not enough space for allocation (26 bytes)
ERROR: Finished searching memory - not enough space for allocation (34 bytes)
ERROR: Finished searching memory - not enough space for allocation (42 bytes)
ERROR: Finished searching memory - not enough space for allocation (56 bytes)
ERROR: Finished searching memory - not enough space for allocation (51 bytes)
ERROR: Finished searching memory - not enough space for allocation (60 bytes)
ERROR: Finished searching memory - not enough space for allocation (57 bytes)
ERROR: Finished searching memory - not enough space for allocation (39 bytes)
ERROR: Finished searching memory - not enough space for allocation (36 bytes)
ERROR: Finished searching memory - not enough space for allocation (39 bytes)
ERROR: Finished searching memory - not enough space for allocation (44 bytes)
ERROR: Finished searching memory - not enough space for allocation (58 bytes)
ERROR: Finished searching memory - not enough space for allocation (43 bytes)
ERROR: Finished searching memory - not enough space for allocation (34 bytes)
ERROR: Finished searching memory - not enough space for allocation (19 bytes)
ERROR: Finished searching memory - not enough space for allocation (18 bytes)
ERROR: Finished searching memory - not enough space for allocation (11 bytes)
ERROR: Finished searching memory - not enough space for allocation (27 bytes)
ERROR: Finished searching memory - not enough space for allocation (62 bytes)
ERROR: Finished searching memory - not enough space for allocation (36 bytes)
ERROR: Finished searching memory - not enough space for allocation (54 bytes)
ERROR: Finished searching memory - not enough space for allocation (49 bytes)
ERROR: Finished searching memory - not enough space for allocation (24 bytes)
ERROR: Finished searching memory - not enough space for allocation (40 bytes)
ERROR: Finished searching memory - not enough space for allocation (19 bytes)
ERROR: Finished searching memory - not enough space for allocation (47 bytes)
ERROR: Finished searching memory - not enough space for allocation (40 bytes)
ERROR: Finished searching memory - not enough space for allocation (33 bytes)
ERROR: Finished searching memory - not enough space for allocation (15 bytes)
ERROR: Finished searching memory - not enough space for allocation (18 bytes)
ERROR: Finished searching memory - not enough space for allocation (27 bytes)
ERROR: Finished searching memory - not enough space for allocation (56 bytes)
ERROR: Finished searching memory - not enough space for allocation (64 bytes)
ERROR: Finished searching memory - not enough space for allocation (63 bytes)
ERROR: Finished searching memory - not enough space for allocation (60 bytes)
ERROR: Finished searching memory - not enough space for allocation (52 bytes)
ERROR: Finished searching memory - not enough space for allocation (37 bytes)
ERROR: Finished searching memory - not enough space for allocation (52 bytes)
ERROR: Finished searching memory - not enough space for allocation (63 bytes)
ERROR: Finished searching memory - not enough space for allocation (32 bytes)
ERROR: Finished searching memory - not enough space for allocation (29 bytes)
ERROR: Finished searching memory - not enough space for allocation (63 bytes)
ERROR: Finished searching memory - not enough space for allocation (50 bytes)
ERROR: Finished searching memory - not enough space for allocation (62 bytes)
ERROR: Finished searching memory - not enough space for allocation (61 bytes)
ERROR: Finished searching memory - not enough space for allocation (30 bytes)
ERROR: Finished searching memory - not enough space for allocation (8 bytes)
ERROR: Finished searching memory - not enough space for allocation (45 bytes)
ERROR: Finished searching memory - not enough space for allocation (57 bytes)
ERROR: Finished searching memory - not enough space for allocation (24 bytes)
ERROR: Finished searching memory - not enough space for allocation (24 bytes)
ERROR: Finished searching memory - not enough space for allocation (32 bytes)
ERROR: Finished searching memory - not enough space for allocation (31 bytes)
ERROR: Finished searching memory - not enough space for allocation (31 bytes)
ERROR: Finished searching memory - not enough space for allocation (52 bytes)
ERROR: Finished searching memory - not enough space for allocation (28 bytes)
ERROR: Finished searching memory - not enough space for allocation (41 bytes)
ERROR: Finished searching memory - not enough space for allocation (26 bytes)
ERROR: Finished searching memory - not enough space for allocation (58 bytes)
ERROR: Finished searching memory - not enough space for allocation (52 bytes)
ERROR: Finished searching memory - not enough space for allocation (35 bytes)
ERROR: Finished searching memory - not enough space for allocation (50 bytes)
ERROR: Finished searching memory - not enough space for allocation (61 bytes)
ERROR: Finished searching memory - not enough space for allocation (39 bytes)
ERROR: Finished searching memory - not enough space for allocation (32 bytes)
ERROR: Finished searching memory - not enough space for allocation (42 bytes)
ERROR: Finished searching memory - not enough space for allocation (42 bytes)
ERROR: Finished searching memory - not enough space for allocation (39 bytes)
ERROR: Finished searching memory - not enough space for allocation (63 bytes)
ERROR: Finished searching memory - not enough space for allocation (18 bytes)
ERROR: Finished searching memory - not enough space for allocation (60 bytes)
ERROR: Finished searching memory - not enough space for allocation (51 bytes)
ERROR: Finished searching memory - not enough space for allocation (41 bytes)
ERROR: Finished searching memory - not enough space for allocation (57 bytes)
ERROR: Finished searching memory - not enough space for allocation (53 bytes)
ERROR: Finished searching memory - not enough space for allocation (36 bytes)
ERROR: Finished searching memory - not enough space for allocation (38 bytes)
ERROR: Finished searching memory - not enough space for allocation (46 bytes)
ERROR: Finished searching memory - not enough space for allocation (50 bytes)
ERROR: Finished searching memory - not enough space for allocation (8 bytes)
ERROR: Finished searching memory - not enough space for allocation (36 bytes)
ERROR: Finished searching memory - not enough space for allocation (48 bytes)
ERROR: Finished searching memory - not enough space for allocation (29 bytes)
ERROR: Finished searching memory - not enough space for allocation (8 bytes)
ERROR: Finished searching memory - not enough space for allocation (60 bytes)
ERROR: Finished searching memory - not enough space for allocation (60 bytes)
ERROR: Finished searching memory - not enough space for allocation (29 bytes)
ERROR: Finished searching memory - not enough space for allocation (59 bytes)
ERROR: Finished searching memory - not enough space for allocation (22 bytes)
ERROR: Finished searching memory - not enough space for allocation (42 bytes)
ERROR: Finished searching memory - not enough space for allocation (58 bytes)
ERROR: Finished searching memory - not enough space for allocation (43 bytes)
ERROR: Finished searching memory - not enough space for allocation (15 bytes)
ERROR: Finished searching memory - not enough space for allocation (38 bytes)
ERROR: Finished searching memory - not enough space for allocation (60 bytes)
ERROR: Finished searching memory - not enough space for allocation (9 bytes)
ERROR: Finished searching memory - not enough space for allocation (45 bytes)
ERROR: Finished searching memory - not enough space for allocation (35 bytes)
ERROR: Finished searching memory - not enough space for allocation (42 bytes)
ERROR: Finished searching memory - not enough space for allocation (63 bytes)
ERROR: Finished searching memory - not enough space for allocation (22 bytes)
ERROR: Finished searching memory - not enough space for allocation (35 bytes)
ERROR: Finished searching memory - not enough space for allocation (59 bytes)
ERROR: Finished searching memory - not enough space for allocation (57 bytes)
ERROR: Finished searching memory - not enough space for allocation (43 bytes)
ERROR: Finished searching memory - not enough space for allocation (62 bytes)
ERROR: Finished searching memory - not enough space for allocation (16 bytes)
ERROR: Finished searching memory - not enough space for allocation (50 bytes)
ERROR: Finished searching memory - not enough space for allocation (31 bytes)
ERROR: Finished searching memory - not enough space for allocation (19 bytes)
ERROR: Finished searching memory - not enough space for allocation (8 bytes)
ERROR: Finished searching memory - not enough space for allocation (26 bytes)
ERROR: Finished searching memory - not enough space for allocation (42 bytes)
ERROR: Finished searching memory - not enough space for allocation (60 bytes)
ERROR: Finished searching memory - not enough space for allocation (46 bytes)
ERROR: Finished searching memory - not enough space for allocation (63 bytes)
ERROR: Finished searching memory - not enough space for allocation (26 bytes)
ERROR: Finished searching memory - not enough space for allocation (64 bytes)
ERROR: Finished searching memory - not enough space for allocation (38 bytes)
ERROR: Finished searching memory - not enough space for allocation (22 bytes)
ERROR: Finished searching memory - not enough space for allocation (26 bytes)
ERROR: Finished searching memory - not enough space for allocation (57 bytes)
ERROR: Finished searching memory - not enough space for allocation (8 bytes)
ERROR: Finished searching memory - not enough space for allocation (27 bytes)
ERROR: Finished searching memory - not enough space for allocation (42 bytes)
ERROR: Finished searching memory - not enough space for allocation (56 bytes)
ERROR: Finished searching memory - not enough space for allocation (39 bytes)
ERROR: Finished searching memory - not enough space for allocation (40 bytes)
ERROR: Finished searching memory - not enough space for allocation (19 bytes)
ERROR: Finished searching memory - not enough space for allocation (58 bytes)
ERROR: Finished searching memory - not enough space for allocation (4 bytes)
ERROR: Finished searching memory - not enough space for allocation (26 bytes)
ERROR: Finished searching memory - not enough space for allocation (64 bytes)
ERROR: Finished searching memory - not enough space for allocation (50 bytes)
ERROR: Finished searching memory - not enough space for allocation (56 bytes)
ERROR: Finished searching memory - not enough space for allocation (31 bytes)
ERROR: Finished searching memory - not enough space for allocation (48 bytes)
ERROR: Finished searching memory - not enough space for allocation (51 bytes)
ERROR: Finished searching memory - not enough space for allocation (17 bytes)
ERROR: Finished searching memory - not enough space for allocation (57 bytes)
ERROR: Finished searching memory - not enough space for allocation (4 bytes)
ERROR: Finished searching memory - not enough space for allocation (62 bytes)
ERROR: Finished searching memory - not enough space for allocation (8 bytes)
ERROR: Finished searching memory - not enough space for allocation (41 bytes)
ERROR: Finished searching memory - not enough space for allocation (29 bytes)
ERROR: Finished searching memory - not enough space for allocation (36 bytes)
ERROR: Finished searching memory - not enough space for allocation (27 bytes)
ERROR: Finished searching memory - not enough space for allocation (17 bytes)
ERROR: Finished searching memory - not enough space for allocation (29 bytes)
ERROR: Finished searching memory - not enough space for allocation (34 bytes)
ERROR: Finished searching memory - not enough space for allocation (46 bytes)
ERROR: Finished searching memory - not enough space for allocation (38 bytes)
ERROR: Finished searching memory - not enough space for allocation (44 bytes)
ERROR: Finished searching memory - not enough space for allocation (57 bytes)
ERROR: Finished searching memory - not enough space for allocation (40 bytes)
ERROR: Finished searching memory - not enough space for allocation (55 bytes)
ERROR: Finished searching memory - not enough space for allocation (46 bytes)
ERROR: Finished searching memory - not enough space for allocation (39 bytes)
ERROR: Finished searching memory - not enough space for allocation (28 bytes)
ERROR: Finished searching memory - not enough space for allocation (46 bytes)
ERROR: Finished searching memory - not enough space for allocation (63 bytes)
ERROR: Finished searching memory - not enough space for allocation (54 bytes)
ERROR: Finished searching memory - not enough space for allocation (53 bytes)
ERROR: Finished searching memory - not enough space for allocation (39 bytes)
ERROR: Finished searching memory - not enough space for allocation (24 bytes)
ERROR: Finished searching memory - not enough space for allocation (32 bytes)
ERROR: Finished searching memory - not enough space for allocation (34 bytes)
ERROR: Finished searching memory - not enough space for allocation (4 bytes)
ERROR: Finished searching memory - not enough space for allocation (11 bytes)
ERROR: Finished searching memory - not enough space for allocation (19 bytes)
ERROR: Finished searching memory - not enough space for allocation (48 bytes)
ERROR: Finished searching memory - not enough space for allocation (17 bytes)
ERROR: Finished searching memory - not enough space for allocation (19 bytes)
ERROR: Finished searching memory - not enough space for allocation (58 bytes)
ERROR: Finished searching memory - not enough space for allocation (36 bytes)
ERROR: Finished searching memory - not enough space for allocation (44 bytes)
ERROR: Finished searching memory - not enough space for allocation (43 bytes)
ERROR: Finished searching memory - not enough space for allocation (48 bytes)
ERROR: Finished searching memory - not enough space for allocation (32 bytes)
ERROR: Finished searching memory - not enough space for allocation (11 bytes)
ERROR: Finished searching memory - not enough space for allocation (27 bytes)
ERROR: Finished searching memory - not enough space for allocation (54 bytes)
ERROR: Finished searching memory - not enough space for allocation (38 bytes)
ERROR: Finished searching memory - not enough space for allocation (39 bytes)
ERROR: Finished searching memory - not enough space for allocation (41 bytes)
ERROR: Finished searching memory - not enough space for allocation (39 bytes)
ERROR: Finished searching memory - not enough space for allocation (60 bytes)
ERROR: Finished searching memory - not enough space for allocation (46 bytes)
ERROR: Finished searching memory - not enough space for allocation (42 bytes)
ERROR: Finished searching memory - not enough space for allocation (49 bytes)
ERROR: Finished searching memory - not enough space for allocation (38 bytes)
ERROR: Finished searching memory - not enough space for allocation (48 bytes)
ERROR: Finished searching memory - not enough space for allocation (61 bytes)
ERROR: Finished searching memory - not enough space for allocation (8 bytes)
ERROR: Finished searching memory - not enough space for allocation (4 bytes)
ERROR: Finished searching memory - not enough space for allocation (24 bytes)
ERROR: Finished searching memory - not enough space for allocation (52 bytes)
ERROR: Finished searching memory - not enough space for allocation (16 bytes)
ERROR: Finished searching memory - not enough space for allocation (63 bytes)
ERROR: Finished searching memory - not enough space for allocation (38 bytes)
ERROR: Finished searching memory - not enough space for allocation (37 bytes)
ERROR: Finished searching memory - not enough space for allocation (60 bytes)
ERROR: Finished searching memory - not enough space for allocation (29 bytes)
ERROR: Finished searching memory - not enough space for allocation (56 bytes)
ERROR: Finished searching memory - not enough space for allocation (39 bytes)
ERROR: Finished searching memory - not enough space for allocation (33 bytes)
ERROR: Finished searching memory - not enough space for allocation (47 bytes)
ERROR: Finished searching memory - not enough space for allocation (4 bytes)
ERROR: Finished searching memory - not enough space for allocation (11 bytes)
ERROR: Finished searching memory - not enough space for allocation (42 bytes)
ERROR: Finished searching memory - not enough space for allocation (4 bytes)
ERROR: Finished searching memory - not enough space for allocation (47 bytes)
ERROR: Finished searching memory - not enough space for allocation (49 bytes)
ERROR: Finished searching memory - not enough space for allocation (50 bytes)
ERROR: Finished searching memory - not enough space for allocation (57 bytes)
ERROR: Finished searching memory - not enough space for allocation (41 bytes)
ERROR: Finished searching memory - not enough space for allocation (41 bytes)
ERROR: Finished searching memory - not enough space for allocation (8 bytes)
ERROR: Finished searching memory - not enough space for allocation (48 bytes)
ERROR: Finished searching memory - not enough space for allocation (31 bytes)
ERROR: Finished searching memory - not enough space for allocation (46 bytes)
ERROR: Finished searching memory - not enough space for allocation (17 bytes)
ERROR: Finished searching memory - not enough space for allocation (40 bytes)
ERROR: Finished searching memory - not enough space for allocation (40 bytes)
ERROR: Finished searching memory - not enough space for allocation (60 bytes)
ERROR: Finished searching memory - not enough space for allocation (36 bytes)
ERROR: Finished searching memory - not enough space for allocation (30 bytes)
ERROR: Finished searching memory - not enough space for allocation (63 bytes)
ERROR: Finished searching memory - not enough space for allocation (4 bytes)
ERROR: Finished searching memory - not enough space for allocation (33 bytes)
ERROR: Finished searching memory - not enough space for allocation (57 bytes)
ERROR: Finished searching memory - not enough space for allocation (31 bytes)
ERROR: Finished searching memory - not enough space for allocation (38 bytes)
ERROR: Finished searching memory - not enough space for allocation (64 bytes)
ERROR: Finished searching memory - not enough space for allocation (19 bytes)
ERROR: Finished searching memory - not enough space for allocation (56 bytes)
ERROR: Finished searching memory - not enough space for allocation (9 bytes)
ERROR: Finished searching memory - not enough space for allocation (40 bytes)
ERROR: Finished searching memory - not enough space for allocation (18 bytes)
ERROR: Finished searching memory - not enough space for allocation (55 bytes)
ERROR: Finished searching memory - not enough space for allocation (33 bytes)
ERROR: Finished searching memory - not enough space for allocation (39 bytes)
ERROR: Finished searching memory - not enough space for allocation (54 bytes)
ERROR: Finished searching memory - not enough space for allocation (33 bytes)
ERROR: Finished searching memory - not enough space for allocation (11 bytes)
ERROR: Finished searching memory - not enough space for allocation (32 bytes)
ERROR: Finished searching memory - not enough space for allocation (15 bytes)
ERROR: Finished searching memory - not enough space for allocation (47 bytes)
ERROR: Finished searching memory - not enough space for allocation (57 bytes)
ERROR: Finished searching memory - not enough space for allocation (64 bytes)
ERROR: Finished searching memory - not enough space for allocation (64 bytes)
ERROR: Finished searching memory - not enough space for allocation (56 bytes)
ERROR: Finished searching memory - not enough space for allocation (63 bytes)
ERROR: Finished searching memory - not enough space for allocation (9 bytes)
ERROR: Finished searching memory - not enough space for allocation (54 bytes)
ERROR: Finished searching memory - not enough space for allocation (18 bytes)
ERROR: Finished searching memory - not enough space for allocation (17 bytes)
ERROR: Finished searching memory - not enough space for allocation (30 bytes)
ERROR: Finished searching memory - not enough space for allocation (58 bytes)
ERROR: Finished searching memory - not enough space for allocation (39 bytes)
ERROR: Finished searching memory - not enough space for allocation (22 bytes)
ERROR: Finished searching memory - not enough space for allocation (51 bytes)
ERROR: Finished searching memory - not enough space for allocation (46 bytes)
ERROR: Finished searching memory - not enough space for allocation (64 bytes)
ERROR: Finished searching memory - not enough space for allocation (64 bytes)
ERROR: Finished searching memory - not enough space for allocation (24 bytes)
ERROR: Finished searching memory - not enough space for allocation (47 bytes)
ERROR: Finished searching memory - not enough space for allocation (22 bytes)
ERROR: Finished searching memory - not enough space for allocation (55 bytes)
ERROR: Finished searching memory - not enough space for allocation (59 bytes)
ERROR: Finished searching memory - not enough space for allocation (27 bytes)
ERROR: Finished searching memory - not enough space for allocation (18 bytes)
ERROR: Finished searching memory - not enough space for allocation (4 bytes)
ERROR: Finished searching memory - not enough space for allocation (64 bytes)
ERROR: Finished searching memory - not enough space for allocation (27 bytes)
ERROR: Finished searching memory - not enough space for allocation (4 bytes)
ERROR: Finished searching memory - not enough space for allocation (62 bytes)
ERROR: Finished searching memory - not enough space for allocation (28 bytes)
ERROR: Finished searching memory - not enough space for allocation (22 bytes)
ERROR: Finished searching memory - not enough space for allocation (42 bytes)
ERROR: Finished searching memory - not enough space for allocation (64 bytes)
ERROR: Finished searching memory - not enough space for allocation (16 bytes)
ERROR: Finished searching memory - not enough space for allocation (60 bytes)
ERROR: Finished searching memory - not enough space for allocation (9 bytes)
ERROR: Finished searching memory - not enough space for allocation (55 bytes)
ERROR: Finished searching memory - not enough space for allocation (29 bytes)
ERROR: Finished searching memory - not enough space for allocation (9 bytes)
ERROR: Finished searching memory - not enough space for allocation (47 bytes)
ERROR: Finished searching memory - not enough space for allocation (24 bytes)
ERROR: Finished searching memory - not enough space for allocation (16 bytes)
ERROR: Finished searching memory - not enough space for allocation (46 bytes)
ERROR: Finished searching memory - not enough space for allocation (26 bytes)
ERROR: Finished searching memory - not enough space for allocation (50 bytes)
ERROR: Finished searching memory - not enough space for allocation (28 bytes)
ERROR: Finished searching memory - not enough space for allocation (40 bytes)
ERROR: Finished searching memory - not enough space for allocation (27 bytes)
ERROR: Finished searching memory - not enough space for allocation (46 bytes)
ERROR: Finished searching memory - not enough space for allocation (43 bytes)
ERROR: Finished searching memory - not enough space for allocation (39 bytes)
ERROR: Finished searching memory - not enough space for allocation (34 bytes)
ERROR: Finished searching memory - not enough space for allocation (51 bytes)
ERROR: Finished searching memory - not enough space for allocation (45 bytes)
ERROR: Finished searching memory - not enough space for allocation (56 bytes)
ERROR: Finished searching memory - not enough space for allocation (4 bytes)
ERROR: Finished searching memory - not enough space for allocation (4 bytes)
ERROR: Finished searching memory - not enough space for allocation (28 bytes)
ERROR: Finished searching memory - not enough space for allocation (31 bytes)
ERROR: Finished searching memory - not enough space for allocation (16 bytes)
ERROR: Finished searching memory - not enough space for allocation (52 bytes)
ERROR: Finished searching memory - not enough space for allocation (28 bytes)
ERROR: Finished searching memory - not enough space for allocation (26 bytes)
ERROR: Finished searching memory - not enough space for allocation (62 bytes)
ERROR: Finished searching memory - not enough space for allocation (50 bytes)
ERROR: Finished searching memory - not enough space for allocation (45 bytes)
ERROR: Finished searching memory - not enough space for allocation (47 bytes)
ERROR: Finished searching memory - not enough space for allocation (43 bytes)
ERROR: Finished searching memory - not enough space for allocation (53 bytes)
ERROR: Finished searching memory - not enough space for allocation (38 bytes)
ERROR: Finished searching memory - not enough space for allocation (52 bytes)
ERROR: Finished searching memory - not enough space for allocation (52 bytes)
ERROR: Finished searching memory - not enough space for allocation (55 bytes)
ERROR: Finished searching memory - not enough space for allocation (27 bytes)
ERROR: Finished searching memory - not enough space for allocation (43 bytes)
ERROR: Finished searching memory - not enough space for allocation (45 bytes)
ERROR: Finished searching memory - not enough space for allocation (18 bytes)
ERROR: Finished searching memory - not enough space for allocation (63 bytes)
ERROR: Finished searching memory - not enough space for allocation (34 bytes)
ERROR: Finished searching memory - not enough space for allocation (46 bytes)
ERROR: Finished searching memory - not enough space for allocation (32 bytes)
ERROR: Finished searching memory - not enough space for allocation (31 bytes)
ERROR: Finished searching memory - not enough space for allocation (49 bytes)
ERROR: Finished searching memory - not enough space for allocation (19 bytes)
ERROR: Finished searching memory - not enough space for allocation (22 bytes)
ERROR: Finished searching memory - not enough space for allocation (64 bytes)
ERROR: Finished searching memory - not enough space for allocation (40 bytes)
ERROR: Finished searching memory - not enough space for allocation (51 bytes)
ERROR: Finished searching memory - not enough space for allocation (64 bytes)
ERROR: Finished searching memory - not enough space for allocation (54 bytes)
ERROR: Finished searching memory - not enough space for allocation (29 bytes)
ERROR: Finished searching memory - not enough space for allocation (42 bytes)
ERROR: Finished searching memory - not enough space for allocation (58 bytes)
ERROR: Finished searching memory - not enough space for allocation (50 bytes)
ERROR: Finished searching memory - not enough space for allocation (52 bytes)
ERROR: Finished searching memory - not enough space for allocation (19 bytes)
ERROR: Finished searching memory - not enough space for allocation (56 bytes)
ERROR: Finished searching memory - not enough space for allocation (58 bytes)
ERROR: Finished searching memory - not enough space for allocation (11 bytes)
ERROR: Finished searching memory - not enough space for allocation (39 bytes)
ERROR: Finished searching memory - not enough space for allocation (61 bytes)
ERROR: Finished searching memory - not enough space for allocation (28 bytes)
ERROR: Finished searching memory - not enough space for allocation (46 bytes)
ERROR: Finished searching memory - not enough space for allocation (42 bytes)
ERROR: Finished searching memory - not enough space for allocation (58 bytes)
ERROR: Finished searching memory - not enough space for allocation (63 bytes)
ERROR: Finished searching memory - not enough space for allocation (44 bytes)
ERROR: Finished searching memory - not enough space for allocation (27 bytes)
ERROR: Finished searching memory - not enough space for allocation (28 bytes)
ERROR: Finished searching memory - not enough space for allocation (58 bytes)
ERROR: Finished searching memory - not enough space for allocation (64 bytes)
ERROR: Finished searching memory - not enough space for allocation (20 bytes)
ERROR: Finished searching memory - not enough space for allocation (41 bytes)
ERROR: Finished searching memory - not enough space for allocation (31 bytes)
ERROR: Finished searching memory - not enough space for allocation (44 bytes)
ERROR: Finished searching memory - not enough space for allocation (50 bytes)
ERROR: Finished searching memory - not enough space for allocation (62 bytes)
ERROR: Finished searching memory - not enough space for allocation (38 bytes)
ERROR: Finished searching memory - not enough space for allocation (26 bytes)
ERROR: Finished searching memory - not enough space for allocation (46 bytes)
ERROR: Finished searching memory - not enough space for allocation (35 bytes)
ERROR: Finished searching memory - not enough space for allocation (46 bytes)
ERROR: Finished searching memory - not enough space for allocation (53 bytes)
ERROR: Finished searching memory - not enough space for allocation (11 bytes)
ERROR: Finished searching memory - not enough space for allocation (59 bytes)
ERROR: Finished searching memory - not enough space for allocation (18 bytes)
ERROR: Finished searching memory - not enough space for allocation (38 bytes)
ERROR: Finished searching memory - not enough space for allocation (48 bytes)
ERROR: Finished searching memory - not enough space for allocation (9 bytes)
ERROR: Finished searching memory - not enough space for allocation (35 bytes)
ERROR: Finished searching memory - not enough space for allocation (16 bytes)
ERROR: Finished searching memory - not enough space for allocation (34 bytes)
ERROR: Finished searching memory - not enough space for allocation (31 bytes)
ERROR: Finished searching memory - not enough space for allocation (4 bytes)
ERROR: Finished searching memory - not enough space for allocation (38 bytes)
ERROR: Finished searching memory - not enough space for allocation (54 bytes)
ERROR: Finished searching memory - not enough space for allocation (50 bytes)
ERROR: Finished searching memory - not enough space for allocation (18 bytes)
ERROR: Finished searching memory - not enough space for allocation (16 bytes)
ERROR: Finished searching memory - not enough space for allocation (40 bytes)
ERROR: Finished searching memory - not enough space for allocation (24 bytes)
ERROR: Finished searching memory - not enough space for allocation (9 bytes)
ERROR: Finished searching memory - not enough space for allocation (34 bytes)
ERROR: Finished searching memory - not enough space for allocation (46 bytes)
ERROR: Finished searching memory - not enough space for allocation (9 bytes)
ERROR: Finished searching memory - not enough space for allocation (44 bytes)
ERROR: Finished searching memory - not enough space for allocation (26 bytes)
ERROR: Finished searching memory - not enough space for allocation (16 bytes)
ERROR: Finished searching memory - not enough space for allocation (34 bytes)
ERROR: Finished searching memory - not enough space for allocation (9 bytes)
ERROR: Finished searching memory - not enough space for allocation (15 bytes)
ERROR: Finished searching memory - not enough space for allocation (24 bytes)
ERROR: Finished searching memory - not enough space for allocation (34 bytes)
ERROR: Finished searching memory - not enough space for allocation (46 bytes)
ERROR: Finished searching memory - not enough space for allocation (38 bytes)
ERROR: Finished searching memory - not enough space for allocation (29 bytes)
ERROR: Finished searching memory - not enough space for allocation (17 bytes)
ERROR: Finished searching memory - not enough space for allocation (54 bytes)
ERROR: Finished searching memory - not enough space for allocation (62 bytes)
ERROR: Finished searching memory - not enough space for allocation (54 bytes)
ERROR: Finished searching memory - not enough space for allocation (60 bytes)
ERROR: Finished searching memory - not enough space for allocation (29 bytes)
ERROR: Finished searching memory - not enough space for allocation (31 bytes)
ERROR: Finished searching memory - not enough space for allocation (64 bytes)
ERROR: Finished searching memory - not enough space for allocation (59 bytes)
ERROR: Finished searching memory - not enough space for allocation (62 bytes)
ERROR: Finished searching memory - not enough space for allocation (29 bytes)
ERROR: Finished searching memory - not enough space for allocation (11 bytes)
ERROR: Finished searching memory - not enough space for allocation (22 bytes)
ERROR: Finished searching memory - not enough space for allocation (20 bytes)
ERROR: Finished searching memory - not enough space for allocation (50 bytes)
ERROR: Finished searching memory - not enough space for allocation (42 bytes)
ERROR: Finished searching memory - not enough space for allocation (31 bytes)
ERROR: Finished searching memory - not enough space for allocation (39 bytes)
ERROR: Finished searching memory - not enough space for allocation (63 bytes)
ERROR: Finished searching memory - not enough space for allocation (34 bytes)
ERROR: Finished searching memory - not enough space for allocation (36 bytes)
ERROR: Finished searching memory - not enough space for allocation (35 bytes)
ERROR: Finished searching memory - not enough space for allocation (40 bytes)
ERROR: Finished searching memory - not enough space for allocation (29 bytes)
ERROR: Finished searching memory - not enough space for allocation (8 bytes)
ERROR: Finished searching memory - not enough space for allocation (22 bytes)
ERROR: Finished searching memory - not enough space for allocation (58 bytes)
ERROR: Finished searching memory - not enough space for allocation (33 bytes)
ERROR: Finished searching memory - not enough space for allocation (9 bytes)
ERROR: Finished searching memory - not enough space for allocation (26 bytes)
ERROR: Finished searching memory - not enough space for allocation (48 bytes)
ERROR: Finished searching memory - not enough space for allocation (56 bytes)
ERROR: Finished searching memory - not enough space for allocation (33 bytes)
ERROR: Finished searching memory - not enough space for allocation (32 bytes)
ERROR: Finished searching memory - not enough space for allocation (58 bytes)
ERROR: Finished searching memory - not enough space for allocation (52 bytes)
ERROR: Finished searching memory - not enough space for allocation (18 bytes)
ERROR: Finished searching memory - not enough space for allocation (50 bytes)
ERROR: Finished searching memory - not enough space for allocation (63 bytes)
ERROR: Finished searching memory - not enough space for allocation (9 bytes)
ERROR: Finished searching memory - not enough space for allocation (28 bytes)
ERROR: Finished searching memory - not enough space for allocation (22 bytes)
ERROR: Finished searching memory - not enough space for allocation (56 bytes)
ERROR: Finished searching memory - not enough space for allocation (45 bytes)
ERROR: Finished searching memory - not enough space for allocation (36 bytes)
ERROR: Finished searching memory - not enough space for allocation (59 bytes)
ERROR: Finished searching memory - not enough space for allocation (48 bytes)
ERROR: Finished searching memory - not enough space for allocation (62 bytes)
ERROR: Finished searching memory - not enough space for allocation (64 bytes)
ERROR: Finished searching memory - not enough space for allocation (16 bytes)
ERROR: Finished searching memory - not enough space for allocation (57 bytes)
ERROR: Finished searching memory - not enough space for allocation (40 bytes)
ERROR: Finished searching memory - not enough space for allocation (15 bytes)
ERROR: Finished searching memory - not enough space for allocation (51 bytes)
ERROR: Finished searching memory - not enough space for allocation (61 bytes)
ERROR: Finished searching memory - not enough space for allocation (51 bytes)
ERROR: Finished searching memory - not enough space for allocation (49 bytes)
ERROR: Finished searching memory - not enough space for allocation (8 bytes)
ERROR: Finished searching memory - not enough space for allocation (43 bytes)
ERROR: Finished searching memory - not enough space for allocation (58 bytes)
ERROR: Finished searching memory - not enough space for allocation (40 bytes)
ERROR: Finished searching memory - not enough space for allocation (43 bytes)
ERROR: Finished searching memory - not enough space for allocation (34 bytes)
ERROR: Finished searching memory - not enough space for allocation (64 bytes)
ERROR: Finished searching memory - not enough space for allocation (26 bytes)
ERROR: Finished searching memory - not enough space for allocation (40 bytes)
ERROR: Finished searching memory - not enough space for allocation (56 bytes)
ERROR: Finished searching memory - not enough space for allocation (11 bytes)
ERROR: Finished searching memory - not enough space for allocation (60 bytes)
ERROR: Finished searching memory - not enough space for allocation (63 bytes)
ERROR: Finished searching memory - not enough space for allocation (61 bytes)
ERROR: Finished searching memory - not enough space for allocation (37 bytes)
ERROR: Finished searching memory - not enough space for allocation (51 bytes)
ERROR: Finished searching memory - not enough space for allocation (64 bytes)
ERROR: Finished searching memory - not enough space for allocation (31 bytes)
ERROR: Finished searching memory - not enough space for allocation (19 bytes)
ERROR: Finished searching memory - not enough space for allocation (34 bytes)
ERROR: Finished searching memory - not enough space for allocation (44 bytes)
ERROR: Finished searching memory - not enough space for allocation (9 bytes)
ERROR: Finished searching memory - not enough space for allocation (11 bytes)
ERROR: Finished searching memory - not enough space for allocation (37 bytes)
ERROR: Finished searching memory - not enough space for allocation (19 bytes)
ERROR: Finished searching memory - not enough space for allocation (57 bytes)
ERROR: Finished searching memory - not enough space for allocation (34 bytes)
ERROR: Finished searching memory - not enough space for allocation (61 bytes)
ERROR: Finished searching memory - not enough space for allocation (29 bytes)
ERROR: Finished searching memory - not enough space for allocation (27 bytes)
ERROR: Finished searching memory - not enough space for allocation (47 bytes)
ERROR: Finished searching memory - not enough space for allocation (45 bytes)
ERROR: Finished searching memory - not enough space for allocation (38 bytes)
ERROR: Finished searching memory - not enough space for allocation (19 bytes)
ERROR: Finished searching memory - not enough space for allocation (45 bytes)
ERROR: Finished searching memory - not enough space for allocation (34 bytes)
ERROR: Finished searching memory - not enough space for allocation (48 bytes)
ERROR: Finished searching memory - not enough space for allocation (34 bytes)
ERROR: Finished searching memory - not enough space for allocation (18 bytes)
ERROR: Finished searching memory - not enough space for allocation (33 bytes)
ERROR: Finished searching memory - not enough space for allocation (36 bytes)
ERROR: Finished searching memory - not enough space for allocation (37 bytes)
ERROR: Finished searching memory - not enough space for allocation (28 bytes)
ERROR: Finished searching memory - not enough space for allocation (33 bytes)
ERROR: Finished searching memory - not enough space for allocation (17 bytes)
ERROR: Finished searching memory - not enough space for allocation (51 bytes)
ERROR: Finished searching memory - not enough space for allocation (47 bytes)
ERROR: Finished searching memory - not enough space for allocation (20 bytes)
ERROR: Finished searching memory - not enough space for allocation (54 bytes)
ERROR: Finished searching memory - not enough space for allocation (52 bytes)
ERROR: Finished searching memory - not enough space for allocation (43 bytes)
ERROR: Finished searching memory - not enough space for allocation (30 bytes)
ERROR: Finished searching memory - not enough space for allocation (39 bytes)
ERROR: Finished searching memory - not enough space for allocation (19 bytes)
ERROR: Finished searching memory - not enough space for allocation (38 bytes)
ERROR: Finished searching memory - not enough space for allocation (9 bytes)
ERROR: Finished searching memory - not enough space for allocation (36 bytes)
ERROR: Finished searching memory - not enough space for allocation (43 bytes)
ERROR: Finished searching memory - not enough space for allocation (8 bytes)
ERROR: Finished searching memory - not enough space for allocation (50 bytes)
ERROR: Finished searching memory - not enough space for allocation (24 bytes)
ERROR: Finished searching memory - not enough space for allocation (30 bytes)
ERROR: Finished searching memory - not enough space for allocation (48 bytes)
ERROR: Finished searching memory - not enough space for allocation (43 bytes)
ERROR: Finished searching memory - not enough space for allocation (49 bytes)
ERROR: Finished searching memory - not enough space for allocation (44 bytes)
ERROR: Finished searching memory - not enough space for allocation (37 bytes)
ERROR: Finished searching memory - not enough space for allocation (50 bytes)
ERROR: Finished searching memory - not enough space for allocation (35 bytes)
ERROR: Finished searching memory - not enough space for allocation (47 bytes)
ERROR: Finished searching memory - not enough space for allocation (19 bytes)
ERROR: Finished searching memory - not enough space for allocation (52 bytes)
ERROR: Finished searching memory - not enough space for allocation (19 bytes)
ERROR: Finished searching memory - not enough space for allocation (16 bytes)
ERROR: Finished searching memory - not enough space for allocation (46 bytes)
ERROR: Finished searching memory - not enough space for allocation (51 bytes)
ERROR: Finished searching memory - not enough space for allocation (53 bytes)
ERROR: Finished searching memory - not enough space for allocation (59 bytes)
ERROR: Finished searching memory - not enough space for allocation (27 bytes)
ERROR: Finished searching memory - not enough space for allocation (63 bytes)
ERROR: Finished searching memory - not enough space for allocation (37 bytes)
ERROR: Finished searching memory - not enough space for allocation (24 bytes)
ERROR: Finished searching memory - not enough space for allocation (32 bytes)
ERROR: Finished searching memory - not enough space for allocation (31 bytes)
ERROR: Finished searching memory - not enough space for allocation (61 bytes)
ERROR: Finished searching memory - not enough space for allocation (44 bytes)
ERROR: Finished searching memory - not enough space for allocation (31 bytes)
ERROR: Finished searching memory - not enough space for allocation (45 bytes)
ERROR: Finished searching memory - not enough space for allocation (63 bytes)
ERROR: Finished searching memory - not enough space for allocation (46 bytes)
ERROR: Finished searching memory - not enough space for allocation (38 bytes)
ERROR: Finished searching memory - not enough space for allocation (35 bytes)
ERROR: Finished searching memory - not enough space for allocation (48 bytes)
ERROR: Finished searching memory - not enough space for allocation (11 bytes)
ERROR: Finished searching memory - not enough space for allocation (58 bytes)
ERROR: Finished searching memory - not enough space for allocation (9 bytes)
ERROR: Finished searching memory - not enough space for allocation (63 bytes)
ERROR: Finished searching memory - not enough space for allocation (20 bytes)
ERROR: Finished searching memory - not enough space for allocation (4 bytes)
ERROR: Finished searching memory - not enough space for allocation (64 bytes)
ERROR: Finished searching memory - not enough space for allocation (24 bytes)
ERROR: Finished searching memory - not enough space for allocation (17 bytes)
ERROR: Finished searching memory - not enough space for allocation (9 bytes)
ERROR: Finished searching memory - not enough space for allocation (50 bytes)
ERROR: Finished searching memory - not enough space for allocation (43 bytes)
ERROR: Finished searching memory - not enough space for allocation (16 bytes)
ERROR: Finished searching memory - not enough space for allocation (18 bytes)
ERROR: Finished searching memory - not enough space for allocation (8 bytes)
ERROR: Finished searching memory - not enough space for allocation (28 bytes)
ERROR: Finished searching memory - not enough space for allocation (48 bytes)
ERROR: Finished searching memory - not enough space for allocation (8 bytes)
ERROR: Finished searching memory - not enough space for allocation (15 bytes)
ERROR: Finished searching memory - not enough space for allocation (26 bytes)
ERROR: Finished searching memory - not enough space for allocation (61 bytes)
ERROR: Finished searching memory - not enough space for allocation (4 bytes)
ERROR: Finished searching memory - not enough space for allocation (40 bytes)
ERROR: Finished searching memory - not enough space for allocation (27 bytes)
ERROR: Finished searching memory - not enough space for allocation (59 bytes)
ERROR: Finished searching memory - not enough space for allocation (28 bytes)
ERROR: Finished searching memory - not enough space for allocation (64 bytes)
ERROR: Finished searching memory - not enough space for allocation (39 bytes)
ERROR: Finished searching memory - not enough space for allocation (50 bytes)
ERROR: Finished searching memory - not enough space for allocation (46 bytes)
ERROR: Finished searching memory - not enough space for allocation (8 bytes)
ERROR: Finished searching memory - not enough space for allocation (34 bytes)
ERROR: Finished searching memory - not enough space for allocation (61 bytes)
ERROR: Finished searching memory - not enough space for allocation (20 bytes)
ERROR: Finished searching memory - not enough space for allocation (54 bytes)
ERROR: Finished searching memory - not enough space for allocation (38 bytes)
ERROR: Finished searching memory - not enough space for allocation (45 bytes)
ERROR: Finished searching memory - not enough space for allocation (8 bytes)
ERROR: Finished searching memory - not enough space for allocation (14 bytes)
ERROR: Finished searching memory - not enough space for allocation (31 bytes)
ERROR: Finished searching memory - not enough space for allocation (46 bytes)
ERROR: Finished searching memory - not enough space for allocation (38 bytes)
ERROR: Finished searching memory - not enough space for allocation (46 bytes)
ERROR: Finished searching memory - not enough space for allocation (64 bytes)
ERROR: Finished searching memory - not enough space for allocation (49 bytes)
ERROR: Finished searching memory - not enough space for allocation (19 bytes)
ERROR: Finished searching memory - not enough space for allocation (56 bytes)
ERROR: Finished searching memory - not enough space for allocation (39 bytes)
ERROR: Finished searching memory - not enough space for allocation (46 bytes)
ERROR: Finished searching memory - not enough space for allocation (52 bytes)
ERROR: Finished searching memory - not enough space for allocation (44 bytes)
ERROR: Finished searching memory - not enough space for allocation (59 bytes)
ERROR: Finished searching memory - not enough space for allocation (53 bytes)
ERROR: Finished searching memory - not enough space for allocation (24 bytes)
ERROR: Finished searching memory - not enough space for allocation (22 bytes)
ERROR: Finished searching memory - not enough space for allocation (45 bytes)
ERROR: Finished searching memory - not enough space for allocation (48 bytes)
ERROR: Finished searching memory - not enough space for allocation (38 bytes)
ERROR: Finished searching memory - not enough space for allocation (8 bytes)
ERROR: Finished searching memory - not enough space for allocation (35 bytes)
ERROR: Finished searching memory - not enough space for allocation (61 bytes)
ERROR: Finished searching memory - not enough space for allocation (22 bytes)
ERROR: Finished searching memory - not enough space for allocation (54 bytes)
ERROR: Finished searching memory - not enough space for allocation (42 bytes)
ERROR: Finished searching memory - not enough space for allocation (26 bytes)
ERROR: Finished searching memory - not enough space for allocation (61 bytes)
ERROR: Finished searching memory - not enough space for allocation (45 bytes)
ERROR: Finished searching memory - not enough space for allocation (8 bytes)
ERROR: Finished searching memory - not enough space for allocation (34 bytes)
ERROR: Finished searching memory - not enough space for allocation (40 bytes)
ERROR: Finished searching memory - not enough space for allocation (55 bytes)
ERROR: Finished searching memory - not enough space for allocation (47 bytes)
ERROR: Finished searching memory - not enough space for allocation (41 bytes)
ERROR: Finished searching memory - not enough space for allocation (40 bytes)
ERROR: Finished searching memory - not enough space for allocation (26 bytes)
ERROR: Finished searching memory - not enough space for allocation (17 bytes)
ERROR: Finished searching memory - not enough space for allocation (40 bytes)
ERROR: Finished searching memory - not enough space for allocation (50 bytes)
ERROR: Finished searching memory - not enough space for allocation (45 bytes)
ERROR: Finished searching memory - not enough space for allocation (38 bytes)
ERROR: Finished searching memory - not enough space for allocation (52 bytes)
ERROR: Finished searching memory - not enough space for allocation (51 bytes)
ERROR: Finished searching memory - not enough space for allocation (15 bytes)
ERROR: Finished searching memory - not enough space for allocation (45 bytes)
ERROR: Finished searching memory - not enough space for allocation (35 bytes)
ERROR: Finished searching memory - not enough space for allocation (18 bytes)
ERROR: Finished searching memory - not enough space for allocation (38 bytes)
ERROR: Finished searching memory - not enough space for allocation (35 bytes)
ERROR: Finished searching memory - not enough space for allocation (29 bytes)
ERROR: Finished searching memory - not enough space for allocation (49 bytes)
ERROR: Finished searching memory - not enough space for allocation (44 bytes)
ERROR: Finished searching memory - not enough space for allocation (63 bytes)
ERROR: Finished searching memory - not enough space for allocation (35 bytes)
ERROR: Finished searching memory - not enough space for allocation (31 bytes)
ERROR: Finished searching memory - not enough space for allocation (40 bytes)
ERROR: Finished searching memory - not enough space for allocation (28 bytes)
ERROR: Finished searching memory - not enough space for allocation (60 bytes)
ERROR: Finished searching memory - not enough space for allocation (64 bytes)
ERROR: Finished searching memory - not enough space for allocation (34 bytes)
ERROR: Finished searching memory - not enough space for allocation (40 bytes)
ERROR: Finished searching memory - not enough space for allocation (11 bytes)
ERROR: Finished searching memory - not enough space for allocation (33 bytes)
ERROR: Finished searching memory - not enough space for allocation (28 bytes)
ERROR: Finished searching memory - not enough space for allocation (34 bytes)
ERROR: Finished searching memory - not enough space for allocation (57 bytes)
ERROR: Finished searching memory - not enough space for allocation (64 bytes)
ERROR: Finished searching memory - not enough space for allocation (62 bytes)
ERROR: Finished searching memory - not enough space for allocation (55 bytes)
ERROR: Finished searching memory - not enough space for allocation (46 bytes)
ERROR: Finished searching memory - not enough space for allocation (33 bytes)
ERROR: Finished searching memory - not enough space for allocation (34 bytes)
ERROR: Finished searching memory - not enough space for allocation (35 bytes)
ERROR: Finished searching memory - not enough space for allocation (38 bytes)
ERROR: Finished searching memory - not enough space for allocation (37 bytes)
ERROR: Finished searching memory - not enough space for allocation (8 bytes)
ERROR: Finished searching memory - not enough space for allocation (52 bytes)
ERROR: Finished searching memory - not enough space for allocation (45 bytes)
ERROR: Finished searching memory - not enough space for allocation (49 bytes)
ERROR: Finished searching memory - not enough space for allocation (60 bytes)
ERROR: Finished searching memory - not enough space for allocation (35 bytes)
ERROR: Finished searching memory - not enough space for allocation (19 bytes)
ERROR: Finished searching memory - not enough space for allocation (64 bytes)
ERROR: Finished searching memory - not enough space for allocation (39 bytes)
ERROR: Finished searching memory - not enough space for allocation (53 bytes)
ERROR: Finished searching memory - not enough space for allocation (16 bytes)
ERROR: Finished searching memory - not enough space for allocation (50 bytes)
ERROR: Finished searching memory - not enough space for allocation (8 bytes)
ERROR: Finished searching memory - not enough space for allocation (35 bytes)
ERROR: Finished searching memory - not enough space for allocation (53 bytes)
ERROR: Finished searching memory - not enough space for allocation (9 bytes)
ERROR: Finished searching memory - not enough space for allocation (8 bytes)
ERROR: Finished searching memory - not enough space for allocation (40 bytes)
ERROR: Finished searching memory - not enough space for allocation (8 bytes)
ERROR: Finished searching memory - not enough space for allocation (63 bytes)
ERROR: Finished searching memory - not enough space for allocation (47 bytes)
ERROR: Finished searching memory - not enough space for allocation (40 bytes)
ERROR: Finished searching memory - not enough space for allocation (49 bytes)
ERROR: Finished searching memory - not enough space for allocation (40 bytes)
ERROR: Finished searching memory - not enough space for allocation (41 bytes)
ERROR: Finished searching memory - not enough space for allocation (51 bytes)
ERROR: Finished searching memory - not enough space for allocation (17 bytes)
ERROR: Finished searching memory - not enough space for allocation (36 bytes)
ERROR: Finished searching memory - not enough space for allocation (29 bytes)
ERROR: Finished searching memory - not enough space for allocation (22 bytes)
ERROR: Finished searching memory - not enough space for allocation (42 bytes)
ERROR: Finished searching memory - not enough space for allocation (53 bytes)
ERROR: Finished searching memory - not enough space for allocation (26 bytes)
ERROR: Finished searching memory - not enough space for allocation (31 bytes)
ERROR: Finished searching memory - not enough space for allocation (52 bytes)
ERROR: Finished searching memory - not enough space for allocation (52 bytes)
ERROR: Finished searching memory - not enough space for allocation (40 bytes)
ERROR: Finished searching memory - not enough space for allocation (51 bytes)
ERROR: Finished searching memory - not enough space for allocation (44 bytes)
ERROR: Finished searching memory - not enough space for allocation (22 bytes)
ERROR: Finished searching memory - not enough space for allocation (22 bytes)
ERROR: Finished searching memory - not enough space for allocation (39 bytes)
ERROR: Finished searching memory - not enough space for allocation (51 bytes)
ERROR: Finished searching memory - not enough space for allocation (61 bytes)
ERROR: Finished searching memory - not enough space for allocation (30 bytes)
ERROR: Finished searching memory - not enough space for allocation (48 bytes)
ERROR: Finished searching memory - not enough space for allocation (43 bytes)
ERROR: Finished searching memory - not enough space for allocation (4 bytes)
ERROR: Finished searching memory - not enough space for allocation (33 bytes)
ERROR: Finished searching memory - not enough space for allocation (58 bytes)
ERROR: Finished searching memory - not enough space for allocation (43 bytes)
ERROR: Finished searching memory - not enough space for allocation (45 bytes)
ERROR: Finished searching memory - not enough space for allocation (29 bytes)
ERROR: Finished searching memory - not enough space for allocation (63 bytes)
ERROR: Finished searching memory - not enough space for allocation (20 bytes)
ERROR: Finished searching memory - not enough space for allocation (49 bytes)
ERROR: Finished searching memory - not enough space for allocation (52 bytes)
ERROR: Finished searching memory - not enough space for allocation (51 bytes)
ERROR: Finished searching memory - not enough space for allocation (58 bytes)
ERROR: Finished searching memory - not enough space for allocation (22 bytes)
ERROR: Finished searching memory - not enough space for allocation (43 bytes)
ERROR: Finished searching memory - not enough space for allocation (59 bytes)
ERROR: Finished searching memory - not enough space for allocation (57 bytes)
ERROR: Finished searching memory - not enough space for allocation (33 bytes)
ERROR: Finished searching memory - not enough space for allocation (53 bytes)
ERROR: Finished searching memory - not enough space for allocation (63 bytes)
ERROR: Finished searching memory - not enough space for allocation (30 bytes)
ERROR: Finished searching memory - not enough space for allocation (4 bytes)
ERROR: Finished searching memory - not enough space for allocation (43 bytes)
ERROR: Finished searching memory - not enough space for allocation (57 bytes)
ERROR: Finished searching memory - not enough space for allocation (18 bytes)
ERROR: Finished searching memory - not enough space for allocation (42 bytes)
ERROR: Finished searching memory - not enough space for allocation (15 bytes)
ERROR: Finished searching memory - not enough space for allocation (56 bytes)
ERROR: Finished searching memory - not enough space for allocation (29 bytes)
ERROR: Finished searching memory - not enough space for allocation (16 bytes)
ERROR: Finished searching memory - not enough space for allocation (39 bytes)
ERROR: Finished searching memory - not enough space for allocation (61 bytes)
ERROR: Finished searching memory - not enough space for allocation (41 bytes)
ERROR: Finished searching memory - not enough space for allocation (52 bytes)
ERROR: Finished searching memory - not enough space for allocation (59 bytes)
ERROR: Finished searching memory - not enough space for allocation (32 bytes)
ERROR: Finished searching memory - not enough space for allocation (32 bytes)
ERROR: Finished searching memory - not enough space for allocation (30 bytes)
ERROR: Finished searching memory - not enough space for allocation (22 bytes)
ERROR: Finished searching memory - not enough space for allocation (39 bytes)
ERROR: Finished searching memory - not enough space for allocation (39 bytes)
ERROR: Finished searching memory - not enough space for allocation (18 bytes)
ERROR: Finished searching memory - not enough space for allocation (62 bytes)
ERROR: Finished searching memory - not enough space for allocation (54 bytes)
ERROR: Finished searching memory - not enough space for allocation (35 bytes)
ERROR: Finished searching memory - not enough space for allocation (28 bytes)
ERROR: Finished searching memory - not enough space for allocation (32 bytes)
ERROR: Finished searching memory - not enough space for allocation (56 bytes)
ERROR: Finished searching memory - not enough space for allocation (33 bytes)
ERROR: Finished searching memory - not enough space for allocation (31 bytes)
ERROR: Finished searching memory - not enough space for allocation (24 bytes)
ERROR: Finished searching memory - not enough space for allocation (18 bytes)
ERROR: Finished searching memory - not enough space for allocation (9 bytes)
ERROR: Finished searching memory - not enough space for allocation (36 bytes)
ERROR: Finished searching memory - not enough space for allocation (9 bytes)
ERROR: Finished searching memory - not enough space for allocation (40 bytes)
ERROR: Finished searching memory - not enough space for allocation (39 bytes)
ERROR: Finished searching memory - not enough space for allocation (50 bytes)
ERROR: Finished searching memory - not enough space for allocation (35 bytes)
ERROR: Finished searching memory - not enough space for allocation (30 bytes)
ERROR: Finished searching memory - not enough space for allocation (33 bytes)
ERROR: Finished searching memory - not enough space for allocation (61 bytes)
ERROR: Finished searching memory - not enough space for allocation (9 bytes)
ERROR: Finished searching memory - not enough space for allocation (20 bytes)
ERROR: Finished searching memory - not enough space for allocation (9 bytes)
ERROR: Finished searching memory - not enough space for allocation (27 bytes)
ERROR: Finished searching memory - not enough space for allocation (11 bytes)
ERROR: Finished searching memory - not enough space for allocation (27 bytes)
ERROR: Finished searching memory - not enough space for allocation (58 bytes)
ERROR: Finished searching memory - not enough space for allocation (64 bytes)
ERROR: Finished searching memory - not enough space for allocation (9 bytes)
ERROR: Finished searching memory - not enough space for allocation (29 bytes)
ERROR: Finished searching memory - not enough space for allocation (27 bytes)
ERROR: Finished searching memory - not enough space for allocation (34 bytes)
ERROR: Finished searching memory - not enough space for allocation (11 bytes)
ERROR: Finished searching memory - not enough space for allocation (60 bytes)
ERROR: Finished searching memory - not enough space for allocation (38 bytes)
ERROR: Finished searching memory - not enough space for allocation (9 bytes)
ERROR: Finished searching memory - not enough space for allocation (4 bytes)
ERROR: Finished searching memory - not enough space for allocation (51 bytes)
ERROR: Finished searching memory - not enough space for allocation (22 bytes)
ERROR: Finished searching memory - not enough space for allocation (26 bytes)
ERROR: Finished searching memory - not enough space for allocation (27 bytes)
ERROR: Finished searching memory - not enough space for allocation (46 bytes)
ERROR: Finished searching memory - not enough space for allocation (55 bytes)
ERROR: Finished searching memory - not enough space for allocation (22 bytes)
ERROR: Finished searching memory - not enough space for allocation (57 bytes)
ERROR: Finished searching memory - not enough space for allocation (43 bytes)
ERROR: Finished searching memory - not enough space for allocation (17 bytes)
ERROR: Finished searching memory - not enough space for allocation (41 bytes)
ERROR: Finished searching memory - not enough space for allocation (51 bytes)
ERROR: Finished searching memory - not enough space for allocation (8 bytes)
ERROR: Finished searching memory - not enough space for allocation (4 bytes)
ERROR: Finished searching memory - not enough space for allocation (47 bytes)
ERROR: Finished searching memory - not enough space for allocation (20 bytes)
ERROR: Finished searching memory - not enough space for allocation (47 bytes)
ERROR: Finished searching memory - not enough space for allocation (49 bytes)
ERROR: Finished searching memory - not enough space for allocation (50 bytes)
ERROR: Finished searching memory - not enough space for allocation (55 bytes)
ERROR: Finished searching memory - not enough space for allocation (22 bytes)
ERROR: Finished searching memory - not enough space for allocation (53 bytes)
ERROR: Finished searching memory - not enough space for allocation (40 bytes)
ERROR: Finished searching memory - not enough space for allocation (34 bytes)
ERROR: Finished searching memory - not enough space for allocation (48 bytes)
ERROR: Finished searching memory - not enough space for allocation (15 bytes)
ERROR: Finished searching memory - not enough space for allocation (58 bytes)
ERROR: Finished searching memory - not enough space for allocation (32 bytes)
ERROR: Finished searching memory - not enough space for allocation (24 bytes)
ERROR: Finished searching memory - not enough space for allocation (51 bytes)
ERROR: Finished searching memory - not enough space for allocation (62 bytes)
ERROR: Finished searching memory - not enough space for allocation (16 bytes)
ERROR: Finished searching memory - not enough space for allocation (60 bytes)
ERROR: Finished searching memory - not enough space for allocation (9 bytes)
ERROR: Finished searching memory - not enough space for allocation (55 bytes)
ERROR: Finished searching memory - not enough space for allocation (38 bytes)
ERROR: Finished searching memory - not enough space for allocation (30 bytes)
ERROR: Finished searching memory - not enough space for allocation (60 bytes)
ERROR: Finished searching memory - not enough space for allocation (32 bytes)
ERROR: Finished searching memory - not enough space for allocation (9 bytes)
ERROR: Finished searching memory - not enough space for allocation (38 bytes)
ERROR: Finished searching memory - not enough space for allocation (48 bytes)
ERROR: Finished searching memory - not enough space for allocation (22 bytes)
ERROR: Finished searching memory - not enough space for allocation (15 bytes)
ERROR: Finished searching memory - not enough space for allocation (35 bytes)
ERROR: Finished searching memory - not enough space for allocation (55 bytes)
ERROR: Finished searching memory - not enough space for allocation (30 bytes)
ERROR: Finished searching memory - not enough space for allocation (9 bytes)
ERROR: Finished searching memory - not enough space for allocation (40 bytes)
ERROR: Finished searching memory - not enough space for allocation (29 bytes)
ERROR: Finished searching memory - not enough space for allocation (60 bytes)
ERROR: Finished searching memory - not enough space for allocation (32 bytes)
ERROR: Finished searching memory - not enough space for allocation (41 bytes)
ERROR: Finished searching memory - not enough space for allocation (26 bytes)
ERROR: Finished searching memory - not enough space for allocation (51 bytes)
ERROR: Finished searching memory - not enough space for allocation (64 bytes)
ERROR: Finished searching memory - not enough space for allocation (27 bytes)
ERROR: Finished searching memory - not enough space for allocation (43 bytes)
ERROR: Finished searching memory - not enough space for allocation (43 bytes)
ERROR: Finished searching memory - not enough space for allocation (36 bytes)
ERROR: Finished searching memory - not enough space for allocation (24 bytes)
ERROR: Finished searching memory - not enough space for allocation (31 bytes)
ERROR: Finished searching memory - not enough space for allocation (20 bytes)
ERROR: Finished searching memory - not enough space for allocation (24 bytes)
ERROR: Finished searching memory - not enough space for allocation (37 bytes)
ERROR: Finished searching memory - not enough space for allocation (39 bytes)
ERROR: Finished searching memory - not enough space for allocation (48 bytes)
ERROR: Finished searching memory - not enough space for allocation (57 bytes)
ERROR: Finished searching memory - not enough space for allocation (63 bytes)
ERROR: Finished searching memory - not enough space for allocation (53 bytes)
ERROR: Finished searching memory - not enough space for allocation (54 bytes)
ERROR: Finished searching memory - not enough space for allocation (53 bytes)
ERROR: Finished searching memory - not enough space for allocation (56 bytes)
ERROR: Finished searching memory - not enough space for allocation (51 bytes)
ERROR: Finished searching memory - not enough space for allocation (20 bytes)
ERROR: Finished searching memory - not enough space for allocation (47 bytes)
ERROR: Finished searching memory - not enough space for allocation (34 bytes)
ERROR: Finished searching memory - not enough space for allocation (52 bytes)
ERROR: Finished searching memory - not enough space for allocation (60 bytes)
ERROR: Finished searching memory - not enough space for allocation (62 bytes)
ERROR: Finished searching memory - not enough space for allocation (55 bytes)
ERROR: Finished searching memory - not enough space for allocation (53 bytes)
ERROR: Finished searching memory - not enough space for allocation (9 bytes)
ERROR: Finished searching memory - not enough space for allocation (43 bytes)
ERROR: Finished searching memory - not enough space for allocation (54 bytes)
ERROR: Finished searching memory - not enough space for allocation (48 bytes)
ERROR: Finished searching memory - not enough space for allocation (47 bytes)
ERROR: Finished searching memory - not enough space for allocation (53 bytes)
ERROR: Finished searching memory - not enough space for allocation (20 bytes)
ERROR: Finished searching memory - not enough space for allocation (34 bytes)
ERROR: Finished searching memory - not enough space for allocation (41 bytes)
ERROR: Finished searching memory - not enough space for allocation (59 bytes)
ERROR: Finished searching memory - not enough space for allocation (64 bytes)
ERROR: Finished searching memory - not enough space for allocation (64 bytes)
ERROR: Finished searching memory - not enough space for allocation (63 bytes)
ERROR: Finished searching memory - not enough space for allocation (20 bytes)
ERROR: Finished searching memory - not enough space for allocation (29 bytes)
ERROR: Finished searching memory - not enough space for allocation (8 bytes)
ERROR: Finished searching memory - not enough space for allocation (18 bytes)
ERROR: Finished searching memory - not enough space for allocation (51 bytes)
ERROR: Finished searching memory - not enough space for allocation (48 bytes)
ERROR: Finished searching memory - not enough space for allocation (58 bytes)
ERROR: Finished searching memory - not enough space for allocation (55 bytes)
ERROR: Finished searching memory - not enough space for allocation (33 bytes)
ERROR: Finished searching memory - not enough space for allocation (56 bytes)
ERROR: Finished searching memory - not enough space for allocation (54 bytes)
ERROR: Finished searching memory - not enough space for allocation (51 bytes)
ERROR: Finished searching memory - not enough space for allocation (54 bytes)
ERROR: Finished searching memory - not enough space for allocation (43 bytes)
ERROR: Finished searching memory - not enough space for allocation (53 bytes)
ERROR: Finished searching memory - not enough space for allocation (29 bytes)
ERROR: Finished searching memory - not enough space for allocation (60 bytes)
ERROR: Finished searching memory - not enough space for allocation (19 bytes)
ERROR: Finished searching memory - not enough space for allocation (33 bytes)
ERROR: Finished searching memory - not enough space for allocation (19 bytes)
ERROR: Finished searching memory - not enough space for allocation (11 bytes)
ERROR: Finished searching memory - not enough space for allocation (45 bytes)
ERROR: Finished searching memory - not enough space for allocation (60 bytes)
ERROR: Finished searching memory - not enough space for allocation (39 bytes)
ERROR: Finished searching memory - not enough space for allocation (54 bytes)
ERROR: Finished searching memory - not enough space for allocation (16 bytes)
ERROR: Finished searching memory - not enough space for allocation (38 bytes)
ERROR: Finished searching memory - not enough space for allocation (22 bytes)
ERROR: Finished searching memory - not enough space for allocation (9 bytes)
ERROR: Finished searching memory - not enough space for allocation (49 bytes)
ERROR: Finished searching memory - not enough space for allocation (48 bytes)
ERROR: Finished searching memory - not enough space for allocation (12 bytes)
ERROR: Finished searching memory - not enough space for allocation (48 bytes)
ERROR: Finished searching memory - not enough space for allocation (61 bytes)
ERROR: Finished searching memory - not enough space for allocation (19 bytes)
ERROR: Finished searching memory - not enough space for allocation (62 bytes)
ERROR: Finished searching memory - not enough space for allocation (19 bytes)
ERROR: Finished searching memory - not enough space for allocation (42 bytes)
ERROR: Finished searching memory - not enough space for allocation (56 bytes)
ERROR: Finished searching memory - not enough space for allocation (37 bytes)
ERROR: Finished searching memory - not enough space for allocation (59 bytes)
ERROR: Finished searching memory - not enough space for allocation (58 bytes)
ERROR: Finished searching memory - not enough space for allocation (8 bytes)
ERROR: Finished searching memory - not enough space for allocation (64 bytes)
ERROR: Finished searching memory - not enough space for allocation (50 bytes)
ERROR: Finished searching memory - not enough space for allocation (19 bytes)
ERROR: Finished searching memory - not enough space for allocation (61 bytes)
ERROR: Finished searching memory - not enough space for allocation (43 bytes)
ERROR: Finished searching memory - not enough space for allocation (4 bytes)
ERROR: Finished searching memory - not enough space for allocation (35 bytes)
ERROR: Finished searching memory - not enough space for allocation (38 bytes)
ERROR: Finished searching memory - not enough space for allocation (44 bytes)
ERROR: Finished searching memory - not enough space for allocation (8 bytes)
ERROR: Finished searching memory - not enough space for allocation (55 bytes)
ERROR: Finished searching memory - not enough space for allocation (53 bytes)
ERROR: Finished searching memory - not enough space for allocation (61 bytes)
ERROR: Finished searching memory - not enough space for allocation (57 bytes)
ERROR: Finished searching memory - not enough space for allocation (49 bytes)
ERROR: Finished searching memory - not enough space for allocation (8 bytes)
ERROR: Finished searching memory - not enough space for allocation (28 bytes)
ERROR: Finished searching memory - not enough space for allocation (60 bytes)
ERROR: Finished searching memory - not enough space for allocation (35 bytes)
ERROR: Finished searching memory - not enough space for allocation (42 bytes)
ERROR: Finished searching memory - not enough space for allocation (56 bytes)
ERROR: Finished searching memory - not enough space for allocation (55 bytes)
ERROR: Finished searching memory - not enough space for allocation (51 bytes)
ERROR: Finished searching memory - not enough space for allocation (29 bytes)
ERROR: Finished searching memory - not enough space for allocation (60 bytes)
ERROR: Finished searching memory - not enough space for allocation (60 bytes)
ERROR: Finished searching memory - not enough space for allocation (24 bytes)
ERROR: Finished searching memory - not enough space for allocation (50 bytes)
ERROR: Finished searching memory - not enough space for allocation (51 bytes)
ERROR: Finished searching memory - not enough space for allocation (28 bytes)
ERROR: Finished searching memory - not enough space for allocation (62 bytes)
ERROR: Finished searching memory - not enough space for allocation (24 bytes)
ERROR: Finished searching memory - not enough space for allocation (24 bytes)
ERROR: Finished searching memory - not enough space for allocation (22 bytes)
ERROR: Finished searching memory - not enough space for allocation (38 bytes)
ERROR: Finished searching memory - not enough space for allocation (51 bytes)
ERROR: Finished searching memory - not enough space for allocation (30 bytes)
ERROR: Finished searching memory - not enough space for allocation (32 bytes)
ERROR: Finished searching memory - not enough space for allocation (19 bytes)
ERROR: Finished searching memory - not enough space for allocation (11 bytes)
ERROR: Finished searching memory - not enough space for allocation (48 bytes)
ERROR: Finished searching memory - not enough space for allocation (64 bytes)
ERROR: Finished searching memory - not enough space for allocation (40 bytes)
ERROR: Finished searching memory - not enough space for allocation (32 bytes)
ERROR: Finished searching memory - not enough space for allocation (8 bytes)
ERROR: Finished searching memory - not enough space for allocation (11 bytes)
ERROR: Finished searching memory - not enough space for allocation (59 bytes)
ERROR: Finished searching memory - not enough space for allocation (29 bytes)
ERROR: Finished searching memory - not enough space for allocation (38 bytes)
ERROR: Finished searching memory - not enough space for allocation (19 bytes)
ERROR: Finished searching memory - not enough space for allocation (26 bytes)
ERROR: Finished searching memory - not enough space for allocation (43 bytes)
ERROR: Finished searching memory - not enough space for allocation (49 bytes)
ERROR: Finished searching memory - not enough space for allocation (9 bytes)
ERROR: Finished searching memory - not enough space for allocation (57 bytes)
ERROR: Finished searching memory - not enough space for allocation (17 bytes)
ERROR: Finished searching memory - not enough space for allocation (32 bytes)
ERROR: Finished searching memory - not enough space for allocation (37 bytes)
ERROR: Finished searching memory - not enough space for allocation (11 bytes)
ERROR: Finished searching memory - not enough space for allocation (31 bytes)
ERROR: Finished searching memory - not enough space for allocation (64 bytes)
ERROR: Finished searching memory - not enough space for allocation (51 bytes)
ERROR: Finished searching memory - not enough space for allocation (59 bytes)
ERROR: Finished searching memory - not enough space for allocation (36 bytes)
ERROR: Finished searching memory - not enough space for allocation (24 bytes)
ERROR: Finished searching memory - not enough space for allocation (51 bytes)
ERROR: Finished searching memory - not enough space for allocation (39 bytes)
ERROR: Finished searching memory - not enough space for allocation (45 bytes)
ERROR: Finished searching memory - not enough space for allocation (16 bytes)
ERROR: Finished searching memory - not enough space for allocation (55 bytes)
ERROR: Finished searching memory - not enough space for allocation (4 bytes)
ERROR: Finished searching memory - not enough space for allocation (24 bytes)
ERROR: Finished searching memory - not enough space for allocation (16 bytes)
ERROR: Finished searching memory - not enough space for allocation (29 bytes)
ERROR: Finished searching memory - not enough space for allocation (46 bytes)
ERROR: Finished searching memory - not enough space for allocation (45 bytes)
ERROR: Finished searching memory - not enough space for allocation (46 bytes)
ERROR: Finished searching memory - not enough space for allocation (11 bytes)
ERROR: Finished searching memory - not enough space for allocation (11 bytes)
ERROR: Finished searching memory - not enough space for allocation (47 bytes)
ERROR: Finished searching memory - not enough space for allocation (57 bytes)
ERROR: Finished searching memory - not enough space for allocation (48 bytes)
ERROR: Finished searching memory - not enough space for allocation (40 bytes)
ERROR: Finished searching memory - not enough space for allocation (50 bytes)
ERROR: Finished searching memory - not enough space for allocation (32 bytes)
ERROR: Finished searching memory - not enough space for allocation (52 bytes)
ERROR: Finished searching memory - not enough space for allocation (26 bytes)
ERROR: Finished searching memory - not enough space for allocation (15 bytes)
ERROR: Finished searching memory - not enough space for allocation (18 bytes)
ERROR: Finished searching memory - not enough space for allocation (38 bytes)
ERROR: Finished searching memory - not enough space for allocation (24 bytes)
ERROR: Finished searching memory - not enough space for allocation (54 bytes)
ERROR: Finished searching memory - not enough space for allocation (44 bytes)
ERROR: Finished searching memory - not enough space for allocation (43 bytes)
ERROR: Finished searching memory - not enough space for allocation (46 bytes)
ERROR: Finished searching memory - not enough space for allocation (11 bytes)
ERROR: Finished searching memory - not enough space for allocation (53 bytes)
ERROR: Finished searching memory - not enough space for allocation (57 bytes)
ERROR: Finished searching memory - not enough space for allocation (30 bytes)
ERROR: Finished searching memory - not enough space for allocation (8 bytes)
ERROR: Finished searching memory - not enough space for allocation (46 bytes)
ERROR: Finished searching memory - not enough space for allocation (44 bytes)
ERROR: Finished searching memory - not enough space for allocation (64 bytes)
ERROR: Finished searching memory - not enough space for allocation (40 bytes)
ERROR: Finished searching memory - not enough space for allocation (62 bytes)
ERROR: Finished searching memory - not enough space for allocation (30 bytes)
ERROR: Finished searching memory - not enough space for allocation (9 bytes)
ERROR: Finished searching memory - not enough space for allocation (56 bytes)
ERROR: Finished searching memory - not enough space for allocation (55 bytes)
ERROR: Finished searching memory - not enough space for allocation (59 bytes)
ERROR: Finished searching memory - not enough space for allocation (33 bytes)
ERROR: Finished searching memory - not enough space for allocation (31 bytes)
ERROR: Finished searching memory - not enough space for allocation (43 bytes)
ERROR: Finished searching memory - not enough space for allocation (18 bytes)
ERROR: Finished searching memory - not enough space for allocation (18 bytes)
ERROR: Finished searching memory - not enough space for allocation (43 bytes)
ERROR: Finished searching memory - not enough space for allocation (59 bytes)
ERROR: Finished searching memory - not enough space for allocation (39 bytes)
ERROR: Finished searching memory - not enough space for allocation (44 bytes)
ERROR: Finished searching memory - not enough space for allocation (43 bytes)
ERROR: Finished searching memory - not enough space for allocation (31 bytes)
ERROR: Finished searching memory - not enough space for allocation (16 bytes)
ERROR: Finished searching memory - not enough space for allocation (28 bytes)
ERROR: Finished searching memory - not enough space for allocation (42 bytes)
ERROR: Finished searching memory - not enough space for allocation (43 bytes)
ERROR: Finished searching memory - not enough space for allocation (34 bytes)
ERROR: Finished searching memory - not enough space for allocation (34 bytes)
ERROR: Finished searching memory - not enough space for allocation (37 bytes)
ERROR: Finished searching memory - not enough space for allocation (49 bytes)
ERROR: Finished searching memory - not enough space for allocation (36 bytes)
ERROR: Finished searching memory - not enough space for allocation (8 bytes)
ERROR: Finished searching memory - not enough space for allocation (63 bytes)
ERROR: Finished searching memory - not enough space for allocation (28 bytes)
ERROR: Finished searching memory - not enough space for allocation (54 bytes)
ERROR: Finished searching memory - not enough space for allocation (52 bytes)
ERROR: Finished searching memory - not enough space for allocation (27 bytes)
ERROR: Finished searching memory - not enough space for allocation (24 bytes)
ERROR: Finished searching memory - not enough space for allocation (8 bytes)
ERROR: Finished searching memory - not enough space for allocation (29 bytes)
ERROR: Finished searching memory - not enough space for allocation (20 bytes)
ERROR: Finished searching memory - not enough space for allocation (44 bytes)
ERROR: Finished searching memory - not enough space for allocation (45 bytes)
ERROR: Finished searching memory - not enough space for allocation (53 bytes)
ERROR: Finished searching memory - not enough space for allocation (40 bytes)
ERROR: Finished searching memory - not enough space for allocation (46 bytes)
ERROR: Finished searching memory - not enough space for allocation (28 bytes)
ERROR: Finished searching memory - not enough space for allocation (55 bytes)
ERROR: Finished searching memory - not enough space for allocation (59 bytes)
ERROR: Finished searching memory - not enough space for allocation (62 bytes)
ERROR: Finished searching memory - not enough space for allocation (20 bytes)
ERROR: Finished searching memory - not enough space for allocation (22 bytes)
ERROR: Finished searching memory - not enough space for allocation (44 bytes)
ERROR: Finished searching memory - not enough space for allocation (52 bytes)
ERROR: Finished searching memory - not enough space for allocation (49 bytes)
ERROR: Finished searching memory - not enough space for allocation (42 bytes)
ERROR: Finished searching memory - not enough space for allocation (49 bytes)
ERROR: Finished searching memory - not enough space for allocation (43 bytes)
ERROR: Finished searching memory - not enough space for allocation (9 bytes)
ERROR: Finished searching memory - not enough space for allocation (8 bytes)
ERROR: Finished searching memory - not enough space for allocation (33 bytes)
ERROR: Finished searching memory - not enough space for allocation (61 bytes)
ERROR: Finished searching memory - not enough space for allocation (48 bytes)
ERROR: Finished searching memory - not enough space for allocation (27 bytes)
ERROR: Finished searching memory - not enough space for allocation (4 bytes)
ERROR: Finished searching memory - not enough space for allocation (37 bytes)
ERROR: Finished searching memory - not enough space for allocation (30 bytes)
ERROR: Finished searching memory - not enough space for allocation (31 bytes)
ERROR: Finished searching memory - not enough space for allocation (19 bytes)
ERROR: Finished searching memory - not enough space for allocation (46 bytes)
ERROR: Finished searching memory - not enough space for allocation (52 bytes)
ERROR: Finished searching memory - not enough space for allocation (11 bytes)
ERROR: Finished searching memory - not enough space for allocation (24 bytes)
ERROR: Finished searching memory - not enough space for allocation (37 bytes)
ERROR: Finished searching memory - not enough space for allocation (30 bytes)
ERROR: Finished searching memory - not enough space for allocation (30 bytes)
ERROR: Finished searching memory - not enough space for allocation (58 bytes)
ERROR: Finished searching memory - not enough space for allocation (41 bytes)
ERROR: Finished searching memory - not enough space for allocation (40 bytes)
ERROR: Finished searching memory - not enough space for allocation (51 bytes)
ERROR: Finished searching memory - not enough space for allocation (48 bytes)
ERROR: Finished searching memory - not enough space for allocation (61 bytes)
ERROR: Finished searching memory - not enough space for allocation (19 bytes)
ERROR: Finished searching memory - not enough space for allocation (42 bytes)
ERROR: Finished searching memory - not enough space for allocation (52 bytes)
ERROR: Finished searching memory - not enough space for allocation (33 bytes)
ERROR: Finished searching memory - not enough space for allocation (48 bytes)
ERROR: Finished searching memory - not enough space for allocation (46 bytes)
ERROR: Finished searching memory - not enough space for allocation (4 bytes)
ERROR: Finished searching memory - not enough space for allocation (32 bytes)
ERROR: Finished searching memory - not enough space for allocation (41 bytes)
ERROR: Finished searching memory - not enough space for allocation (20 bytes)
ERROR: Finished searching memory - not enough space for allocation (50 bytes)
ERROR: Finished searching memory - not enough space for allocation (15 bytes)
ERROR: Finished searching memory - not enough space for allocation (53 bytes)
ERROR: Finished searching memory - not enough space for allocation (60 bytes)
ERROR: Finished searching memory - not enough space for allocation (49 bytes)
ERROR: Finished searching memory - not enough space for allocation (46 bytes)
ERROR: Finished searching memory - not enough space for allocation (18 bytes)
ERROR: Finished searching memory - not enough space for allocation (26 bytes)
ERROR: Finished searching memory - not enough space for allocation (53 bytes)
ERROR: Finished searching memory - not enough space for allocation (41 bytes)
ERROR: Finished searching memory - not enough space for allocation (36 bytes)
ERROR: Finished searching memory - not enough space for allocation (18 bytes)
ERROR: Finished searching memory - not enough space for allocation (60 bytes)
ERROR: Finished searching memory - not enough space for allocation (48 bytes)
ERROR: Finished searching memory - not enough space for allocation (26 bytes)
ERROR: Finished searching memory - not enough space for allocation (9 bytes)
ERROR: Finished searching memory - not enough space for allocation (51 bytes)
ERROR: Finished searching memory - not enough space for allocation (40 bytes)
ERROR: Finished searching memory - not enough space for allocation (42 bytes)
ERROR: Finished searching memory - not enough space for allocation (46 bytes)
ERROR: Finished searching memory - not enough space for allocation (45 bytes)
ERROR: Finished searching memory - not enough space for allocation (49 bytes)
ERROR: Finished searching memory - not enough space for allocation (52 bytes)
ERROR: Finished searching memory - not enough space for allocation (45 bytes)
ERROR: Finished searching memory - not enough space for allocation (27 bytes)
ERROR: Finished searching memory - not enough space for allocation (29 bytes)
ERROR: Finished searching memory - not enough space for allocation (57 bytes)
ERROR: Finished searching memory - not enough space for allocation (26 bytes)
ERROR: Finished searching memory - not enough space for allocation (8 bytes)
ERROR: Finished searching memory - not enough space for allocation (51 bytes)
ERROR: Finished searching memory - not enough space for allocation (38 bytes)
ERROR: Finished searching memory - not enough space for allocation (60 bytes)
ERROR: Finished searching memory - not enough space for allocation (47 bytes)
ERROR: Finished searching memory - not enough space for allocation (15 bytes)
ERROR: Finished searching memory - not enough space for allocation (47 bytes)
ERROR: Finished searching memory - not enough space for allocation (27 bytes)
ERROR: Finished searching memory - not enough space for allocation (57 bytes)
ERROR: Finished searching memory - not enough space for allocation (18 bytes)
ERROR: Finished searching memory - not enough space for allocation (26 bytes)
ERROR: Finished searching memory - not enough space for allocation (34 bytes)
ERROR: Finished searching memory - not enough space for allocation (22 bytes)
ERROR: Finished searching memory - not enough space for allocation (34 bytes)
ERROR: Finished searching memory - not enough space for allocation (35 bytes)
ERROR: Finished searching memory - not enough space for allocation (6 bytes)
ERROR: Finished searching memory - not enough space for allocation (32 bytes)
ERROR: Finished searching memory - not enough space for allocation (37 bytes)
ERROR: Finished searching memory - not enough space for allocation (19 bytes)
ERROR: Finished searching memory - not enough space for allocation (11 bytes)
ERROR: Finished searching memory - not enough space for allocation (44 bytes)
ERROR: Finished searching memory - not enough space for allocation (46 bytes)
ERROR: Finished searching memory - not enough space for allocation (9 bytes)
ERROR: Finished searching memory - not enough space for allocation (17 bytes)
ERROR: Finished searching memory - not enough space for allocation (53 bytes)
ERROR: Finished searching memory - not enough space for allocation (51 bytes)
ERROR: Finished searching memory - not enough space for allocation (45 bytes)
ERROR: Finished searching memory - not enough space for allocation (54 bytes)
ERROR: Finished searching memory - not enough space for allocation (56 bytes)
ERROR: Finished searching memory - not enough space for allocation (48 bytes)
ERROR: Finished searching memory - not enough space for allocation (28 bytes)
ERROR: Finished searching memory - not enough space for allocation (53 bytes)
ERROR: Finished searching memory - not enough space for allocation (49 bytes)
ERROR: Finished searching memory - not enough space for allocation (27 bytes)
ERROR: Finished searching memory - not enough space for allocation (16 bytes)
ERROR: Finished searching memory - not enough space for allocation (63 bytes)
ERROR: Finished searching memory - not enough space for allocation (28 bytes)
ERROR: Finished searching memory - not enough space for allocation (63 bytes)
ERROR: Finished searching memory - not enough space for allocation (46 bytes)
ERROR: Finished searching memory - not enough space for allocation (53 bytes)
ERROR: Finished searching memory - not enough space for allocation (28 bytes)
ERROR: Finished searching memory - not enough space for allocation (41 bytes)
ERROR: Finished searching memory - not enough space for allocation (44 bytes)
ERROR: Finished searching memory - not enough space for allocation (29 bytes)
ERROR: Finished searching memory - not enough space for allocation (16 bytes)
ERROR: Finished searching memory - not enough space for allocation (60 bytes)
ERROR: Finished searching memory - not enough space for allocation (20 bytes)
ERROR: Finished searching memory - not enough space for allocation (38 bytes)
ERROR: Finished searching memory - not enough space for allocation (43 bytes)
ERROR: Finished searching memory - not enough space for allocation (30 bytes)
ERROR: Finished searching memory - not enough space for allocation (29 bytes)
ERROR: Finished searching memory - not enough space for allocation (48 bytes)
ERROR: Finished searching memory - not enough space for allocation (37 bytes)
ERROR: Finished searching memory - not enough space for allocation (57 bytes)
ERROR: Finished searching memory - not enough space for allocation (64 bytes)
ERROR: Finished searching memory - not enough space for allocation (51 bytes)
ERROR: Finished searching memory - not enough space for allocation (59 bytes)
ERROR: Finished searching memory - not enough space for allocation (45 bytes)
ERROR: Finished searching memory - not enough space for allocation (57 bytes)
ERROR: Finished searching memory - not enough space for allocation (30 bytes)
ERROR: Finished searching memory - not enough space for allocation (11 bytes)
ERROR: Finished searching memory - not enough space for allocation (30 bytes)
ERROR: Finished searching memory - not enough space for allocation (43 bytes)
ERROR: Finished searching memory - not enough space for allocation (45 bytes)
ERROR: Finished searching memory - not enough space for allocation (50 bytes)
ERROR: Finished searching memory - not enough space for allocation (60 bytes)
ERROR: Finished searching memory - not enough space for allocation (38 bytes)
ERROR: Finished searching memory - not enough space for allocation (64 bytes)
ERROR: Finished searching memory - not enough space for allocation (33 bytes)
ERROR: Finished searching memory - not enough space for allocation (51 bytes)
ERROR: Finished searching memory - not enough space for allocation (27 bytes)
ERROR: Finished searching memory - not enough space for allocation (55 bytes)
ERROR: Finished searching memory - not enough space for allocation (20 bytes)
ERROR: Finished searching memory - not enough space for allocation (54 bytes)
ERROR: Finished searching memory - not enough space for allocation (32 bytes)
ERROR: Finished searching memory - not enough space for allocation (8 bytes)
ERROR: Finished searching memory - not enough space for allocation (56 bytes)
ERROR: Finished searching memory - not enough space for allocation (8 bytes)
ERROR: Finished searching memory - not enough space for allocation (61 bytes)
ERROR: Finished searching memory - not enough space for allocation (53 bytes)
ERROR: Finished searching memory - not enough space for allocation (57 bytes)
ERROR: Finished searching memory - not enough space for allocation (58 bytes)
ERROR: Finished searching memory - not enough space for allocation (32 bytes)
ERROR: Finished searching memory - not enough space for allocation (57 bytes)
ERROR: Finished searching memory - not enough space for allocation (8 bytes)
ERROR: Finished searching memory - not enough space for allocation (34 bytes)
ERROR: Finished searching memory - not enough space for allocation (38 bytes)
ERROR: Finished searching memory - not enough space for allocation (52 bytes)
ERROR: Finished searching memory - not enough space for allocation (30 bytes)
ERROR: Finished searching memory - not enough space for allocation (48 bytes)
ERROR: Finished searching memory - not enough space for allocation (16 bytes)
ERROR: Finished searching memory - not enough space for allocation (55 bytes)
ERROR: Finished searching memory - not enough space for allocation (57 bytes)
ERROR: Finished searching memory - not enough space for allocation (53 bytes)
ERROR: Finished searching memory - not enough space for allocation (8 bytes)
ERROR: Finished searching memory - not enough space for allocation (36 bytes)
ERROR: Finished searching memory - not enough space for allocation (54 bytes)
ERROR: Finished searching memory - not enough space for allocation (34 bytes)
ERROR: Finished searching memory - not enough space for allocation (30 bytes)
ERROR: Finished searching memory - not enough space for allocation (61 bytes)
ERROR: Finished searching memory - not enough space for allocation (41 bytes)
ERROR: Finished searching memory - not enough space for allocation (26 bytes)
ERROR: Finished searching memory - not enough space for allocation (43 bytes)
ERROR: Finished searching memory - not enough space for allocation (37 bytes)
ERROR: Finished searching memory - not enough space for allocation (40 bytes)
ERROR: Finished searching memory - not enough space for allocation (40 bytes)
ERROR: Finished searching memory - not enough space for allocation (60 bytes)
ERROR: Finished searching memory - not enough space for allocation (40 bytes)
ERROR: Finished searching memory - not enough space for allocation (51 bytes)
ERROR: Finished searching memory - not enough space for allocation (39 bytes)
ERROR: Finished searching memory - not enough space for allocation (47 bytes)
ERROR: Finished searching memory - not enough space for allocation (32 bytes)
ERROR: Finished searching memory - not enough space for allocation (56 bytes)
ERROR: Finished searching memory - not enough space for allocation (17 bytes)
ERROR: Finished searching memory - not enough space for allocation (64 bytes)
ERROR: Finished searching memory - not enough space for allocation (28 bytes)
ERROR: Finished searching memory - not enough space for allocation (59 bytes)
ERROR: Finished searching memory - not enough space for allocation (28 bytes)
ERROR: Finished searching memory - not enough space for allocation (24 bytes)
ERROR: Finished searching memory - not enough space for allocation (50 bytes)
ERROR: Finished searching memory - not enough space for allocation (22 bytes)
ERROR: Finished searching memory - not enough space for allocation (50 bytes)
ERROR: Finished searching memory - not enough space for allocation (32 bytes)
ERROR: Finished searching memory - not enough space for allocation (45 bytes)
ERROR: Finished searching memory - not enough space for allocation (45 bytes)
ERROR: Finished searching memory - not enough space for allocation (50 bytes)
ERROR: Finished searching memory - not enough space for allocation (63 bytes)
ERROR: Finished searching memory - not enough space for allocation (9 bytes)
ERROR: Finished searching memory - not enough space for allocation (46 bytes)
ERROR: Finished searching memory - not enough space for allocation (44 bytes)
ERROR: Finished searching memory - not enough space for allocation (59 bytes)
ERROR: Finished searching memory - not enough space for allocation (28 bytes)
ERROR: Finished searching memory - not enough space for allocation (53 bytes)
ERROR: Finished searching memory - not enough space for allocation (18 bytes)
ERROR: Finished searching memory - not enough space for allocation (50 bytes)
ERROR: Finished searching memory - not enough space for allocation (59 bytes)
ERROR: Finished searching memory - not enough space for allocation (38 bytes)
ERROR: Finished searching memory - not enough space for allocation (4 bytes)
ERROR: Finished searching memory - not enough space for allocation (33 bytes)
ERROR: Finished searching memory - not enough space for allocation (26 bytes)
ERROR: Finished searching memory - not enough space for allocation (4 bytes)
ERROR: Finished searching memory - not enough space for allocation (26 bytes)
ERROR: Finished searching memory - not enough space for allocation (36 bytes)
ERROR: Finished searching memory - not enough space for allocation (37 bytes)
ERROR: Finished searching memory - not enough space for allocation (40 bytes)
ERROR: Finished searching memory - not enough space for allocation (11 bytes)
ERROR: Finished searching memory - not enough space for allocation (49 bytes)
ERROR: Finished searching memory - not enough space for allocation (51 bytes)
ERROR: Finished searching memory - not enough space for allocation (48 bytes)
ERROR: Finished searching memory - not enough space for allocation (4 bytes)
ERROR: Finished searching memory - not enough space for allocation (8 bytes)
ERROR: Finished searching memory - not enough space for allocation (24 bytes)
ERROR: Finished searching memory - not enough space for allocation (8 bytes)
ERROR: Finished searching memory - not enough space for allocation (35 bytes)
ERROR: Finished searching memory - not enough space for allocation (64 bytes)
ERROR: Finished searching memory - not enough space for allocation (48 bytes)
ERROR: Finished searching memory - not enough space for allocation (16 bytes)
ERROR: Finished searching memory - not enough space for allocation (58 bytes)
ERROR: Finished searching memory - not enough space for allocation (49 bytes)
ERROR: Finished searching memory - not enough space for allocation (54 bytes)
ERROR: Finished searching memory - not enough space for allocation (19 bytes)
ERROR: Finished searching memory - not enough space for allocation (27 bytes)
ERROR: Finished searching memory - not enough space for allocation (16 bytes)
ERROR: Finished searching memory - not enough space for allocation (59 bytes)
ERROR: Finished searching memory - not enough space for allocation (31 bytes)
ERROR: Finished searching memory - not enough space for allocation (64 bytes)
ERROR: Finished searching memory - not enough space for allocation (19 bytes)
ERROR: Finished searching memory - not enough space for allocation (54 bytes)
ERROR: Finished searching memory - not enough space for allocation (35 bytes)
ERROR: Finished searching memory - not enough space for allocation (38 bytes)
ERROR: Finished searching memory - not enough space for allocation (8 bytes)
ERROR: Finished searching memory - not enough space for allocation (11 bytes)
ERROR: Finished searching memory - not enough space for allocation (46 bytes)
ERROR: Finished searching memory - not enough space for allocation (34 bytes)
ERROR: Finished searching memory - not enough space for allocation (45 bytes)
ERROR: Finished searching memory - not enough space for allocation (33 bytes)
ERROR: Finished searching memory - not enough space for allocation (27 bytes)
ERROR: Finished searching memory - not enough space for allocation (64 bytes)
ERROR: Finished searching memory - not enough space for allocation (22 bytes)
ERROR: Finished searching memory - not enough space for allocation (62 bytes)
ERROR: Finished searching memory - not enough space for allocation (45 bytes)
ERROR: Finished searching memory - not enough space for allocation (36 bytes)
ERROR: Finished searching memory - not enough space for allocation (19 bytes)
ERROR: Finished searching memory - not enough space for allocation (64 bytes)
ERROR: Finished searching memory - not enough space for allocation (51 bytes)
ERROR: Finished searching memory - not enough space for allocation (54 bytes)
ERROR: Finished searching memory - not enough space for allocation (16 bytes)
ERROR: Finished searching memory - not enough space for allocation (49 bytes)
ERROR: Finished searching memory - not enough space for allocation (31 bytes)
ERROR: Finished searching memory - not enough space for allocation (58 bytes)
ERROR: Finished searching memory - not enough space for allocation (35 bytes)
ERROR: Finished searching memory - not enough space for allocation (24 bytes)
ERROR: Finished searching memory - not enough space for allocation (56 bytes)
ERROR: Finished searching memory - not enough space for allocation (22 bytes)
ERROR: Finished searching memory - not enough space for allocation (31 bytes)
ERROR: Finished searching memory - not enough space for allocation (32 bytes)
ERROR: Finished searching memory - not enough space for allocation (26 bytes)
ERROR: Finished searching memory - not enough space for allocation (44 bytes)
ERROR: Finished searching memory - not enough space for allocation (4 bytes)
ERROR: Finished searching memory - not enough space for allocation (30 bytes)
ERROR: Finished searching memory - not enough space for allocation (60 bytes)
ERROR: Finished searching memory - not enough space for allocation (40 bytes)
ERROR: Finished searching memory - not enough space for allocation (16 bytes)
ERROR: Finished searching memory - not enough space for allocation (61 bytes)
ERROR: Finished searching memory - not enough space for allocation (46 bytes)
ERROR: Finished searching memory - not enough space for allocation (22 bytes)
ERROR: Finished searching memory - not enough space for allocation (48 bytes)
ERROR: Finished searching memory - not enough space for allocation (64 bytes)
ERROR: Finished searching memory - not enough space for allocation (8 bytes)
ERROR: Finished searching memory - not enough space for allocation (19 bytes)
ERROR: Finished searching memory - not enough space for allocation (50 bytes)
ERROR: Finished searching memory - not enough space for allocation (50 bytes)
ERROR: Finished searching memory - not enough space for allocation (31 bytes)
ERROR: Finished searching memory - not enough space for allocation (28 bytes)
ERROR: Finished searching memory - not enough space for allocation (49 bytes)
ERROR: Finished searching memory - not enough space for allocation (36 bytes)
ERROR: Finished searching memory - not enough space for allocation (9 bytes)
ERROR: Finished searching memory - not enough space for allocation (49 bytes)
ERROR: Finished searching memory - not enough space for allocation (39 bytes)
ERROR: Finished searching memory - not enough space for allocation (19 bytes)
ERROR: Finished searching memory - not enough space for allocation (9 bytes)
ERROR: Finished searching memory - not enough space for allocation (18 bytes)
ERROR: Finished searching memory - not enough space for allocation (22 bytes)
ERROR: Finished searching memory - not enough space for allocation (35 bytes)
ERROR: Finished searching memory - not enough space for allocation (38 bytes)
ERROR: Finished searching memory - not enough space for allocation (55 bytes)
ERROR: Finished searching memory - not enough space for allocation (15 bytes)
ERROR: Finished searching memory - not enough space for allocation (60 bytes)
ERROR: Finished searching memory - not enough space for allocation (8 bytes)
ERROR: Finished searching memory - not enough space for allocation (56 bytes)
ERROR: Finished searching memory - not enough space for allocation (40 bytes)
ERROR: Finished searching memory - not enough space for allocation (50 bytes)
ERROR: Finished searching memory - not enough space for allocation (53 bytes)
ERROR: Finished searching memory - not enough space for allocation (30 bytes)
ERROR: Finished searching memory - not enough space for allocation (37 bytes)
ERROR: Finished searching memory - not enough space for allocation (20 bytes)
ERROR: Finished searching memory - not enough space for allocation (62 bytes)
ERROR: Finished searching memory - not enough space for allocation (37 bytes)
ERROR: Finished searching memory - not enough space for allocation (40 bytes)
ERROR: Finished searching memory - not enough space for allocation (61 bytes)
ERROR: Finished searching memory - not enough space for allocation (61 bytes)
ERROR: Finished searching memory - not enough space for allocation (43 bytes)
ERROR: Finished searching memory - not enough space for allocation (36 bytes)
ERROR: Finished searching memory - not enough space for allocation (9 bytes)
ERROR: Finished searching memory - not enough space for allocation (26 bytes)
ERROR: Finished searching memory - not enough space for allocation (42 bytes)
ERROR: Finished searching memory - not enough space for allocation (30 bytes)
ERROR: Finished searching memory - not enough space for allocation (34 bytes)
ERROR: Finished searching memory - not enough space for allocation (64 bytes)
ERROR: Finished searching memory - not enough space for allocation (63 bytes)
ERROR: Finished searching memory - not enough space for allocation (61 bytes)
ERROR: Finished searching memory - not enough space for allocation (38 bytes)
ERROR: Finished searching memory - not enough space for allocation (64 bytes)
ERROR: Finished searching memory - not enough space for allocation (59 bytes)
ERROR: Finished searching memory - not enough space for allocation (16 bytes)
ERROR: Finished searching memory - not enough space for allocation (20 bytes)
ERROR: Finished searching memory - not enough space for allocation (63 bytes)
ERROR: Finished searching memory - not enough space for allocation (46 bytes)
ERROR: Finished searching memory - not enough space for allocation (62 bytes)
ERROR: Finished searching memory - not enough space for allocation (39 bytes)
ERROR: Finished searching memory - not enough space for allocation (30 bytes)
ERROR: Finished searching memory - not enough space for allocation (52 bytes)
ERROR: Finished searching memory - not enough space for allocation (46 bytes)
ERROR: Finished searching memory - not enough space for allocation (38 bytes)
ERROR: Finished searching memory - not enough space for allocation (46 bytes)
ERROR: Finished searching memory - not enough space for allocation (47 bytes)
ERROR: Finished searching memory - not enough space for allocation (63 bytes)
ERROR: Finished searching memory - not enough space for allocation (24 bytes)
ERROR: Finished searching memory - not enough space for allocation (35 bytes)
ERROR: Finished searching memory - not enough space for allocation (58 bytes)
ERROR: Finished searching memory - not enough space for allocation (61 bytes)
ERROR: Finished searching memory - not enough space for allocation (51 bytes)
ERROR: Finished searching memory - not enough space for allocation (11 bytes)
ERROR: Finished searching memory - not enough space for allocation (36 bytes)
ERROR: Finished searching memory - not enough space for allocation (51 bytes)
ERROR: Finished searching memory - not enough space for allocation (60 bytes)
ERROR: Finished searching memory - not enough space for allocation (59 bytes)
ERROR: Finished searching memory - not enough space for allocation (24 bytes)
ERROR: Finished searching memory - not enough space for allocation (19 bytes)
ERROR: Finished searching memory - not enough space for allocation (30 bytes)
ERROR: Finished searching memory - not enough space for allocation (40 bytes)
ERROR: Finished searching memory - not enough space for allocation (40 bytes)
ERROR: Finished searching memory - not enough space for allocation (15 bytes)
ERROR: Finished searching memory - not enough space for allocation (47 bytes)
ERROR: Finished searching memory - not enough space for allocation (60 bytes)
ERROR: Finished searching memory - not enough space for allocation (36 bytes)
ERROR: Finished searching memory - not enough space for allocation (41 bytes)
ERROR: Finished searching memory - not enough space for allocation (32 bytes)
ERROR: Finished searching memory - not enough space for allocation (22 bytes)
ERROR: Finished searching memory - not enough space for allocation (52 bytes)
ERROR: Finished searching memory - not enough space for allocation (45 bytes)
ERROR: Finished searching memory - not enough space for allocation (35 bytes)
ERROR: Finished searching memory - not enough space for allocation (36 bytes)
ERROR: Finished searching memory - not enough space for allocation (54 bytes)
ERROR: Finished searching memory - not enough space for allocation (32 bytes)
ERROR: Finished searching memory - not enough space for allocation (4 bytes)
ERROR: Finished searching memory - not enough space for allocation (47 bytes)
ERROR: Finished searching memory - not enough space for allocation (56 bytes)
ERROR: Finished searching memory - not enough space for allocation (55 bytes)
ERROR: Finished searching memory - not enough space for allocation (52 bytes)
ERROR: Finished searching memory - not enough space for allocation (51 bytes)
ERROR: Finished searching memory - not enough space for allocation (47 bytes)
ERROR: Finished searching memory - not enough space for allocation (18 bytes)
ERROR: Finished searching memory - not enough space for allocation (16 bytes)
ERROR: Finished searching memory - not enough space for allocation (61 bytes)
ERROR: Finished searching memory - not enough space for allocation (11 bytes)
ERROR: Finished searching memory - not enough space for allocation (42 bytes)
ERROR: Finished searching memory - not enough space for allocation (26 bytes)
ERROR: Finished searching memory - not enough space for allocation (54 bytes)
ERROR: Finished searching memory - not enough space for allocation (8 bytes)
ERROR: Finished searching memory - not enough space for allocation (60 bytes)
ERROR: Finished searching memory - not enough space for allocation (54 bytes)
ERROR: Finished searching memory - not enough space for allocation (48 bytes)
ERROR: Finished searching memory - not enough space for allocation (42 bytes)
ERROR: Finished searching memory - not enough space for allocation (43 bytes)
ERROR: Finished searching memory - not enough space for allocation (59 bytes)
ERROR: Finished searching memory - not enough space for allocation (17 bytes)
ERROR: Finished searching memory - not enough space for allocation (63 bytes)
ERROR: Finished searching memory - not enough space for allocation (39 bytes)
ERROR: Finished searching memory - not enough space for allocation (35 bytes)
ERROR: Finished searching memory - not enough space for allocation (8 bytes)
ERROR: Finished searching memory - not enough space for allocation (17 bytes)
ERROR: Finished searching memory - not enough space for allocation (29 bytes)
ERROR: Finished searching memory - not enough space for allocation (15 bytes)
ERROR: Finished searching memory - not enough space for allocation (59 bytes)
ERROR: Finished searching memory - not enough space for allocation (39 bytes)
ERROR: Finished searching memory - not enough space for allocation (31 bytes)
ERROR: Finished searching memory - not enough space for allocation (60 bytes)
ERROR: Finished searching memory - not enough space for allocation (8 bytes)
ERROR: Finished searching memory - not enough space for allocation (18 bytes)
ERROR: Finished searching memory - not enough space for allocation (22 bytes)
ERROR: Finished searching memory - not enough space for allocation (34 bytes)
ERROR: Finished searching memory - not enough space for allocation (19 bytes)
ERROR: Finished searching memory - not enough space for allocation (58 bytes)
ERROR: Finished searching memory - not enough space for allocation (39 bytes)
ERROR: Finished searching memory - not enough space for allocation (20 bytes)
ERROR: Finished searching memory - not enough space for allocation (56 bytes)
ERROR: Finished searching memory - not enough space for allocation (58 bytes)
ERROR: Finished searching memory - not enough space for allocation (26 bytes)
ERROR: Finished searching memory - not enough space for allocation (59 bytes)
ERROR: Finished searching memory - not enough space for allocation (11 bytes)
ERROR: Finished searching memory - not enough space for allocation (50 bytes)
ERROR: Finished searching memory - not enough space for allocation (56 bytes)
ERROR: Finished searching memory - not enough space for allocation (24 bytes)
ERROR: Finished searching memory - not enough space for allocation (11 bytes)
ERROR: Finished searching memory - not enough space for allocation (62 bytes)
ERROR: Finished searching memory - not enough space for allocation (26 bytes)
ERROR: Finished searching memory - not enough space for allocation (8 bytes)
ERROR: Finished searching memory - not enough space for allocation (8 bytes)
ERROR: Finished searching memory - not enough space for allocation (22 bytes)
ERROR: Finished searching memory - not enough space for allocation (47 bytes)
ERROR: Finished searching memory - not enough space for allocation (26 bytes)
ERROR: Finished searching memory - not enough space for allocation (57 bytes)
ERROR: Finished searching memory - not enough space for allocation (20 bytes)
ERROR: Finished searching memory - not enough space for allocation (55 bytes)
ERROR: Finished searching memory - not enough space for allocation (54 bytes)
ERROR: Finished searching memory - not enough space for allocation (52 bytes)
ERROR: Finished searching memory - not enough space for allocation (42 bytes)
ERROR: Finished searching memory - not enough space for allocation (16 bytes)
ERROR: Finished searching memory - not enough space for allocation (49 bytes)
ERROR: Finished searching memory - not enough space for allocation (15 bytes)
ERROR: Finished searching memory - not enough space for allocation (4 bytes)
ERROR: Finished searching memory - not enough space for allocation (51 bytes)
ERROR: Finished searching memory - not enough space for allocation (48 bytes)
ERROR: Finished searching memory - not enough space for allocation (16 bytes)
ERROR: Finished searching memory - not enough space for allocation (33 bytes)
ERROR: Finished searching memory - not enough space for allocation (52 bytes)
ERROR: Finished searching memory - not enough space for allocation (63 bytes)
ERROR: Finished searching memory - not enough space for allocation (30 bytes)
ERROR: Finished searching memory - not enough space for allocation (42 bytes)
ERROR: Finished searching memory - not enough space for allocation (60 bytes)
ERROR: Finished searching memory - not enough space for allocation (36 bytes)
ERROR: Finished searching memory - not enough space for allocation (57 bytes)
ERROR: Finished searching memory - not enough space for allocation (53 bytes)
ERROR: Finished searching memory - not enough space for allocation (26 bytes)
ERROR: Finished searching memory - not enough space for allocation (11 bytes)
ERROR: Finished searching memory - not enough space for allocation (17 bytes)
ERROR: Finished searching memory - not enough space for allocation (48 bytes)
ERROR: Finished searching memory - not enough space for allocation (64 bytes)
ERROR: Finished searching memory - not enough space for allocation (56 bytes)
ERROR: Finished searching memory - not enough space for allocation (4 bytes)
ERROR: Finished searching memory - not enough space for allocation (18 bytes)
ERROR: Finished searching memory - not enough space for allocation (43 bytes)
ERROR: Finished searching memory - not enough space for allocation (27 bytes)
ERROR: Finished searching memory - not enough space for allocation (59 bytes)
ERROR: Finished searching memory - not enough space for allocation (53 bytes)
ERROR: Finished searching memory - not enough space for allocation (60 bytes)
ERROR: Finished searching memory - not enough space for allocation (50 bytes)
ERROR: Finished searching memory - not enough space for allocation (63 bytes)
ERROR: Finished searching memory - not enough space for allocation (35 bytes)
ERROR: Finished searching memory - not enough space for allocation (4 bytes)
ERROR: Finished searching memory - not enough space for allocation (28 bytes)
ERROR: Finished searching memory - not enough space for allocation (56 bytes)
ERROR: Finished searching memory - not enough space for allocation (46 bytes)
ERROR: Finished searching memory - not enough space for allocation (34 bytes)
ERROR: Finished searching memory - not enough space for allocation (11 bytes)
ERROR: Finished searching memory - not enough space for allocation (18 bytes)
ERROR: Finished searching memory - not enough space for allocation (32 bytes)
ERROR: Finished searching memory - not enough space for allocation (24 bytes)
ERROR: Finished searching memory - not enough space for allocation (59 bytes)
ERROR: Finished searching memory - not enough space for allocation (31 bytes)
ERROR: Finished searching memory - not enough space for allocation (42 bytes)
ERROR: Finished searching memory - not enough space for allocation (11 bytes)
ERROR: Finished searching memory - not enough space for allocation (44 bytes)
ERROR: Finished searching memory - not enough space for allocation (46 bytes)
ERROR: Finished searching memory - not enough space for allocation (34 bytes)
ERROR: Finished searching memory - not enough space for allocation (58 bytes)
ERROR: Finished searching memory - not enough space for allocation (40 bytes)
ERROR: Finished searching memory - not enough space for allocation (51 bytes)
ERROR: Finished searching memory - not enough space for allocation (38 bytes)
ERROR: Finished searching memory - not enough space for allocation (31 bytes)
ERROR: Finished searching memory - not enough space for allocation (16 bytes)
ERROR: Finished searching memory - not enough space for allocation (57 bytes)
ERROR: Finished searching memory - not enough space for allocation (15 bytes)
ERROR: Finished searching memory - not enough space for allocation (44 bytes)
ERROR: Finished searching memory - not enough space for allocation (32 bytes)
ERROR: Finished searching memory - not enough space for allocation (59 bytes)
ERROR: Finished searching memory - not enough space for allocation (51 bytes)
ERROR: Finished searching memory - not enough space for allocation (55 bytes)
ERROR: Finished searching memory - not enough space for allocation (50 bytes)
ERROR: Finished searching memory - not enough space for allocation (41 bytes)
ERROR: Finished searching memory - not enough space for allocation (47 bytes)
ERROR: Finished searching memory - not enough space for allocation (34 bytes)
ERROR: Finished searching memory - not enough space for allocation (44 bytes)
ERROR: Finished searching memory - not enough space for allocation (54 bytes)
ERROR: Finished searching memory - not enough space for allocation (40 bytes)
ERROR: Finished searching memory - not enough space for allocation (22 bytes)
ERROR: Finished searching memory - not enough space for allocation (39 bytes)
ERROR: Finished searching memory - not enough space for allocation (41 bytes)
ERROR: Finished searching memory - not enough space for allocation (45 bytes)
ERROR: Finished searching memory - not enough space for allocation (15 bytes)
ERROR: Finished searching memory - not enough space for allocation (43 bytes)
ERROR: Finished searching memory - not enough space for allocation (62 bytes)
ERROR: Finished searching memory - not enough space for allocation (64 bytes)
ERROR: Finished searching memory - not enough space for allocation (32 bytes)
ERROR: Finished searching memory - not enough space for allocation (9 bytes)
ERROR: Finished searching memory - not enough space for allocation (29 bytes)
ERROR: Finished searching memory - not enough space for allocation (50 bytes)
ERROR: Finished searching memory - not enough space for allocation (51 bytes)
ERROR: Finished searching memory - not enough space for allocation (39 bytes)
ERROR: Finished searching memory - not enough space for allocation (49 bytes)
ERROR: Finished searching memory - not enough space for allocation (50 bytes)
ERROR: Finished searching memory - not enough space for allocation (49 bytes)
ERROR: Finished searching memory - not enough space for allocation (22 bytes)
ERROR: Finished searching memory - not enough space for allocation (41 bytes)
ERROR: Finished searching memory - not enough space for allocation (26 bytes)
ERROR: Finished searching memory - not enough space for allocation (9 bytes)
ERROR: Finished searching memory - not enough space for allocation (29 bytes)
ERROR: Finished searching memory - not enough space for allocation (56 bytes)
ERROR: Finished searching memory - not enough space for allocation (39 bytes)
ERROR: Finished searching memory - not enough space for allocation (17 bytes)
ERROR: Finished searching memory - not enough space for allocation (47 bytes)
ERROR: Finished searching memory - not enough space for allocation (38 bytes)
ERROR: Finished searching memory - not enough space for allocation (54 bytes)
ERROR: Finished searching memory - not enough space for allocation (28 bytes)
ERROR: Finished searching memory - not enough space for allocation (47 bytes)
ERROR: Finished searching memory - not enough space for allocation (59 bytes)
ERROR: Finished searching memory - not enough space for allocation (61 bytes)
ERROR: Finished searching memory - not enough space for allocation (18 bytes)
ERROR: Finished searching memory - not enough space for allocation (39 bytes)
ERROR: Finished searching memory - not enough space for allocation (4 bytes)
ERROR: Finished searching memory - not enough space for allocation (51 bytes)
ERROR: Finished searching memory - not enough space for allocation (28 bytes)
ERROR: Finished searching memory - not enough space for allocation (27 bytes)
ERROR: Finished searching memory - not enough space for allocation (52 bytes)
ERROR: Finished searching memory - not enough space for allocation (43 bytes)
ERROR: Finished searching memory - not enough space for allocation (32 bytes)
ERROR: Finished searching memory - not enough space for allocation (32 bytes)
ERROR: Finished searching memory - not enough space for allocation (37 bytes)
ERROR: Finished searching memory - not enough space for allocation (55 bytes)
ERROR: Finished searching memory - not enough space for allocation (40 bytes)
ERROR: Finished searching memory - not enough space for allocation (29 bytes)
ERROR: Finished searching memory - not enough space for allocation (59 bytes)
ERROR: Finished searching memory - not enough space for allocation (26 bytes)
ERROR: Finished searching memory - not enough space for allocation (22 bytes)
ERROR: Finished searching memory - not enough space for allocation (57 bytes)
ERROR: Finished searching memory - not enough space for allocation (52 bytes)
ERROR: Finished searching memory - not enough space for allocation (40 bytes)
ERROR: Finished searching memory - not enough space for allocation (8 bytes)
ERROR: Finished searching memory - not enough space for allocation (37 bytes)
ERROR: Finished searching memory - not enough space for allocation (39 bytes)
ERROR: Finished searching memory - not enough space for allocation (27 bytes)
ERROR: Finished searching memory - not enough space for allocation (17 bytes)
ERROR: Finished searching memory - not enough space for allocation (51 bytes)
ERROR: Finished searching memory - not enough space for allocation (38 bytes)
ERROR: Finished searching memory - not enough space for allocation (57 bytes)
ERROR: Finished searching memory - not enough space for allocation (15 bytes)
ERROR: Finished searching memory - not enough space for allocation (17 bytes)
ERROR: Finished searching memory - not enough space for allocation (26 bytes)
ERROR: Finished searching memory - not enough space for allocation (48 bytes)
ERROR: Finished searching memory - not enough space for allocation (18 bytes)
ERROR: Finished searching memory - not enough space for allocation (34 bytes)
ERROR: Finished searching memory - not enough space for allocation (27 bytes)
ERROR: Finished searching memory - not enough space for allocation (46 bytes)
ERROR: Finished searching memory - not enough space for allocation (11 bytes)
ERROR: Finished searching memory - not enough space for allocation (32 bytes)
ERROR: Finished searching memory - not enough space for allocation (36 bytes)
ERROR: Finished searching memory - not enough space for allocation (20 bytes)
ERROR: Finished searching memory - not enough space for allocation (29 bytes)
ERROR: Finished searching memory - not enough space for allocation (51 bytes)
ERROR: Finished searching memory - not enough space for allocation (19 bytes)
ERROR: Finished searching memory - not enough space for allocation (29 bytes)
ERROR: Finished searching memory - not enough space for allocation (31 bytes)
ERROR: Finished searching memory - not enough space for allocation (4 bytes)
ERROR: Finished searching memory - not enough space for allocation (41 bytes)
ERROR: Finished searching memory - not enough space for allocation (15 bytes)
ERROR: Finished searching memory - not enough space for allocation (32 bytes)
ERROR: Finished searching memory - not enough space for allocation (53 bytes)
ERROR: Finished searching memory - not enough space for allocation (36 bytes)
ERROR: Finished searching memory - not enough space for allocation (44 bytes)
ERROR: Finished searching memory - not enough space for allocation (45 bytes)
ERROR: Finished searching memory - not enough space for allocation (27 bytes)
ERROR: Finished searching memory - not enough space for allocation (24 bytes)
ERROR: Finished searching memory - not enough space for allocation (34 bytes)
ERROR: Finished searching memory - not enough space for allocation (58 bytes)
ERROR: Finished searching memory - not enough space for allocation (50 bytes)
ERROR: Finished searching memory - not enough space for allocation (64 bytes)
ERROR: Finished searching memory - not enough space for allocation (39 bytes)
ERROR: Finished searching memory - not enough space for allocation (20 bytes)
ERROR: Finished searching memory - not enough space for allocation (49 bytes)
ERROR: Finished searching memory - not enough space for allocation (38 bytes)
ERROR: Finished searching memory - not enough space for allocation (43 bytes)
ERROR: Finished searching memory - not enough space for allocation (51 bytes)
ERROR: Finished searching memory - not enough space for allocation (54 bytes)
ERROR: Finished searching memory - not enough space for allocation (27 bytes)
ERROR: Finished searching memory - not enough space for allocation (18 bytes)
ERROR: Finished searching memory - not enough space for allocation (4 bytes)
ERROR: Finished searching memory - not enough space for allocation (41 bytes)
ERROR: Finished searching memory - not enough space for allocation (54 bytes)
ERROR: Finished searching memory - not enough space for allocation (44 bytes)
ERROR: Finished searching memory - not enough space for allocation (52 bytes)
ERROR: Finished searching memory - not enough space for allocation (33 bytes)
ERROR: Finished searching memory - not enough space for allocation (8 bytes)
ERROR: Finished searching memory - not enough space for allocation (32 bytes)
ERROR: Finished searching memory - not enough space for allocation (39 bytes)
ERROR: Finished searching memory - not enough space for allocation (54 bytes)
ERROR: Finished searching memory - not enough space for allocation (35 bytes)
ERROR: Finished searching memory - not enough space for allocation (16 bytes)
ERROR: Finished searching memory - not enough space for allocation (11 bytes)
ERROR: Finished searching memory - not enough space for allocation (28 bytes)
ERROR: Finished searching memory - not enough space for allocation (15 bytes)
ERROR: Finished searching memory - not enough space for allocation (33 bytes)
ERROR: Finished searching memory - not enough space for allocation (39 bytes)
ERROR: Finished searching memory - not enough space for allocation (53 bytes)
ERROR: Finished searching memory - not enough space for allocation (34 bytes)
ERROR: Finished searching memory - not enough space for allocation (59 bytes)
ERROR: Finished searching memory - not enough space for allocation (59 bytes)
ERROR: Finished searching memory - not enough space for allocation (44 bytes)
ERROR: Finished searching memory - not enough space for allocation (32 bytes)
ERROR: Finished searching memory - not enough space for allocation (59 bytes)
ERROR: Finished searching memory - not enough space for allocation (53 bytes)
ERROR: Finished searching memory - not enough space for allocation (20 bytes)
ERROR: Finished searching memory - not enough space for allocation (18 bytes)
ERROR: Finished searching memory - not enough space for allocation (63 bytes)
ERROR: Finished searching memory - not enough space for allocation (62 bytes)
ERROR: Finished searching memory - not enough space for allocation (58 bytes)
ERROR: Finished searching memory - not enough space for allocation (8 bytes)
ERROR: Finished searching memory - not enough space for allocation (56 bytes)
ERROR: Finished searching memory - not enough space for allocation (32 bytes)
ERROR: Finished searching memory - not enough space for allocation (63 bytes)
ERROR: Finished searching memory - not enough space for allocation (62 bytes)
ERROR: Finished searching memory - not enough space for allocation (39 bytes)
ERROR: Finished searching memory - not enough space for allocation (59 bytes)
ERROR: Finished searching memory - not enough space for allocation (45 bytes)
ERROR: Finished searching memory - not enough space for allocation (15 bytes)
ERROR: Finished searching memory - not enough space for allocation (8 bytes)
ERROR: Finished searching memory - not enough space for allocation (28 bytes)
ERROR: Finished searching memory - not enough space for allocation (50 bytes)
ERROR: Finished searching memory - not enough space for allocation (43 bytes)
ERROR: Finished searching memory - not enough space for allocation (40 bytes)
ERROR: Finished searching memory - not enough space for allocation (34 bytes)
ERROR: Finished searching memory - not enough space for allocation (38 bytes)
ERROR: Finished searching memory - not enough space for allocation (17 bytes)
ERROR: Finished searching memory - not enough space for allocation (38 bytes)
ERROR: Finished searching memory - not enough space for allocation (37 bytes)
ERROR: Finished searching memory - not enough space for allocation (29 bytes)
ERROR: Finished searching memory - not enough space for allocation (22 bytes)
ERROR: Finished searching memory - not enough space for allocation (61 bytes)
ERROR: Finished searching memory - not enough space for allocation (8 bytes)
ERROR: Finished searching memory - not enough space for allocation (8 bytes)
ERROR: Finished searching memory - not enough space for allocation (46 bytes)
ERROR: Finished searching memory - not enough space for allocation (24 bytes)
ERROR: Finished searching memory - not enough space for allocation (32 bytes)
ERROR: Finished searching memory - not enough space for allocation (37 bytes)
ERROR: Finished searching memory - not enough space for allocation (19 bytes)
ERROR: Finished searching memory - not enough space for allocation (33 bytes)
ERROR: Finished searching memory - not enough space for allocation (30 bytes)
ERROR: Finished searching memory - not enough space for allocation (39 bytes)
ERROR: Finished searching memory - not enough space for allocation (29 bytes)
ERROR: Finished searching memory - not enough space for allocation (37 bytes)
ERROR: Finished searching memory - not enough space for allocation (58 bytes)
ERROR: Finished searching memory - not enough space for allocation (15 bytes)
ERROR: Finished searching memory - not enough space for allocation (39 bytes)
ERROR: Finished searching memory - not enough space for allocation (29 bytes)
ERROR: Finished searching memory - not enough space for allocation (38 bytes)
ERROR: Finished searching memory - not enough space for allocation (54 bytes)
ERROR: Finished searching memory - not enough space for allocation (49 bytes)
ERROR: Finished searching memory - not enough space for allocation (15 bytes)
ERROR: Finished searching memory - not enough space for allocation (48 bytes)
ERROR: Finished searching memory - not enough space for allocation (64 bytes)
ERROR: Finished searching memory - not enough space for allocation (54 bytes)
ERROR: Finished searching memory - not enough space for allocation (30 bytes)
ERROR: Finished searching memory - not enough space for allocation (42 bytes)
ERROR: Finished searching memory - not enough space for allocation (56 bytes)
ERROR: Finished searching memory - not enough space for allocation (37 bytes)
ERROR: Finished searching memory - not enough space for allocation (24 bytes)
ERROR: Finished searching memory - not enough space for allocation (42 bytes)
ERROR: Finished searching memory - not enough space for allocation (15 bytes)
ERROR: Finished searching memory - not enough space for allocation (51 bytes)
ERROR: Finished searching memory - not enough space for allocation (62 bytes)
ERROR: Finished searching memory - not enough space for allocation (33 bytes)
ERROR: Finished searching memory - not enough space for allocation (31 bytes)
ERROR: Finished searching memory - not enough space for allocation (17 bytes)
ERROR: Finished searching memory - not enough space for allocation (54 bytes)
ERROR: Finished searching memory - not enough space for allocation (49 bytes)
ERROR: Finished searching memory - not enough space for allocation (60 bytes)
ERROR: Finished searching memory - not enough space for allocation (33 bytes)
ERROR: Finished searching memory - not enough space for allocation (19 bytes)
ERROR: Finished searching memory - not enough space for allocation (60 bytes)
ERROR: Finished searching memory - not enough space for allocation (62 bytes)
ERROR: Finished searching memory - not enough space for allocation (38 bytes)
ERROR: Finished searching memory - not enough space for allocation (49 bytes)
ERROR: Finished searching memory - not enough space for allocation (31 bytes)
ERROR: Finished searching memory - not enough space for allocation (43 bytes)
ERROR: Finished searching memory - not enough space for allocation (61 bytes)
ERROR: Finished searching memory - not enough space for allocation (33 bytes)
ERROR: Finished searching memory - not enough space for allocation (42 bytes)
ERROR: Finished searching memory - not enough space for allocation (40 bytes)
ERROR: Finished searching memory - not enough space for allocation (24 bytes)
ERROR: Finished searching memory - not enough space for allocation (15 bytes)
ERROR: Finished searching memory - not enough space for allocation (19 bytes)
ERROR: Finished searching memory - not enough space for allocation (55 bytes)
ERROR: Finished searching memory - not enough space for allocation (32 bytes)
ERROR: Finished searching memory - not enough space for allocation (55 bytes)
ERROR: Finished searching memory - not enough space for allocation (24 bytes)
ERROR: Finished searching memory - not enough space for allocation (26 bytes)
ERROR: Finished searching memory - not enough space for allocation (55 bytes)
ERROR: Finished searching memory - not enough space for allocation (38 bytes)
ERROR: Finished searching memory - not enough space for allocation (22 bytes)
ERROR: Finished searching memory - not enough space for allocation (60 bytes)
ERROR: Finished searching memory - not enough space for allocation (54 bytes)
ERROR: Finished searching memory - not enough space for allocation (61 bytes)
ERROR: Finished searching memory - not enough space for allocation (43 bytes)
ERROR: Finished searching memory - not enough space for allocation (36 bytes)
ERROR: Finished searching memory - not enough space for allocation (51 bytes)
ERROR: Finished searching memory - not enough space for allocation (29 bytes)
ERROR: Finished searching memory - not enough space for allocation (45 bytes)
ERROR: Finished searching memory - not enough space for allocation (8 bytes)
ERROR: Finished searching memory - not enough space for allocation (46 bytes)
ERROR: Finished searching memory - not enough space for allocation (34 bytes)
ERROR: Finished searching memory - not enough space for allocation (18 bytes)
ERROR: Finished searching memory - not enough space for allocation (57 bytes)
ERROR: Finished searching memory - not enough space for allocation (64 bytes)
ERROR: Finished searching memory - not enough space for allocation (57 bytes)
ERROR: Finished searching memory - not enough space for allocation (37 bytes)
ERROR: Finished searching memory - not enough space for allocation (35 bytes)
ERROR: Finished searching memory - not enough space for allocation (54 bytes)
ERROR: Finished searching memory - not enough space for allocation (36 bytes)
ERROR: Finished searching memory - not enough space for allocation (60 bytes)
ERROR: Finished searching memory - not enough space for allocation (61 bytes)
ERROR: Finished searching memory - not enough space for allocation (45 bytes)
ERROR: Finished searching memory - not enough space for allocation (11 bytes)
ERROR: Finished searching memory - not enough space for allocation (25 bytes)
ERROR: Finished searching memory - not enough space for allocation (4 bytes)
ERROR: Finished searching memory - not enough space for allocation (60 bytes)
ERROR: Finished searching memory - not enough space for allocation (16 bytes)
ERROR: Finished searching memory - not enough space for allocation (57 bytes)
ERROR: Finished searching memory - not enough space for allocation (56 bytes)
ERROR: Finished searching memory - not enough space for allocation (36 bytes)
ERROR: Finished searching memory - not enough space for allocation (55 bytes)
ERROR: Finished searching memory - not enough space for allocation (53 bytes)
ERROR: Finished searching memory - not enough space for allocation (47 bytes)
ERROR: Finished searching memory - not enough space for allocation (29 bytes)
ERROR: Finished searching memory - not enough space for allocation (50 bytes)
ERROR: Finished searching memory - not enough space for allocation (40 bytes)
ERROR: Finished searching memory - not enough space for allocation (11 bytes)
ERROR: Finished searching memory - not enough space for allocation (43 bytes)
ERROR: Finished searching memory - not enough space for allocation (59 bytes)
ERROR: Finished searching memory - not enough space for allocation (4 bytes)
ERROR: Finished searching memory - not enough space for allocation (64 bytes)
ERROR: Finished searching memory - not enough space for allocation (62 bytes)
ERROR: Finished searching memory - not enough space for allocation (9 bytes)
ERROR: Finished searching memory - not enough space for allocation (49 bytes)
ERROR: Finished searching memory - not enough space for allocation (59 bytes)
ERROR: Finished searching memory - not enough space for allocation (19 bytes)
ERROR: Finished searching memory - not enough space for allocation (51 bytes)
ERROR: Finished searching memory - not enough space for allocation (15 bytes)
ERROR: Finished searching memory - not enough space for allocation (51 bytes)
ERROR: Finished searching memory - not enough space for allocation (41 bytes)
ERROR: Finished searching memory - not enough space for allocation (39 bytes)
ERROR: Finished searching memory - not enough space for allocation (51 bytes)
ERROR: Finished searching memory - not enough space for allocation (32 bytes)
ERROR: Finished searching memory - not enough space for allocation (4 bytes)
ERROR: Finished searching memory - not enough space for allocation (59 bytes)
ERROR: Finished searching memory - not enough space for allocation (29 bytes)
ERROR: Finished searching memory - not enough space for allocation (19 bytes)
ERROR: Finished searching memory - not enough space for allocation (44 bytes)
ERROR: Finished searching memory - not enough space for allocation (41 bytes)
ERROR: Finished searching memory - not enough space for allocation (45 bytes)
ERROR: Finished searching memory - not enough space for allocation (41 bytes)
ERROR: Finished searching memory - not enough space for allocation (55 bytes)
ERROR: Finished searching memory - not enough space for allocation (17 bytes)
ERROR: Finished searching memory - not enough space for allocation (39 bytes)
ERROR: Finished searching memory - not enough space for allocation (46 bytes)
ERROR: Finished searching memory - not enough space for allocation (8 bytes)
ERROR: Finished searching memory - not enough space for allocation (17 bytes)
ERROR: Finished searching memory - not enough space for allocation (40 bytes)
ERROR: Finished searching memory - not enough space for allocation (37 bytes)
ERROR: Finished searching memory - not enough space for allocation (52 bytes)
ERROR: Finished searching memory - not enough space for allocation (56 bytes)
ERROR: Finished searching memory - not enough space for allocation (18 bytes)
ERROR: Finished searching memory - not enough space for allocation (57 bytes)
ERROR: Finished searching memory - not enough space for allocation (43 bytes)
ERROR: Finished searching memory - not enough space for allocation (35 bytes)
ERROR: Finished searching memory - not enough space for allocation (22 bytes)
ERROR: Finished searching memory - not enough space for allocation (51 bytes)
ERROR: Finished searching memory - not enough space for allocation (35 bytes)
ERROR: Finished searching memory - not enough space for allocation (37 bytes)
ERROR: Finished searching memory - not enough space for allocation (31 bytes)
ERROR: Finished searching memory - not enough space for allocation (17 bytes)
ERROR: Finished searching memory - not enough space for allocation (37 bytes)
ERROR: Finished searching memory - not enough space for allocation (50 bytes)
ERROR: Finished searching memory - not enough space for allocation (44 bytes)
ERROR: Finished searching memory - not enough space for allocation (29 bytes)
ERROR: Finished searching memory - not enough space for allocation (24 bytes)
ERROR: Finished searching memory - not enough space for allocation (16 bytes)
ERROR: Finished searching memory - not enough space for allocation (42 bytes)
ERROR: Finished searching memory - not enough space for allocation (50 bytes)
ERROR: Finished searching memory - not enough space for allocation (56 bytes)
ERROR: Finished searching memory - not enough space for allocation (17 bytes)
ERROR: Finished searching memory - not enough space for allocation (19 bytes)
ERROR: Finished searching memory - not enough space for allocation (33 bytes)
ERROR: Finished searching memory - not enough space for allocation (34 bytes)
ERROR: Finished searching memory - not enough space for allocation (44 bytes)
ERROR: Finished searching memory - not enough space for allocation (60 bytes)
ERROR: Finished searching memory - not enough space for allocation (4 bytes)
ERROR: Finished searching memory - not enough space for allocation (40 bytes)
ERROR: Finished searching memory - not enough space for allocation (64 bytes)
ERROR: Finished searching memory - not enough space for allocation (61 bytes)
ERROR: Finished searching memory - not enough space for allocation (4 bytes)
ERROR: Finished searching memory - not enough space for allocation (59 bytes)
ERROR: Finished searching memory - not enough space for allocation (44 bytes)
ERROR: Finished searching memory - not enough space for allocation (51 bytes)
ERROR: Finished searching memory - not enough space for allocation (39 bytes)
ERROR: Finished searching memory - not enough space for allocation (35 bytes)
ERROR: Finished searching memory - not enough space for allocation (37 bytes)
ERROR: Finished searching memory - not enough space for allocation (41 bytes)
ERROR: Finished searching memory - not enough space for allocation (36 bytes)
ERROR: Finished searching memory - not enough space for allocation (47 bytes)
ERROR: Finished searching memory - not enough space for allocation (46 bytes)
ERROR: Finished searching memory - not enough space for allocation (32 bytes)
ERROR: Finished searching memory - not enough space for allocation (11 bytes)
ERROR: Finished searching memory - not enough space for allocation (60 bytes)
ERROR: Finished searching memory - not enough space for allocation (32 bytes)
ERROR: Finished searching memory - not enough space for allocation (24 bytes)
ERROR: Finished searching memory - not enough space for allocation (33 bytes)
ERROR: Finished searching memory - not enough space for allocation (34 bytes)
ERROR: Finished searching memory - not enough space for allocation (60 bytes)
ERROR: Finished searching memory - not enough space for allocation (8 bytes)
ERROR: Finished searching memory - not enough space for allocation (19 bytes)
ERROR: Finished searching memory - not enough space for allocation (18 bytes)
ERROR: Finished searching memory - not enough space for allocation (19 bytes)
ERROR: Finished searching memory - not enough space for allocation (40 bytes)
ERROR: Finished searching memory - not enough space for allocation (44 bytes)
ERROR: Finished searching memory - not enough space for allocation (50 bytes)
ERROR: Finished searching memory - not enough space for allocation (54 bytes)
ERROR: Finished searching memory - not enough space for allocation (54 bytes)
ERROR: Finished searching memory - not enough space for allocation (49 bytes)
ERROR: Finished searching memory - not enough space for allocation (22 bytes)
ERROR: Finished searching memory - not enough space for allocation (40 bytes)
ERROR: Finished searching memory - not enough space for allocation (62 bytes)
ERROR: Finished searching memory - not enough space for allocation (24 bytes)
ERROR: Finished searching memory - not enough space for allocation (45 bytes)
ERROR: Finished searching memory - not enough space for allocation (18 bytes)
ERROR: Finished searching memory - not enough space for allocation (16 bytes)
ERROR: Finished searching memory - not enough space for allocation (19 bytes)
ERROR: Finished searching memory - not enough space for allocation (35 bytes)
ERROR: Finished searching memory - not enough space for allocation (61 bytes)
ERROR: Finished searching memory - not enough space for allocation (56 bytes)
ERROR: Finished searching memory - not enough space for allocation (16 bytes)
ERROR: Finished searching memory - not enough space for allocation (60 bytes)
ERROR: Finished searching memory - not enough space for allocation (55 bytes)
ERROR: Finished searching memory - not enough space for allocation (30 bytes)
ERROR: Finished searching memory - not enough space for allocation (40 bytes)
ERROR: Finished searching memory - not enough space for allocation (29 bytes)
ERROR: Finished searching memory - not enough space for allocation (9 bytes)
ERROR: Finished searching memory - not enough space for allocation (48 bytes)
ERROR: Finished searching memory - not enough space for allocation (40 bytes)
ERROR: Finished searching memory - not enough space for allocation (43 bytes)
ERROR: Finished searching memory - not enough space for allocation (32 bytes)
ERROR: Finished searching memory - not enough space for allocation (32 bytes)
ERROR: Finished searching memory - not enough space for allocation (17 bytes)
ERROR: Finished searching memory - not enough space for allocation (28 bytes)
ERROR: Finished searching memory - not enough space for allocation (54 bytes)
ERROR: Finished searching memory - not enough space for allocation (18 bytes)
ERROR: Finished searching memory - not enough space for allocation (18 bytes)
ERROR: Finished searching memory - not enough space for allocation (22 bytes)
ERROR: Finished searching memory - not enough space for allocation (57 bytes)
ERROR: Finished searching memory - not enough space for allocation (26 bytes)
ERROR: Finished searching memory - not enough space for allocation (40 bytes)
ERROR: Finished searching memory - not enough space for allocation (32 bytes)
ERROR: Finished searching memory - not enough space for allocation (29 bytes)
ERROR: Finished searching memory - not enough space for allocation (58 bytes)
ERROR: Finished searching memory - not enough space for allocation (18 bytes)
ERROR: Finished searching memory - not enough space for allocation (49 bytes)
ERROR: Finished searching memory - not enough space for allocation (47 bytes)
ERROR: Finished searching memory - not enough space for allocation (29 bytes)
ERROR: Finished searching memory - not enough space for allocation (49 bytes)
ERROR: Finished searching memory - not enough space for allocation (37 bytes)
ERROR: Finished searching memory - not enough space for allocation (29 bytes)
ERROR: Finished searching memory - not enough space for allocation (43 bytes)
ERROR: Finished searching memory - not enough space for allocation (60 bytes)
ERROR: Finished searching memory - not enough space for allocation (20 bytes)
ERROR: Finished searching memory - not enough space for allocation (38 bytes)
ERROR: Finished searching memory - not enough space for allocation (22 bytes)
ERROR: Finished searching memory - not enough space for allocation (59 bytes)
ERROR: Finished searching memory - not enough space for allocation (64 bytes)
ERROR: Finished searching memory - not enough space for allocation (8 bytes)
ERROR: Finished searching memory - not enough space for allocation (63 bytes)
ERROR: Finished searching memory - not enough space for allocation (26 bytes)
ERROR: Finished searching memory - not enough space for allocation (27 bytes)
ERROR: Finished searching memory - not enough space for allocation (17 bytes)
ERROR: Finished searching memory - not enough space for allocation (11 bytes)
ERROR: Finished searching memory - not enough space for allocation (48 bytes)
ERROR: Finished searching memory - not enough space for allocation (48 bytes)
ERROR: Finished searching memory - not enough space for allocation (27 bytes)
ERROR: Finished searching memory - not enough space for allocation (22 bytes)
ERROR: Finished searching memory - not enough space for allocation (49 bytes)
ERROR: Finished searching memory - not enough space for allocation (63 bytes)
ERROR: Finished searching memory - not enough space for allocation (49 bytes)
ERROR: Finished searching memory - not enough space for allocation (41 bytes)
ERROR: Finished searching memory - not enough space for allocation (58 bytes)
ERROR: Finished searching memory - not enough space for allocation (29 bytes)
ERROR: Finished searching memory - not enough space for allocation (56 bytes)
ERROR: Finished searching memory - not enough space for allocation (22 bytes)
ERROR: Finished searching memory - not enough space for allocation (46 bytes)
ERROR: Finished searching memory - not enough space for allocation (52 bytes)
ERROR: Finished searching memory - not enough space for allocation (63 bytes)
ERROR: Finished searching memory - not enough space for allocation (51 bytes)
ERROR: Finished searching memory - not enough space for allocation (60 bytes)
ERROR: Finished searching memory - not enough space for allocation (35 bytes)
ERROR: Finished searching memory - not enough space for allocation (39 bytes)
ERROR: Finished searching memory - not enough space for allocation (51 bytes)
ERROR: Finished searching memory - not enough space for allocation (54 bytes)
ERROR: Finished searching memory - not enough space for allocation (84 bytes)
ERROR: Finished searching memory - not enough space for allocation (84 bytes)
Failed to free pointer: 0x1046ec135 - Pointer was not allocated
Failed to free pointer: 0x1046ec136 - Pointer was not allocated
ERROR: Finished searching memory - not enough space for allocation (49 bytes)
Failed to free pointer: 0x1046ec09b - Pointer was not allocated
Failed to free pointer: 0x1046ec09a - Pointer was not allocated
Failed to free pointer: 0x1046ec09a - Pointer was not allocated
Failed to free pointer: 0x1046ec09b - Pointer was not allocated
ERROR: Finished searching memory - not enough space for allocation (66 bytes)
ERROR: Finished searching memory - not enough space for allocation (68 bytes)
ERROR: Finished searching memory - not enough space for allocation (66 bytes)
ERROR: Finished searching memory - not enough space for allocation (41 bytes)
ERROR: Finished searching memory - not enough space for allocation (86 bytes)
ERROR: Finished searching memory - not enough space for allocation (40 bytes)
ERROR: Finished searching memory - not enough space for allocation (4 bytes)
ERROR: Finished searching memory - not enough space for allocation (31 bytes)
ERROR: Finished searching memory - not enough space for allocation (98 bytes)
Failed to free pointer: 0x1046ec09a - Pointer was not allocated
Failed to free pointer: 0x1046ec09b - Pointer was not allocated
Failed to free pointer: 0x1046ec0cb - Pointer was not allocated
Failed to free pointer: 0x1046ec0cb - Pointer was not allocated
Failed to free pointer: 0x1046ec0cb - Pointer was not allocated
Failed to free pointer: 0x1046ec0ed - Pointer was not allocated
Failed to free pointer: 0x1046ec0ed - Pointer was not allocated
Failed to free pointer: 0x1046ec0ee - Pointer was not allocated
Failed to free pointer: 0x1046ec0ed - Pointer was not allocated
Failed to free pointer: 0x1046ec1c0 - Pointer was not allocated
Failed to free pointer: 0x1046ec1c0 - Pointer was not allocated
Failed to free pointer: 0x1046ec0ee - Pointer was not allocated
Failed to free pointer: 0x1046ec0ee - Pointer was not allocated
Failed to free pointer: 0x1046ec0ee - Pointer was not allocated
Failed to free pointer: 0x1046ec0ee - Pointer was not allocated
Failed to free pointer: 0x1046ec107 - Pointer was not allocated
Failed to free pointer: 0x1046ec107 - Pointer was not allocated
Failed to free pointer: 0x1046ec0ee - Pointer was not allocated
Failed to free pointer: 0x1046ec0ee - Pointer was not allocated
Failed to free pointer: 0x1046ec0ee - Pointer was not allocated
Failed to free pointer: 0x1046ec116 - Pointer was not allocated
Failed to free pointer: 0x1046ec116 - Pointer was not allocated
Failed to free pointer: 0x1046ec15d - Pointer was not allocated
Failed to free pointer: 0x1046ec15e - Pointer was not allocated
Failed to free pointer: 0x1046ec1ba - Pointer was not allocated
Failed to free pointer: 0x1046ec1ba - Pointer was not allocated
Failed to free pointer: 0x1046ec116 - Pointer was not allocated
Failed to free pointer: 0x1046ec116 - Pointer was not allocated
Failed to free pointer: 0x1046ec14b - Pointer was not allocated
Failed to free pointer: 0x1046ec14b - Pointer was not allocated
Failed to free pointer: 0x1046ec227 - Pointer was not allocated
Failed to free pointer: 0x1046ec227 - Pointer was not allocated
Failed to free pointer: 0x1046ec28e - Pointer was not allocated
Failed to free pointer: 0x1046ec28f - Pointer was not allocated
Failed to free pointer: 0x1046ec17e - Pointer was not allocated
Failed to free pointer: 0x1046ec17e - Pointer was not allocated
Failed to free pointer: 0x1046ec116 - Pointer was not allocated
Failed to free pointer: 0x1046ec115 - Pointer was not allocated
Failed to free pointer: 0x1046ec1a0 - Pointer was not allocated
Failed to free pointer: 0x1046ec1a0 - Pointer was not allocated
Failed to free pointer: 0x1046ec1e5 - Pointer was not allocated
Failed to free pointer: 0x1046ec1e5 - Pointer was not allocated
Failed to free pointer: 0x1046ec241 - Pointer was not allocated
Failed to free pointer: 0x1046ec241 - Pointer was not allocated
Failed to free pointer: 0x1046ec289 - Pointer was not allocated
Failed to free pointer: 0x1046ec28a - Pointer was not allocated
Failed to free pointer: 0x1046ec2b0 - Pointer was not allocated
Failed to free pointer: 0x1046ec2b0 - Pointer was not allocated
Failed to free pointer: 0x1046ec356 - Pointer was not allocated
Failed to free pointer: 0x1046ec356 - Pointer was not allocated
Failed to free pointer: 0x1046ec09b - Pointer was not allocated
Failed to free pointer: 0x1046ec09b - Pointer was not allocated
Failed to free pointer: 0x1046ec09b - Pointer was not allocated
Failed to free pointer: 0x1046ec116 - Pointer was not allocated
Failed to free pointer: 0x1046ec115 - Pointer was not allocated
Failed to free pointer: 0x1046ec184 - Pointer was not allocated
Failed to free pointer: 0x1046ec183 - Pointer was not allocated
Failed to free pointer: 0x1046ec275 - Pointer was not allocated
Failed to free pointer: 0x1046ec275 - Pointer was not allocated
Failed to free pointer: 0x1046ec2db - Pointer was not allocated
Failed to free pointer: 0x1046ec2db - Pointer was not allocated
Failed to free pointer: 0x1046ec2db - Pointer was not allocated
Failed to free pointer: 0x1046ec1dc - Pointer was not allocated
Failed to free pointer: 0x1046ec1db - Pointer was not allocated
Failed to free pointer: 0x1046ec316 - Pointer was not allocated
Failed to free pointer: 0x1046ec316 - Pointer was not allocated
Failed to free pointer: 0x1046ec1fb - Pointer was not allocated
Failed to free pointer: 0x1046ec1fb - Pointer was not allocated
Failed to free pointer: 0x1046ec391 - Pointer was not allocated
Failed to free pointer: 0x1046ec392 - Pointer was not allocated
Failed to free pointer: 0x1046ec3f8 - Pointer was not allocated
Failed to free pointer: 0x1046ec3f7 - Pointer was not allocated
Failed to free pointer: 0x1046ec116 - Pointer was not allocated
Failed to free pointer: 0x1046ec116 - Pointer was not allocated
Failed to free pointer: 0x1046ec23a - Pointer was not allocated
Failed to free pointer: 0x1046ec23a - Pointer was not allocated
Failed to free pointer: 0x1046ec23a - Pointer was not allocated
Failed to free pointer: 0x1046ec46b - Pointer was not allocated
Failed to free pointer: 0x1046ec46b - Pointer was not allocated
Failed to free pointer: 0x1046ec46b - Pointer was not allocated
Failed to free pointer: 0x1046ec4ca - Pointer was not allocated
Failed to free pointer: 0x1046ec4c9 - Pointer was not allocated
Failed to free pointer: 0x1046ec18a - Pointer was not allocated
Failed to free pointer: 0x1046ec189 - Pointer was not allocated
Failed to free pointer: 0x1046ec316 - Pointer was not allocated
Failed to free pointer: 0x1046ec317 - Pointer was not allocated
Failed to free pointer: 0x1046ec153 - Pointer was not allocated
Failed to free pointer: 0x1046ec153 - Pointer was not allocated
Failed to free pointer: 0x1046ec116 - Pointer was not allocated
Failed to free pointer: 0x1046ec115 - Pointer was not allocated
Failed to free pointer: 0x1046ec116 - Pointer was not allocated
Failed to free pointer: 0x1046ec116 - Pointer was not allocated
Failed to free pointer: 0x1046ec132 - Pointer was not allocated
Failed to free pointer: 0x1046ec131 - Pointer was not allocated
Failed to free pointer: 0x1046ec1ae - Pointer was not allocated
Failed to free pointer: 0x1046ec1ae - Pointer was not allocated
Failed to free pointer: 0x1046ec1d8 - Pointer was not allocated
Failed to free pointer: 0x1046ec1d8 - Pointer was not allocated
Failed to free pointer: 0x1046ec316 - Pointer was not allocated
Failed to free pointer: 0x1046ec316 - Pointer was not allocated
Failed to free pointer: 0x1046ec34a - Pointer was not allocated
Failed to free pointer: 0x1046ec34a - Pointer was not allocated
Failed to free pointer: 0x1046ec5af - Pointer was not allocated
Failed to free pointer: 0x1046ec5af - Pointer was not allocated
Failed to free pointer: 0x1046ec116 - Pointer was not allocated
Failed to free pointer: 0x1046ec116 - Pointer was not allocated
Failed to free pointer: 0x1046ec115 - Pointer was not allocated
Failed to free pointer: 0x1046ec116 - Pointer was not allocated
Failed to free pointer: 0x1046ec116 - Pointer was not allocated
Failed to free pointer: 0x1046ec116 - Pointer was not allocated
Failed to free pointer: 0x1046ec17c - Pointer was not allocated
Failed to free pointer: 0x1046ec17b - Pointer was not allocated
Failed to free pointer: 0x1046ec116 - Pointer was not allocated
Failed to free pointer: 0x1046ec116 - Pointer was not allocated
Failed to free pointer: 0x1046ec13a - Pointer was not allocated
Failed to free pointer: 0x1046ec139 - Pointer was not allocated
Failed to free pointer: 0x1046ec1cb - Pointer was not allocated
Failed to free pointer: 0x1046ec1cb - Pointer was not allocated
Failed to free pointer: 0x1046ec1ec - Pointer was not allocated
Failed to free pointer: 0x1046ec1ec - Pointer was not allocated
Failed to free pointer: 0x1046ec15c - Pointer was not allocated
Failed to free pointer: 0x1046ec15c - Pointer was not allocated
Failed to free pointer: 0x1046ec15c - Pointer was not allocated
Failed to free pointer: 0x1046ec317 - Pointer was not allocated
Failed to free pointer: 0x1046ec317 - Pointer was not allocated
Failed to free pointer: 0x1046ec37a - Pointer was not allocated
Failed to free pointer: 0x1046ec37a - Pointer was not allocated
Failed to free pointer: 0x1046ec116 - Pointer was not allocated
Failed to free pointer: 0x1046ec116 - Pointer was not allocated
Failed to free pointer: 0x1046ec177 - Pointer was not allocated
Failed to free pointer: 0x1046ec176 - Pointer was not allocated
Failed to free pointer: 0x1046ec3e6 - Pointer was not allocated
Failed to free pointer: 0x1046ec3e6 - Pointer was not allocated
Failed to free pointer: 0x1046ec317 - Pointer was not allocated
Failed to free pointer: 0x1046ec316 - Pointer was not allocated
Failed to free pointer: 0x1046ec177 - Pointer was not allocated
Failed to free pointer: 0x1046ec177 - Pointer was not allocated
Failed to free pointer: 0x1046ec176 - Pointer was not allocated
Failed to free pointer: 0x1046ec177 - Pointer was not allocated
Failed to free pointer: 0x1046ec177 - Pointer was not allocated
Failed to free pointer: 0x1046ec177 - Pointer was not allocated
Failed to free pointer: 0x1046ec177 - Pointer was not allocated
Failed to free pointer: 0x1046ec317 - Pointer was not allocated
Failed to free pointer: 0x1046ec316 - Pointer was not allocated
Failed to free pointer: 0x1046ec317 - Pointer was not allocated
Failed to free pointer: 0x1046ec317 - Pointer was not allocated
Failed to free pointer: 0x1046ec317 - Pointer was not allocated
Failed to free pointer: 0x1046ec373 - Pointer was not allocated
Failed to free pointer: 0x1046ec373 - Pointer was not allocated
Failed to free pointer: 0x1046ec373 - Pointer was not allocated
Failed to free pointer: 0x1046ec3d2 - Pointer was not allocated
Failed to free pointer: 0x1046ec3d2 - Pointer was not allocated
Failed to free pointer: 0x1046ec1ef - Pointer was not allocated
Failed to free pointer: 0x1046ec1ee - Pointer was not allocated
Failed to free pointer: 0x1046ec3d2 - Pointer was not allocated
Failed to free pointer: 0x1046ec3d2 - Pointer was not allocated
Failed to free pointer: 0x1046ec3d3 - Pointer was not allocated
Failed to free pointer: 0x1046ec3d2 - Pointer was not allocated
Failed to free pointer: 0x1046ec3d2 - Pointer was not allocated
Failed to free pointer: 0x1046ec3d3 - Pointer was not allocated
Failed to free pointer: 0x1046ec4c9 - Pointer was not allocated
Failed to free pointer: 0x1046ec4ca - Pointer was not allocated
Failed to free pointer: 0x1046ec116 - Pointer was not allocated
Failed to free pointer: 0x1046ec115 - Pointer was not allocated
Failed to free pointer: 0x1046ec3d3 - Pointer was not allocated
Failed to free pointer: 0x1046ec3d2 - Pointer was not allocated
Failed to free pointer: 0x1046ec1ee - Pointer was not allocated
Failed to free pointer: 0x1046ec1ee - Pointer was not allocated
Failed to free pointer: 0x1046ec4ca - Pointer was not allocated
Failed to free pointer: 0x1046ec4ca - Pointer was not allocated
Failed to free pointer: 0x1046ec115 - Pointer was not allocated
Failed to free pointer: 0x1046ec116 - Pointer was not allocated
Failed to free pointer: 0x1046ec536 - Pointer was not allocated
Failed to free pointer: 0x1046ec536 - Pointer was not allocated
Failed to free pointer: 0x1046ec554 - Pointer was not allocated
Failed to free pointer: 0x1046ec554 - Pointer was not allocated
Failed to free pointer: 0x1046ec3d3 - Pointer was not allocated
Failed to free pointer: 0x1046ec3d3 - Pointer was not allocated
Failed to free pointer: 0x1046ec116 - Pointer was not allocated
Failed to free pointer: 0x1046ec116 - Pointer was not allocated
Failed to free pointer: 0x1046ec4ca - Pointer was not allocated
Failed to free pointer: 0x1046ec4c9 - Pointer was not allocated
Failed to free pointer: 0x1046ec116 - Pointer was not allocated
Failed to free pointer: 0x1046ec116 - Pointer was not allocated
Failed to free pointer: 0x1046ec116 - Pointer was not allocated
Failed to free pointer: 0x1046ec1ef - Pointer was not allocated
Failed to free pointer: 0x1046ec1ef - Pointer was not allocated
Failed to free pointer: 0x1046ec3d3 - Pointer was not allocated
Failed to free pointer: 0x1046ec3d3 - Pointer was not allocated
Failed to free pointer: 0x1046ec3d3 - Pointer was not allocated
Failed to free pointer: 0x1046ec3f4 - Pointer was not allocated
Failed to free pointer: 0x1046ec3f3 - Pointer was not allocated
Failed to free pointer: 0x1046ec4c9 - Pointer was not allocated
Failed to free pointer: 0x1046ec4c9 - Pointer was not allocated
Failed to free pointer: 0x1046ec530 - Pointer was not allocated
Failed to free pointer: 0x1046ec530 - Pointer was not allocated
Failed to free pointer: 0x1046ec1ef - Pointer was not allocated
Failed to free pointer: 0x1046ec1ef - Pointer was not allocated
Failed to free pointer: 0x1046ec571 - Pointer was not allocated
Failed to free pointer: 0x1046ec571 - Pointer was not allocated
Failed to free pointer: 0x1046ec571 - Pointer was not allocated
Failed to free pointer: 0x1046ec3f4 - Pointer was not allocated
Failed to free pointer: 0x1046ec3f4 - Pointer was not allocated
Failed to free pointer: 0x1046ec3f4 - Pointer was not allocated
Failed to free pointer: 0x1046ec42b - Pointer was not allocated
Failed to free pointer: 0x1046ec42a - Pointer was not allocated
Failed to free pointer: 0x1046ec4ca - Pointer was not allocated
Failed to free pointer: 0x1046ec4ca - Pointer was not allocated
Failed to free pointer: 0x1046ec4ca - Pointer was not allocated
Failed to free pointer: 0x1046ec4f1 - Pointer was not allocated
Failed to free pointer: 0x1046ec4f1 - Pointer was not allocated
Failed to free pointer: 0x1046ec4f1 - Pointer was not allocated
Failed to free pointer: 0x1046ec50c - Pointer was not allocated
Failed to free pointer: 0x1046ec50b - Pointer was not allocated
Failed to free pointer: 0x1046ec50c - Pointer was not allocated
Failed to free pointer: 0x1046ec50c - Pointer was not allocated
Failed to free pointer: 0x1046ec1ef - Pointer was not allocated
Failed to free pointer: 0x1046ec1ee - Pointer was not allocated
Failed to free pointer: 0x1046ec5d1 - Pointer was not allocated
Failed to free pointer: 0x1046ec5d1 - Pointer was not allocated
Failed to free pointer: 0x1046ec5d1 - Pointer was not allocated
Failed to free pointer: 0x1046ec619 - Pointer was not allocated
Failed to free pointer: 0x1046ec61a - Pointer was not allocated
Failed to free pointer: 0x1046ec670 - Pointer was not allocated
Failed to free pointer: 0x1046ec670 - Pointer was not allocated
Failed to free pointer: 0x1046ec670 - Pointer was not allocated
Failed to free pointer: 0x1046ec50c - Pointer was not allocated
Failed to free pointer: 0x1046ec50b - Pointer was not allocated
Failed to free pointer: 0x1046ec6c7 - Pointer was not allocated
Failed to free pointer: 0x1046ec6c7 - Pointer was not allocated
Failed to free pointer: 0x1046ec1ef - Pointer was not allocated
Failed to free pointer: 0x1046ec1ef - Pointer was not allocated
Failed to free pointer: 0x1046ec1ef - Pointer was not allocated
Failed to free pointer: 0x1046ec1ef - Pointer was not allocated
Failed to free pointer: 0x1046ec1ef - Pointer was not allocated
Failed to free pointer: 0x1046ec1ee - Pointer was not allocated
Failed to free pointer: 0x1046ec6c8 - Pointer was not allocated
Failed to free pointer: 0x1046ec6c8 - Pointer was not allocated
Failed to free pointer: 0x1046ec6c8 - Pointer was not allocated
Failed to free pointer: 0x1046ec72c - Pointer was not allocated
Failed to free pointer: 0x1046ec72c - Pointer was not allocated
Failed to free pointer: 0x1046ec50b - Pointer was not allocated
Failed to free pointer: 0x1046ec50c - Pointer was not allocated
Failed to free pointer: 0x1046ec72c - Pointer was not allocated
Failed to free pointer: 0x1046ec72c - Pointer was not allocated
Failed to free pointer: 0x1046ec72c - Pointer was not allocated
Failed to free pointer: 0x1046ec72c - Pointer was not allocated
Failed to free pointer: 0x1046ec72c - Pointer was not allocated
Failed to free pointer: 0x1046ec79e - Pointer was not allocated
Failed to free pointer: 0x1046ec79e - Pointer was not allocated
Failed to free pointer: 0x1046ec7eb - Pointer was not allocated
Failed to free pointer: 0x1046ec7eb - Pointer was not allocated
Failed to free pointer: 0x1046ec50c - Pointer was not allocated
Failed to free pointer: 0x1046ec50c - Pointer was not allocated
Failed to free pointer: 0x1046ec1ef - Pointer was not allocated
Failed to free pointer: 0x1046ec1ef - Pointer was not allocated
Failed to free pointer: 0x1046ec845 - Pointer was not allocated
Failed to free pointer: 0x1046ec845 - Pointer was not allocated
Failed to free pointer: 0x1046ec13f - Pointer was not allocated
Failed to free pointer: 0x1046ec13f - Pointer was not allocated
Failed to free pointer: 0x1046ec13f - Pointer was not allocated
Failed to free pointer: 0x1046ec77c - Pointer was not allocated
Failed to free pointer: 0x1046ec77c - Pointer was not allocated
Failed to free pointer: 0x1046ec42b - Pointer was not allocated
Failed to free pointer: 0x1046ec42b - Pointer was not allocated
Failed to free pointer: 0x1046ec1ef - Pointer was not allocated
Failed to free pointer: 0x1046ec1ef - Pointer was not allocated
Failed to free pointer: 0x1046ec50c - Pointer was not allocated
Failed to free pointer: 0x1046ec50c - Pointer was not allocated
Failed to free pointer: 0x1046ec929 - Pointer was not allocated
Failed to free pointer: 0x1046ec92a - Pointer was not allocated
Failed to free pointer: 0x1046ec85b - Pointer was not allocated
Failed to free pointer: 0x1046ec85b - Pointer was not allocated
Failed to free pointer: 0x1046ec8b8 - Pointer was not allocated
Failed to free pointer: 0x1046ec8b9 - Pointer was not allocated
Failed to free pointer: 0x1046ec99d - Pointer was not allocated
Failed to free pointer: 0x1046ec99c - Pointer was not allocated
Failed to free pointer: 0x1046ec1ef - Pointer was not allocated
Failed to free pointer: 0x1046ec1ef - Pointer was not allocated
Failed to free pointer: 0x1046ec9ec - Pointer was not allocated
Failed to free pointer: 0x1046ec9ec - Pointer was not allocated
Failed to free pointer: 0x1046ec50c - Pointer was not allocated
Failed to free pointer: 0x1046ec50b - Pointer was not allocated
Failed to free pointer: 0x1046ec61a - Pointer was not allocated
Failed to free pointer: 0x1046ec61a - Pointer was not allocated
Failed to free pointer: 0x1046ec42b - Pointer was not allocated
Failed to free pointer: 0x1046ec42a - Pointer was not allocated
Failed to free pointer: 0x1046ec77c - Pointer was not allocated
Failed to free pointer: 0x1046ec77d - Pointer was not allocated
Failed to free pointer: 0x1046ec1ef - Pointer was not allocated
Failed to free pointer: 0x1046ec1ee - Pointer was not allocated
Failed to free pointer: 0x1046ec7b0 - Pointer was not allocated
Failed to free pointer: 0x1046ec7b0 - Pointer was not allocated
Failed to free pointer: 0x1046ec50c - Pointer was not allocated
Failed to free pointer: 0x1046ec50c - Pointer was not allocated
Failed to free pointer: 0x1046ec50c - Pointer was not allocated
Failed to free pointer: 0x1046ec7ff - Pointer was not allocated
Failed to free pointer: 0x1046ec7ff - Pointer was not allocated
Failed to free pointer: 0x1046ec7ff - Pointer was not allocated
Failed to free pointer: 0x1046ec81a - Pointer was not allocated
Failed to free pointer: 0x1046ec81b - Pointer was not allocated
Failed to free pointer: 0x1046ec86d - Pointer was not allocated
Failed to free pointer: 0x1046ec86d - Pointer was not allocated
Failed to free pointer: 0x1046ec86d - Pointer was not allocated
Failed to free pointer: 0x1046ec77d - Pointer was not allocated
Failed to free pointer: 0x1046ec77d - Pointer was not allocated
Failed to free pointer: 0x1046ec8e9 - Pointer was not allocated
Failed to free pointer: 0x1046ec8e9 - Pointer was not allocated
Failed to free pointer: 0x1046ec61a - Pointer was not allocated
Failed to free pointer: 0x1046ec61a - Pointer was not allocated
Failed to free pointer: 0x1046ec61a - Pointer was not allocated
Failed to free pointer: 0x1046ec77d - Pointer was not allocated
Failed to free pointer: 0x1046ec77c - Pointer was not allocated
Failed to free pointer: 0x1046ec77c - Pointer was not allocated
Failed to free pointer: 0x1046ec77c - Pointer was not allocated
Failed to free pointer: 0x1046ec8e8 - Pointer was not allocated
Failed to free pointer: 0x1046ec8e8 - Pointer was not allocated
Failed to free pointer: 0x1046ec8e9 - Pointer was not allocated
Failed to free pointer: 0x1046ec8e9 - Pointer was not allocated
Failed to free pointer: 0x1046ec77c - Pointer was not allocated
Failed to free pointer: 0x1046ec77d - Pointer was not allocated
Failed to free pointer: 0x1046ec8e9 - Pointer was not allocated
Failed to free pointer: 0x1046ec8e9 - Pointer was not allocated
Failed to free pointer: 0x1046ec8e9 - Pointer was not allocated
Failed to free pointer: 0x1046ec1ef - Pointer was not allocated
Failed to free pointer: 0x1046ec1ef - Pointer was not allocated
Failed to free pointer: 0x1046ec940 - Pointer was not allocated
Failed to free pointer: 0x1046ec940 - Pointer was not allocated
Failed to free pointer: 0x1046ec77c - Pointer was not allocated
Failed to free pointer: 0x1046ec77c - Pointer was not allocated
Failed to free pointer: 0x1046ec42b - Pointer was not allocated
Failed to free pointer: 0x1046ec42b - Pointer was not allocated
Failed to free pointer: 0x1046ec77d - Pointer was not allocated
Failed to free pointer: 0x1046ec77d - Pointer was not allocated
Failed to free pointer: 0x1046ec1ef - Pointer was not allocated
Failed to free pointer: 0x1046ec1ef - Pointer was not allocated
Failed to free pointer: 0x1046ec81b - Pointer was not allocated
Failed to free pointer: 0x1046ec81a - Pointer was not allocated
Failed to free pointer: 0x1046ec925 - Pointer was not allocated
Failed to free pointer: 0x1046ec925 - Pointer was not allocated
Failed to free pointer: 0x1046ec949 - Pointer was not allocated
Failed to free pointer: 0x1046ec949 - Pointer was not allocated
Failed to free pointer: 0x1046ec9b4 - Pointer was not allocated
Failed to free pointer: 0x1046ec9b4 - Pointer was not allocated
Failed to free pointer: 0x1046ec9ff - Pointer was not allocated
Failed to free pointer: 0x1046ec9ff - Pointer was not allocated
Failed to free pointer: 0x1046ec9ff - Pointer was not allocated
Failed to free pointer: 0x1046eca70 - Pointer was not allocated
Failed to free pointer: 0x1046eca70 - Pointer was not allocated
Failed to free pointer: 0x1046eca70 - Pointer was not allocated
Failed to free pointer: 0x1046ecabe - Pointer was not allocated
Failed to free pointer: 0x1046ecabf - Pointer was not allocated
Failed to free pointer: 0x1046ecb37 - Pointer was not allocated
Failed to free pointer: 0x1046ecb37 - Pointer was not allocated
Failed to free pointer: 0x1046ec77d - Pointer was not allocated
Failed to free pointer: 0x1046ec77c - Pointer was not allocated
Failed to free pointer: 0x1046ec77d - Pointer was not allocated
Failed to free pointer: 0x1046ec77d - Pointer was not allocated
Failed to free pointer: 0x1046ec77d - Pointer was not allocated
Failed to free pointer: 0x1046ec925 - Pointer was not allocated
Failed to free pointer: 0x1046ec925 - Pointer was not allocated
Failed to free pointer: 0x1046ec925 - Pointer was not allocated
Failed to free pointer: 0x1046ec95f - Pointer was not allocated
Failed to free pointer: 0x1046ec95f - Pointer was not allocated
Failed to free pointer: 0x1046ecabe - Pointer was not allocated
Failed to free pointer: 0x1046ecabf - Pointer was not allocated
Failed to free pointer: 0x1046ec1ef - Pointer was not allocated
Failed to free pointer: 0x1046ec1ee - Pointer was not allocated
Failed to free pointer: 0x1046ec42a - Pointer was not allocated
Failed to free pointer: 0x1046ec42b - Pointer was not allocated
Failed to free pointer: 0x1046ec95f - Pointer was not allocated
Failed to free pointer: 0x1046ec95e - Pointer was not allocated
Failed to free pointer: 0x1046ecb03 - Pointer was not allocated
Failed to free pointer: 0x1046ecb02 - Pointer was not allocated
Failed to free pointer: 0x1046ec99a - Pointer was not allocated
Failed to free pointer: 0x1046ec999 - Pointer was not allocated
Failed to free pointer: 0x1046eccc0 - Pointer was not allocated
Failed to free pointer: 0x1046eccbf - Pointer was not allocated
Failed to free pointer: 0x1046ec95f - Pointer was not allocated
Failed to free pointer: 0x1046ec95f - Pointer was not allocated
Failed to free pointer: 0x1046ecee8 - Pointer was not allocated
Failed to free pointer: 0x1046ecee8 - Pointer was not allocated
Failed to free pointer: 0x1046ecf47 - Pointer was not allocated
Failed to free pointer: 0x1046ecf47 - Pointer was not allocated
Failed to free pointer: 0x1046ecabf - Pointer was not allocated
Failed to free pointer: 0x1046ecabf - Pointer was not allocated
Failed to free pointer: 0x1046ec95e - Pointer was not allocated
Failed to free pointer: 0x1046ec95e - Pointer was not allocated
Failed to free pointer: 0x1046ecba4 - Pointer was not allocated
Failed to free pointer: 0x1046ecba5 - Pointer was not allocated
Failed to free pointer: 0x1046ec1ef - Pointer was not allocated
Failed to free pointer: 0x1046ec1ef - Pointer was not allocated
Failed to free pointer: 0x1046ec42b - Pointer was not allocated
Failed to free pointer: 0x1046ec42b - Pointer was not allocated
Failed to free pointer: 0x1046ec81a - Pointer was not allocated
Failed to free pointer: 0x1046ec81b - Pointer was not allocated
Failed to free pointer: 0x1046ec9b2 - Pointer was not allocated
Failed to free pointer: 0x1046ec9b2 - Pointer was not allocated
Failed to free pointer: 0x1046ece28 - Pointer was not allocated
Failed to free pointer: 0x1046ece28 - Pointer was not allocated
Failed to free pointer: 0x1046ecabe - Pointer was not allocated
Failed to free pointer: 0x1046ecabe - Pointer was not allocated
Failed to free pointer: 0x1046ec1ef - Pointer was not allocated
Failed to free pointer: 0x1046ec1ef - Pointer was not allocated
Failed to free pointer: 0x1046ec42a - Pointer was not allocated
Failed to free pointer: 0x1046ec42b - Pointer was not allocated
Failed to free pointer: 0x1046ec81a - Pointer was not allocated
Failed to free pointer: 0x1046ec81b - Pointer was not allocated
Failed to free pointer: 0x1046ec95e - Pointer was not allocated
Failed to free pointer: 0x1046ec95f - Pointer was not allocated
Failed to free pointer: 0x1046ecabf - Pointer was not allocated
Failed to free pointer: 0x1046ecabe - Pointer was not allocated
Failed to free pointer: 0x1046ec1ef - Pointer was not allocated
Failed to free pointer: 0x1046ec1ee - Pointer was not allocated
Failed to free pointer: 0x1046ecb09 - Pointer was not allocated
Failed to free pointer: 0x1046ecb09 - Pointer was not allocated
Failed to free pointer: 0x1046ecb09 - Pointer was not allocated
Failed to free pointer: 0x1046ec208 - Pointer was not allocated
Failed to free pointer: 0x1046ec209 - Pointer was not allocated
Failed to free pointer: 0x1046ecb52 - Pointer was not allocated
Failed to free pointer: 0x1046ecb51 - Pointer was not allocated
Failed to free pointer: 0x1046ec95e - Pointer was not allocated
Failed to free pointer: 0x1046ec95e - Pointer was not allocated
Failed to free pointer: 0x1046ecb98 - Pointer was not allocated
Failed to free pointer: 0x1046ecb98 - Pointer was not allocated
Failed to free pointer: 0x1046ec7cc - Pointer was not allocated
Failed to free pointer: 0x1046ec7cc - Pointer was not allocated
Failed to free pointer: 0x1046ec95f - Pointer was not allocated
Failed to free pointer: 0x1046ec95f - Pointer was not allocated
Failed to free pointer: 0x1046ec1ef - Pointer was not allocated
Failed to free pointer: 0x1046ec1ee - Pointer was not allocated
Failed to free pointer: 0x1046ec42a - Pointer was not allocated
Failed to free pointer: 0x1046ec42b - Pointer was not allocated
Failed to free pointer: 0x1046ec95f - Pointer was not allocated
Failed to free pointer: 0x1046ec95f - Pointer was not allocated
Failed to free pointer: 0x1046ec1ee - Pointer was not allocated
Failed to free pointer: 0x1046ec1ee - Pointer was not allocated
Failed to free pointer: 0x1046ec81b - Pointer was not allocated
Failed to free pointer: 0x1046ec81a - Pointer was not allocated
Failed to free pointer: 0x1046ec7cb - Pointer was not allocated
Failed to free pointer: 0x1046ec7cc - Pointer was not allocated
Failed to free pointer: 0x1046ec42b - Pointer was not allocated
Failed to free pointer: 0x1046ec42a - Pointer was not allocated
Failed to free pointer: 0x1046ec99e - Pointer was not allocated
Failed to free pointer: 0x1046ec99d - Pointer was not allocated
Failed to free pointer: 0x1046ec1ee - Pointer was not allocated
Failed to free pointer: 0x1046ec1ee - Pointer was not allocated
Failed to free pointer: 0x1046ec95f - Pointer was not allocated
Failed to free pointer: 0x1046ec95f - Pointer was not allocated
Failed to free pointer: 0x1046ec95f - Pointer was not allocated
Failed to free pointer: 0x1046ec42b - Pointer was not allocated
Failed to free pointer: 0x1046ec42a - Pointer was not allocated
Failed to free pointer: 0x1046ec81b - Pointer was not allocated
Failed to free pointer: 0x1046ec81b - Pointer was not allocated
Failed to free pointer: 0x1046ecb52 - Pointer was not allocated
Failed to free pointer: 0x1046ecb52 - Pointer was not allocated
Failed to free pointer: 0x1046ecbc6 - Pointer was not allocated
Failed to free pointer: 0x1046ecbc6 - Pointer was not allocated
Failed to free pointer: 0x1046ecabf - Pointer was not allocated
Failed to free pointer: 0x1046ecabe - Pointer was not allocated
Failed to free pointer: 0x1046ecc0c - Pointer was not allocated
Failed to free pointer: 0x1046ecc0b - Pointer was not allocated
Failed to free pointer: 0x1046ec1ef - Pointer was not allocated
Failed to free pointer: 0x1046ec1ef - Pointer was not allocated
Failed to free pointer: 0x1046ec81b - Pointer was not allocated
Failed to free pointer: 0x1046ec81a - Pointer was not allocated
Failed to free pointer: 0x1046ec81b - Pointer was not allocated
Failed to free pointer: 0x1046ec81a - Pointer was not allocated
Failed to free pointer: 0x1046ecb52 - Pointer was not allocated
Failed to free pointer: 0x1046ecb52 - Pointer was not allocated
Failed to free pointer: 0x1046ecb52 - Pointer was not allocated
Failed to free pointer: 0x1046ecb52 - Pointer was not allocated
Failed to free pointer: 0x1046ecb52 - Pointer was not allocated
Failed to free pointer: 0x1046ec1ee - Pointer was not allocated
Failed to free pointer: 0x1046ec1ef - Pointer was not allocated
Failed to free pointer: 0x1046ec81b - Pointer was not allocated
Failed to free pointer: 0x1046ec81b - Pointer was not allocated
Failed to free pointer: 0x1046ecc9c - Pointer was not allocated
Failed to free pointer: 0x1046ecc9c - Pointer was not allocated
Failed to free pointer: 0x1046ecbb4 - Pointer was not allocated
Failed to free pointer: 0x1046ecbb5 - Pointer was not allocated
Failed to free pointer: 0x1046ec81b - Pointer was not allocated
Failed to free pointer: 0x1046ec81a - Pointer was not allocated
Failed to free pointer: 0x1046ecbb5 - Pointer was not allocated
Failed to free pointer: 0x1046ecbb5 - Pointer was not allocated
Failed to free pointer: 0x1046ec81b - Pointer was not allocated
Failed to free pointer: 0x1046ec81b - Pointer was not allocated
Failed to free pointer: 0x1046ecbb4 - Pointer was not allocated
Failed to free pointer: 0x1046ecbb5 - Pointer was not allocated
Failed to free pointer: 0x1046ecbfa - Pointer was not allocated
Failed to free pointer: 0x1046ecbfb - Pointer was not allocated
Failed to free pointer: 0x1046ecbb4 - Pointer was not allocated
Failed to free pointer: 0x1046ecbb4 - Pointer was not allocated
Failed to free pointer: 0x1046ecabf - Pointer was not allocated
Failed to free pointer: 0x1046ecabe - Pointer was not allocated
Failed to free pointer: 0x1046ecbb5 - Pointer was not allocated
Failed to free pointer: 0x1046ecbb4 - Pointer was not allocated
Failed to free pointer: 0x1046ecc10 - Pointer was not allocated
Failed to free pointer: 0x1046ecc10 - Pointer was not allocated
Failed to free pointer: 0x1046ec1ef - Pointer was not allocated
Failed to free pointer: 0x1046ec1ef - Pointer was not allocated
Failed to free pointer: 0x1046ecc79 - Pointer was not allocated
Failed to free pointer: 0x1046ecc79 - Pointer was not allocated
Failed to free pointer: 0x1046ecbb5 - Pointer was not allocated
Failed to free pointer: 0x1046ecbb5 - Pointer was not allocated
Failed to free pointer: 0x1046ec81a - Pointer was not allocated
Failed to free pointer: 0x1046ec81b - Pointer was not allocated
Failed to free pointer: 0x1046ecbb5 - Pointer was not allocated
Failed to free pointer: 0x1046ecbb4 - Pointer was not allocated
Failed to free pointer: 0x1046ecbb5 - Pointer was not allocated
Failed to free pointer: 0x1046ecbb5 - Pointer was not allocated
Failed to free pointer: 0x1046ecbb5 - Pointer was not allocated
Failed to free pointer: 0x1046ecbb5 - Pointer was not allocated
Failed to free pointer: 0x1046ecbb5 - Pointer was not allocated
Failed to free pointer: 0x1046ecbb5 - Pointer was not allocated
Failed to free pointer: 0x1046ecbb5 - Pointer was not allocated
Failed to free pointer: 0x1046ecc2c - Pointer was not allocated
Failed to free pointer: 0x1046ecc2b - Pointer was not allocated
Failed to free pointer: 0x1046ecc2b - Pointer was not allocated
Failed to free pointer: 0x1046ecc2c - Pointer was not allocated
Failed to free pointer: 0x1046ecc2b - Pointer was not allocated
Failed to free pointer: 0x1046ecc2b - Pointer was not allocated
Failed to free pointer: 0x1046ec7cc - Pointer was not allocated
Failed to free pointer: 0x1046ec7cc - Pointer was not allocated
Failed to free pointer: 0x1046ec7cc - Pointer was not allocated
Failed to free pointer: 0x1046ecc2b - Pointer was not allocated
Failed to free pointer: 0x1046ecc2c - Pointer was not allocated
Failed to free pointer: 0x1046ecc6e - Pointer was not allocated
Failed to free pointer: 0x1046ecc6e - Pointer was not allocated
Failed to free pointer: 0x1046ec1ef - Pointer was not allocated
Failed to free pointer: 0x1046ec1ef - Pointer was not allocated
Failed to free pointer: 0x1046ecc2b - Pointer was not allocated
Failed to free pointer: 0x1046ecc2c - Pointer was not allocated
Failed to free pointer: 0x1046ecc9e - Pointer was not allocated
Failed to free pointer: 0x1046ecc9e - Pointer was not allocated
Failed to free pointer: 0x1046ec1ef - Pointer was not allocated
Failed to free pointer: 0x1046ec1ef - Pointer was not allocated
Failed to free pointer: 0x1046ec42b - Pointer was not allocated
Failed to free pointer: 0x1046ec42b - Pointer was not allocated
Failed to free pointer: 0x1046ec81a - Pointer was not allocated
Failed to free pointer: 0x1046ec81a - Pointer was not allocated
Failed to free pointer: 0x1046ecc2c - Pointer was not allocated
Failed to free pointer: 0x1046ecc2b - Pointer was not allocated
Failed to free pointer: 0x1046ecabe - Pointer was not allocated
Failed to free pointer: 0x1046ecabf - Pointer was not allocated
Failed to free pointer: 0x1046ecc68 - Pointer was not allocated
Failed to free pointer: 0x1046ecc67 - Pointer was not allocated
Failed to free pointer: 0x1046ecc2c - Pointer was not allocated
Failed to free pointer: 0x1046ecc2c - Pointer was not allocated
Failed to free pointer: 0x1046ecc93 - Pointer was not allocated
Failed to free pointer: 0x1046ecc92 - Pointer was not allocated
Failed to free pointer: 0x1046ec81b - Pointer was not allocated
Failed to free pointer: 0x1046ec81a - Pointer was not allocated
Failed to free pointer: 0x1046ecc2c - Pointer was not allocated
Failed to free pointer: 0x1046ecc2c - Pointer was not allocated
Failed to free pointer: 0x1046ecc88 - Pointer was not allocated
Failed to free pointer: 0x1046ecc87 - Pointer was not allocated
Failed to free pointer: 0x1046eccdc - Pointer was not allocated
Failed to free pointer: 0x1046eccdb - Pointer was not allocated
Failed to free pointer: 0x1046ecd36 - Pointer was not allocated
Failed to free pointer: 0x1046ecd36 - Pointer was not allocated
Failed to free pointer: 0x1046ec1ef - Pointer was not allocated
Failed to free pointer: 0x1046ec1ef - Pointer was not allocated
Failed to free pointer: 0x1046ecc2c - Pointer was not allocated
Failed to free pointer: 0x1046ecc2b - Pointer was not allocated
Failed to free pointer: 0x1046ecc66 - Pointer was not allocated
Failed to free pointer: 0x1046ecc65 - Pointer was not allocated
Failed to free pointer: 0x1046ecd71 - Pointer was not allocated
Failed to free pointer: 0x1046ecd71 - Pointer was not allocated
Failed to free pointer: 0x1046ec1ef - Pointer was not allocated
Failed to free pointer: 0x1046ec1ef - Pointer was not allocated
Failed to free pointer: 0x1046ec42b - Pointer was not allocated
Failed to free pointer: 0x1046ec42b - Pointer was not allocated
Failed to free pointer: 0x1046ecc2b - Pointer was not allocated
Failed to free pointer: 0x1046ecc2c - Pointer was not allocated
Failed to free pointer: 0x1046ecc6f - Pointer was not allocated
Failed to free pointer: 0x1046ecc6f - Pointer was not allocated
Failed to free pointer: 0x1046eccc0 - Pointer was not allocated
Failed to free pointer: 0x1046eccc0 - Pointer was not allocated
Failed to free pointer: 0x1046eccc0 - Pointer was not allocated
Failed to free pointer: 0x1046ec1ef - Pointer was not allocated
Failed to free pointer: 0x1046ec1ef - Pointer was not allocated
Failed to free pointer: 0x1046ec1ef - Pointer was not allocated
Failed to free pointer: 0x1046ec42b - Pointer was not allocated
Failed to free pointer: 0x1046ec42b - Pointer was not allocated
Failed to free pointer: 0x1046ecc2c - Pointer was not allocated
Failed to free pointer: 0x1046ecc2b - Pointer was not allocated
Failed to free pointer: 0x1046ecd32 - Pointer was not allocated
Failed to free pointer: 0x1046ecd31 - Pointer was not allocated
Failed to free pointer: 0x1046ecd74 - Pointer was not allocated
Failed to free pointer: 0x1046ecd74 - Pointer was not allocated
Failed to free pointer: 0x1046ecdb6 - Pointer was not allocated
Failed to free pointer: 0x1046ecdb6 - Pointer was not allocated
Failed to free pointer: 0x1046ecdb6 - Pointer was not allocated
Failed to free pointer: 0x1046ec42b - Pointer was not allocated
Failed to free pointer: 0x1046ec42b - Pointer was not allocated
Failed to free pointer: 0x1046ecc2c - Pointer was not allocated
Failed to free pointer: 0x1046ecc2c - Pointer was not allocated
Failed to free pointer: 0x1046ecd32 - Pointer was not allocated
Failed to free pointer: 0x1046ecd31 - Pointer was not allocated
Failed to free pointer: 0x1046ec81b - Pointer was not allocated
Failed to free pointer: 0x1046ec81a - Pointer was not allocated
Failed to free pointer: 0x1046ecc2c - Pointer was not allocated
Failed to free pointer: 0x1046ecc2c - Pointer was not allocated
Failed to free pointer: 0x1046ecd32 - Pointer was not allocated
Failed to free pointer: 0x1046ecd31 - Pointer was not allocated
Failed to free pointer: 0x1046ecc2c - Pointer was not allocated
Failed to free pointer: 0x1046ecc2c - Pointer was not allocated
Failed to free pointer: 0x1046ecc2b - Pointer was not allocated
Failed to free pointer: 0x1046ecc2c - Pointer was not allocated
Failed to free pointer: 0x1046ecd32 - Pointer was not allocated
Failed to free pointer: 0x1046ecd32 - Pointer was not allocated
Failed to free pointer: 0x1046ec42a - Pointer was not allocated
Failed to free pointer: 0x1046ec42a - Pointer was not allocated
Failed to free pointer: 0x1046ec81b - Pointer was not allocated
Failed to free pointer: 0x1046ec81b - Pointer was not allocated
Failed to free pointer: 0x1046ecc2c - Pointer was not allocated
Failed to free pointer: 0x1046ecc2c - Pointer was not allocated
Failed to free pointer: 0x1046ecc2b - Pointer was not allocated
Failed to free pointer: 0x1046ecc2c - Pointer was not allocated
Failed to free pointer: 0x1046ec81b - Pointer was not allocated
Failed to free pointer: 0x1046ec81a - Pointer was not allocated
Failed to free pointer: 0x1046ecc2b - Pointer was not allocated
Failed to free pointer: 0x1046ecc2c - Pointer was not allocated
Failed to free pointer: 0x1046ecd32 - Pointer was not allocated
Failed to free pointer: 0x1046ecd31 - Pointer was not allocated
Failed to free pointer: 0x1046ecdf0 - Pointer was not allocated
Failed to free pointer: 0x1046ecdf0 - Pointer was not allocated
Failed to free pointer: 0x1046ec2b0 - Pointer was not allocated
Failed to free pointer: 0x1046ec2b1 - Pointer was not allocated
Failed to free pointer: 0x1046ec81a - Pointer was not allocated
Failed to free pointer: 0x1046ec81a - Pointer was not allocated
Failed to free pointer: 0x1046ecc2b - Pointer was not allocated
Failed to free pointer: 0x1046ecc2b - Pointer was not allocated
Failed to free pointer: 0x1046ecabf - Pointer was not allocated
Failed to free pointer: 0x1046ecabf - Pointer was not allocated
Failed to free pointer: 0x1046ecd32 - Pointer was not allocated
Failed to free pointer: 0x1046ecd32 - Pointer was not allocated
Failed to free pointer: 0x1046ecd32 - Pointer was not allocated
Failed to free pointer: 0x1046ecdef - Pointer was not allocated
Failed to free pointer: 0x1046ecdef - Pointer was not allocated
Failed to free pointer: 0x1046ece2c - Pointer was not allocated
Failed to free pointer: 0x1046ece2b - Pointer was not allocated
Failed to free pointer: 0x1046ec81b - Pointer was not allocated
Failed to free pointer: 0x1046ec81a - Pointer was not allocated
Failed to free pointer: 0x1046ecea6 - Pointer was not allocated
Failed to free pointer: 0x1046ecea7 - Pointer was not allocated
Failed to free pointer: 0x1046ecc2b - Pointer was not allocated
Failed to free pointer: 0x1046ecc2b - Pointer was not allocated
Failed to free pointer: 0x1046ecdef - Pointer was not allocated
Failed to free pointer: 0x1046ecdf0 - Pointer was not allocated
Failed to free pointer: 0x1046ec42b - Pointer was not allocated
Failed to free pointer: 0x1046ec42b - Pointer was not allocated
Failed to free pointer: 0x1046ec81b - Pointer was not allocated
Failed to free pointer: 0x1046ec81a - Pointer was not allocated
Failed to free pointer: 0x1046ecc2c - Pointer was not allocated
Failed to free pointer: 0x1046ecc2c - Pointer was not allocated
Failed to free pointer: 0x1046ecc2b - Pointer was not allocated
Failed to free pointer: 0x1046ecc2c - Pointer was not allocated
Failed to free pointer: 0x1046ecc2c - Pointer was not allocated
Failed to free pointer: 0x1046ecc2c - Pointer was not allocated
Failed to free pointer: 0x1046ecc2c - Pointer was not allocated
Failed to free pointer: 0x1046ec81b - Pointer was not allocated
Failed to free pointer: 0x1046ec81b - Pointer was not allocated
Failed to free pointer: 0x1046ec81b - Pointer was not allocated
Failed to free pointer: 0x1046ecdf0 - Pointer was not allocated
Failed to free pointer: 0x1046ecdf0 - Pointer was not allocated
Failed to free pointer: 0x1046ece56 - Pointer was not allocated
Failed to free pointer: 0x1046ece56 - Pointer was not allocated
Failed to free pointer: 0x1046ece8d - Pointer was not allocated
Failed to free pointer: 0x1046ece8e - Pointer was not allocated
Failed to free pointer: 0x1046ecdf0 - Pointer was not allocated
Failed to free pointer: 0x1046ecdf0 - Pointer was not allocated
Failed to free pointer: 0x1046ecdef - Pointer was not allocated
Failed to free pointer: 0x1046ecdef - Pointer was not allocated
Failed to free pointer: 0x1046ece36 - Pointer was not allocated
Failed to free pointer: 0x1046ece37 - Pointer was not allocated
Failed to free pointer: 0x1046ecdf0 - Pointer was not allocated
Failed to free pointer: 0x1046ecdf0 - Pointer was not allocated
Failed to free pointer: 0x1046ecdf0 - Pointer was not allocated
Failed to free pointer: 0x1046ecdef - Pointer was not allocated
Failed to free pointer: 0x1046ecdf0 - Pointer was not allocated
Failed to free pointer: 0x1046ecdef - Pointer was not allocated
Failed to free pointer: 0x1046ecdef - Pointer was not allocated
Failed to free pointer: 0x1046ecdf0 - Pointer was not allocated
Failed to free pointer: 0x1046ecdef - Pointer was not allocated
Failed to free pointer: 0x1046ecdf0 - Pointer was not allocated
Failed to free pointer: 0x1046ecdf0 - Pointer was not allocated
Failed to free pointer: 0x1046ecdef - Pointer was not allocated
Failed to free pointer: 0x1046ec42b - Pointer was not allocated
Failed to free pointer: 0x1046ec42b - Pointer was not allocated
Failed to free pointer: 0x1046ec42b - Pointer was not allocated
Failed to free pointer: 0x1046ecd75 - Pointer was not allocated
Failed to free pointer: 0x1046ecd75 - Pointer was not allocated
Failed to free pointer: 0x1046ecd75 - Pointer was not allocated
ERROR: Finished searching memory - not enough space for allocation (68 bytes)
Failed to free pointer: 0x1046ecdf0 - Pointer was not allocated
Failed to free pointer: 0x1046ecdf0 - Pointer was not allocated
ERROR: Finished searching memory - not enough space for allocation (63 bytes)
ERROR: Finished searching memory - not enough space for allocation (72 bytes)
ERROR: Finished searching memory - not enough space for allocation (99 bytes)
Failed to free pointer: 0x1046ecdf0 - Pointer was not allocated
Failed to free pointer: 0x1046ecdf0 - Pointer was not allocated
Failed to free pointer: 0x1046eceac - Pointer was not allocated
Failed to free pointer: 0x1046eceab - Pointer was not allocated
Failed to free pointer: 0x1046ecdf0 - Pointer was not allocated
Failed to free pointer: 0x1046ecdef - Pointer was not allocated
Failed to free pointer: 0x1046ecabf - Pointer was not allocated
Failed to free pointer: 0x1046ecabf - Pointer was not allocated
Failed to free pointer: 0x1046ecdf0 - Pointer was not allocated
Failed to free pointer: 0x1046ecdef - Pointer was not allocated
Failed to free pointer: 0x1046ecdef - Pointer was not allocated
Failed to free pointer: 0x1046ecdf0 - Pointer was not allocated
Failed to free pointer: 0x1046ece4d - Pointer was not allocated
Failed to free pointer: 0x1046ece4d - Pointer was not allocated
Failed to free pointer: 0x1046ecec4 - Pointer was not allocated
Failed to free pointer: 0x1046ecec4 - Pointer was not allocated
Failed to free pointer: 0x1046ec9cb - Pointer was not allocated
Failed to free pointer: 0x1046ec9cb - Pointer was not allocated
Failed to free pointer: 0x1046ecabf - Pointer was not allocated
Failed to free pointer: 0x1046ecabe - Pointer was not allocated
Failed to free pointer: 0x1046ecf21 - Pointer was not allocated
Failed to free pointer: 0x1046ecf21 - Pointer was not allocated
Failed to free pointer: 0x1046ec2b1 - Pointer was not allocated
Failed to free pointer: 0x1046ec2b1 - Pointer was not allocated
Failed to free pointer: 0x1046ecdf0 - Pointer was not allocated
Failed to free pointer: 0x1046ecdf0 - Pointer was not allocated
Failed to free pointer: 0x1046ece29 - Pointer was not allocated
Failed to free pointer: 0x1046ece28 - Pointer was not allocated
Failed to free pointer: 0x1046ece5b - Pointer was not allocated
Failed to free pointer: 0x1046ece5b - Pointer was not allocated
Failed to free pointer: 0x1046ece9f - Pointer was not allocated
Failed to free pointer: 0x1046ece9f - Pointer was not allocated
Failed to free pointer: 0x1046ecf74 - Pointer was not allocated
Failed to free pointer: 0x1046ecf74 - Pointer was not allocated
Failed to free pointer: 0x1046ecfd5 - Pointer was not allocated
Failed to free pointer: 0x1046ecfd4 - Pointer was not allocated
Failed to free pointer: 0x1046ec854 - Pointer was not allocated
Failed to free pointer: 0x1046ec854 - Pointer was not allocated
Failed to free pointer: 0x1046ecdf0 - Pointer was not allocated
Failed to free pointer: 0x1046ecdef - Pointer was not allocated
Failed to free pointer: 0x1046ece6c - Pointer was not allocated
Failed to free pointer: 0x1046ece6c - Pointer was not allocated
Failed to free pointer: 0x1046ecabe - Pointer was not allocated
Failed to free pointer: 0x1046ecabf - Pointer was not allocated
ERROR: Finished searching memory - not enough space for allocation (85 bytes)
ERROR: Finished searching memory - not enough space for allocation (99 bytes)
Failed to free pointer: 0x1046ecf0b - Pointer was not allocated
Failed to free pointer: 0x1046ecf0b - Pointer was not allocated
Failed to free pointer: 0x1046ecf0b - Pointer was not allocated
Failed to free pointer: 0x1046ecdef - Pointer was not allocated
Failed to free pointer: 0x1046ecdf0 - Pointer was not allocated
Failed to free pointer: 0x1046ece63 - Pointer was not allocated
Failed to free pointer: 0x1046ece63 - Pointer was not allocated
Failed to free pointer: 0x1046ecabf - Pointer was not allocated
Failed to free pointer: 0x1046ecabf - Pointer was not allocated
Failed to free pointer: 0x1046ecf84 - Pointer was not allocated
Failed to free pointer: 0x1046ecf83 - Pointer was not allocated
Failed to free pointer: 0x1046ecfa8 - Pointer was not allocated
Failed to free pointer: 0x1046ecfa7 - Pointer was not allocated
Failed to free pointer: 0x1046ecff7 - Pointer was not allocated
Failed to free pointer: 0x1046ecff8 - Pointer was not allocated
Failed to free pointer: 0x1046ecdef - Pointer was not allocated
Failed to free pointer: 0x1046ecdf0 - Pointer was not allocated
Failed to free pointer: 0x1046ecabf - Pointer was not allocated
Failed to free pointer: 0x1046ecabf - Pointer was not allocated
Failed to free pointer: 0x1046ece32 - Pointer was not allocated
Failed to free pointer: 0x1046ece31 - Pointer was not allocated
Failed to free pointer: 0x1046ece8e - Pointer was not allocated
Failed to free pointer: 0x1046ece8d - Pointer was not allocated
Failed to free pointer: 0x1046ecf83 - Pointer was not allocated
Failed to free pointer: 0x1046ecf84 - Pointer was not allocated
Failed to free pointer: 0x1046ecaea - Pointer was not allocated
Failed to free pointer: 0x1046ecae9 - Pointer was not allocated
Failed to free pointer: 0x1046ecdef - Pointer was not allocated
Failed to free pointer: 0x1046ecdef - Pointer was not allocated
Failed to free pointer: 0x1046ece5d - Pointer was not allocated
Failed to free pointer: 0x1046ece5e - Pointer was not allocated
Failed to free pointer: 0x1046ecdef - Pointer was not allocated
Failed to free pointer: 0x1046ecdef - Pointer was not allocated
Failed to free pointer: 0x1046ece29 - Pointer was not allocated
Failed to free pointer: 0x1046ece29 - Pointer was not allocated
Failed to free pointer: 0x1046ece29 - Pointer was not allocated
Failed to free pointer: 0x1046ecabf - Pointer was not allocated
Failed to free pointer: 0x1046ecabe - Pointer was not allocated
ERROR: Finished searching memory - not enough space for allocation (84 bytes)
ERROR: Finished searching memory - not enough space for allocation (82 bytes)
Failed to free pointer: 0x1046ecabf - Pointer was not allocated
Failed to free pointer: 0x1046ecabf - Pointer was not allocated
Failed to free pointer: 0x1046ecabf - Pointer was not allocated
Failed to free pointer: 0x1046ecec5 - Pointer was not allocated
Failed to free pointer: 0x1046ecec5 - Pointer was not allocated
Failed to free pointer: 0x1046ece6a - Pointer was not allocated
Failed to free pointer: 0x1046ece6a - Pointer was not allocated
Failed to free pointer: 0x1046ece6a - Pointer was not allocated
Failed to free pointer: 0x1046ece6a - Pointer was not allocated
Failed to free pointer: 0x1046ece6a - Pointer was not allocated
Failed to free pointer: 0x1046ece6a - Pointer was not allocated
Failed to free pointer: 0x1046eceb2 - Pointer was not allocated
Failed to free pointer: 0x1046eceb1 - Pointer was not allocated
Failed to free pointer: 0x1046ecf84 - Pointer was not allocated
Failed to free pointer: 0x1046ecf84 - Pointer was not allocated
ERROR: Finished searching memory - not enough space for allocation (76 bytes)
Failed to free pointer: 0x1046ecfb8 - Pointer was not allocated
Failed to free pointer: 0x1046ecfb8 - Pointer was not allocated
Failed to free pointer: 0x1046ece69 - Pointer was not allocated
Failed to free pointer: 0x1046ece6a - Pointer was not allocated
Failed to free pointer: 0x1046ed019 - Pointer was not allocated
Failed to free pointer: 0x1046ed019 - Pointer was not allocated
Failed to free pointer: 0x1046ece6a - Pointer was not allocated
Failed to free pointer: 0x1046ece69 - Pointer was not allocated
ERROR: Finished searching memory - not enough space for allocation (78 bytes)
Failed to free pointer: 0x1046ece6a - Pointer was not allocated
Failed to free pointer: 0x1046ece69 - Pointer was not allocated
Failed to free pointer: 0x1046ecf84 - Pointer was not allocated
Failed to free pointer: 0x1046ecf84 - Pointer was not allocated
Failed to free pointer: 0x1046ecf84 - Pointer was not allocated
Failed to free pointer: 0x1046ece6a - Pointer was not allocated
Failed to free pointer: 0x1046ece6a - Pointer was not allocated
ERROR: Finished searching memory - not enough space for allocation (72 bytes)
ERROR: Finished searching memory - not enough space for allocation (63 bytes)
Failed to free pointer: 0x1046ece6a - Pointer was not allocated
Failed to free pointer: 0x1046ece6a - Pointer was not allocated
Failed to free pointer: 0x1046ece6a - Pointer was not allocated
Failed to free pointer: 0x1046ece6a - Pointer was not allocated
ERROR: Finished searching memory - not enough space for allocation (94 bytes)
Failed to free pointer: 0x1046ece8f - Pointer was not allocated
Failed to free pointer: 0x1046ece8f - Pointer was not allocated
Failed to free pointer: 0x1046ece8f - Pointer was not allocated
Failed to free pointer: 0x1046ecfff - Pointer was not allocated
Failed to free pointer: 0x1046ecfff - Pointer was not allocated
ERROR: Finished searching memory - not enough space for allocation (73 bytes)
ERROR: Finished searching memory - not enough space for allocation (59 bytes)
Failed to free pointer: 0x1046ecfff - Pointer was not allocated
Failed to free pointer: 0x1046ecfff - Pointer was not allocated
ERROR: Finished searching memory - not enough space for allocation (72 bytes)
Failed to free pointer: 0x1046ed000 - Pointer was not allocated
Failed to free pointer: 0x1046ed000 - Pointer was not allocated
ERROR: Finished searching memory - not enough space for allocation (80 bytes)
ERROR: Finished searching memory - not enough space for allocation (72 bytes)
ERROR: Finished searching memory - not enough space for allocation (83 bytes)
Failed to free pointer: 0x1046ed000 - Pointer was not allocated
Failed to free pointer: 0x1046ed000 - Pointer was not allocated
Failed to free pointer: 0x1046ecdf0 - Pointer was not allocated
Failed to free pointer: 0x1046ecdf0 - Pointer was not allocated
ERROR: Finished searching memory - not enough space for allocation (80 bytes)
ERROR: Finished searching memory - not enough space for allocation (23 bytes)
Failed to free pointer: 0x1046ed000 - Pointer was not allocated
Failed to free pointer: 0x1046ecfff - Pointer was not allocated
Failed to free pointer: 0x1046ec9cb - Pointer was not allocated
Failed to free pointer: 0x1046ec9ca - Pointer was not allocated
ERROR: Finished searching memory - not enough space for allocation (82 bytes)
ERROR: Finished searching memory - not enough space for allocation (11 bytes)
ERROR: Finished searching memory - not enough space for allocation (90 bytes)
ERROR: Finished searching memory - not enough space for allocation (70 bytes)
Failed to free pointer: 0x1046ed000 - Pointer was not allocated
Failed to free pointer: 0x1046ed000 - Pointer was not allocated
ERROR: Finished searching memory - not enough space for allocation (71 bytes)
Failed to free pointer: 0x1046ec44e - Pointer was not allocated
Failed to free pointer: 0x1046ec44e - Pointer was not allocated
Failed to free pointer: 0x1046ecfff - Pointer was not allocated
Failed to free pointer: 0x1046ecfff - Pointer was not allocated
ERROR: Finished searching memory - not enough space for allocation (79 bytes)
ERROR: Finished searching memory - not enough space for allocation (92 bytes)
Failed to free pointer: 0x1046ed000 - Pointer was not allocated
Failed to free pointer: 0x1046ed000 - Pointer was not allocated
Failed to free pointer: 0x1046ed000 - Pointer was not allocated
ERROR: Finished searching memory - not enough space for allocation (50 bytes)
ERROR: Finished searching memory - not enough space for allocation (55 bytes)
ERROR: Finished searching memory - not enough space for allocation (85 bytes)
ERROR: Finished searching memory - not enough space for allocation (99 bytes)
Failed to free pointer: 0x1046ecdf0 - Pointer was not allocated
Failed to free pointer: 0x1046ecdef - Pointer was not allocated
ERROR: Finished searching memory - not enough space for allocation (52 bytes)
ERROR: Finished searching memory - not enough space for allocation (19 bytes)
ERROR: Finished searching memory - not enough space for allocation (44 bytes)
Failed to free pointer: 0x1046ecdf0 - Pointer was not allocated
Failed to free pointer: 0x1046ecdf0 - Pointer was not allocated
ERROR: Finished searching memory - not enough space for allocation (50 bytes)
ERROR: Finished searching memory - not enough space for allocation (90 bytes)
ERROR: Finished searching memory - not enough space for allocation (61 bytes)
ERROR: Finished searching memory - not enough space for allocation (57 bytes)
ERROR: Finished searching memory - not enough space for allocation (76 bytes)
ERROR: Finished searching memory - not enough space for allocation (51 bytes)
ERROR: Finished searching memory - not enough space for allocation (92 bytes)
ERROR: Finished searching memory - not enough space for allocation (30 bytes)
ERROR: Finished searching memory - not enough space for allocation (75 bytes)
ERROR: Finished searching memory - not enough space for allocation (49 bytes)
Failed to free pointer: 0x1046ecdf0 - Pointer was not allocated
Failed to free pointer: 0x1046ecdf0 - Pointer was not allocated
Failed to free pointer: 0x1046ec854 - Pointer was not allocated
Failed to free pointer: 0x1046ec854 - Pointer was not allocated
ERROR: Finished searching memory - not enough space for allocation (63 bytes)
ERROR: Finished searching memory - not enough space for allocation (15 bytes)
ERROR: Finished searching memory - not enough space for allocation (19 bytes)
ERROR: Finished searching memory - not enough space for allocation (50 bytes)
ERROR: Finished searching memory - not enough space for allocation (57 bytes)
ERROR: Finished searching memory - not enough space for allocation (43 bytes)
ERROR: Finished searching memory - not enough space for allocation (55 bytes)
ERROR: Finished searching memory - not enough space for allocation (65 bytes)
ERROR: Finished searching memory - not enough space for allocation (100 bytes)
ERROR: Finished searching memory - not enough space for allocation (32 bytes)
Failed to free pointer: 0x1046ec9cb - Pointer was not allocated
Failed to free pointer: 0x1046ec9ca - Pointer was not allocated
ERROR: Finished searching memory - not enough space for allocation (55 bytes)
ERROR: Finished searching memory - not enough space for allocation (64 bytes)
ERROR: Finished searching memory - not enough space for allocation (94 bytes)
ERROR: Finished searching memory - not enough space for allocation (11 bytes)
ERROR: Finished searching memory - not enough space for allocation (97 bytes)
ERROR: Finished searching memory - not enough space for allocation (72 bytes)
ERROR: Finished searching memory - not enough space for allocation (69 bytes)
ERROR: Finished searching memory - not enough space for allocation (61 bytes)
ERROR: Finished searching memory - not enough space for allocation (80 bytes)
ERROR: Finished searching memory - not enough space for allocation (78 bytes)
ERROR: Finished searching memory - not enough space for allocation (36 bytes)
ERROR: Finished searching memory - not enough space for allocation (50 bytes)
ERROR: Finished searching memory - not enough space for allocation (29 bytes)
ERROR: Finished searching memory - not enough space for allocation (31 bytes)
ERROR: Finished searching memory - not enough space for allocation (20 bytes)
ERROR: Finished searching memory - not enough space for allocation (37 bytes)
ERROR: Finished searching memory - not enough space for allocation (39 bytes)
ERROR: Finished searching memory - not enough space for allocation (70 bytes)
ERROR: Finished searching memory - not enough space for allocation (87 bytes)
ERROR: Finished searching memory - not enough space for allocation (49 bytes)
ERROR: Finished searching memory - not enough space for allocation (35 bytes)
ERROR: Finished searching memory - not enough space for allocation (46 bytes)
ERROR: Finished searching memory - not enough space for allocation (80 bytes)
ERROR: Finished searching memory - not enough space for allocation (74 bytes)
ERROR: Finished searching memory - not enough space for allocation (37 bytes)
ERROR: Finished searching memory - not enough space for allocation (46 bytes)
ERROR: Finished searching memory - not enough space for allocation (53 bytes)
ERROR: Finished searching memory - not enough space for allocation (26 bytes)
ERROR: Finished searching memory - not enough space for allocation (94 bytes)
ERROR: Finished searching memory - not enough space for allocation (17 bytes)
ERROR: Finished searching memory - not enough space for allocation (49 bytes)
ERROR: Finished searching memory - not enough space for allocation (47 bytes)
ERROR: Finished searching memory - not enough space for allocation (40 bytes)
ERROR: Finished searching memory - not enough space for allocation (19 bytes)
ERROR: Finished searching memory - not enough space for allocation (88 bytes)
ERROR: Finished searching memory - not enough space for allocation (24 bytes)
ERROR: Finished searching memory - not enough space for allocation (15 bytes)
ERROR: Finished searching memory - not enough space for allocation (57 bytes)
Failed to free pointer: 0x1046ec9cb - Pointer was not allocated
Failed to free pointer: 0x1046ec9ca - Pointer was not allocated
ERROR: Finished searching memory - not enough space for allocation (52 bytes)
ERROR: Finished searching memory - not enough space for allocation (50 bytes)
ERROR: Finished searching memory - not enough space for allocation (43 bytes)
ERROR: Finished searching memory - not enough space for allocation (91 bytes)
Failed to free pointer: 0x1046ec220 - Pointer was not allocated
Failed to free pointer: 0x1046ec220 - Pointer was not allocated
Failed to free pointer: 0x1046ec220 - Pointer was not allocated
ERROR: Finished searching memory - not enough space for allocation (70 bytes)
ERROR: Finished searching memory - not enough space for allocation (76 bytes)
ERROR: Finished searching memory - not enough space for allocation (74 bytes)
ERROR: Finished searching memory - not enough space for allocation (44 bytes)
ERROR: Finished searching memory - not enough space for allocation (85 bytes)
ERROR: Finished searching memory - not enough space for allocation (30 bytes)
ERROR: Finished searching memory - not enough space for allocation (21 bytes)
ERROR: Finished searching memory - not enough space for allocation (86 bytes)
ERROR: Finished searching memory - not enough space for allocation (39 bytes)
Failed to free pointer: 0x1046ec9cb - Pointer was not allocated
Failed to free pointer: 0x1046ec9cb - Pointer was not allocated
Failed to free pointer: 0x1046ec9cb - Pointer was not allocated
ERROR: Finished searching memory - not enough space for allocation (68 bytes)
ERROR: Finished searching memory - not enough space for allocation (66 bytes)
ERROR: Finished searching memory - not enough space for allocation (53 bytes)
ERROR: Finished searching memory - not enough space for allocation (39 bytes)
ERROR: Finished searching memory - not enough space for allocation (86 bytes)
ERROR: Finished searching memory - not enough space for allocation (27 bytes)
Failed to free pointer: 0x1046ecae3 - Pointer was not allocated
Failed to free pointer: 0x1046ecae2 - Pointer was not allocated
ERROR: Finished searching memory - not enough space for allocation (52 bytes)
ERROR: Finished searching memory - not enough space for allocation (75 bytes)
Failed to free pointer: 0x1046ecdf0 - Pointer was not allocated
Failed to free pointer: 0x1046ecdf0 - Pointer was not allocated
ERROR: Finished searching memory - not enough space for allocation (47 bytes)
ERROR: Finished searching memory - not enough space for allocation (77 bytes)
ERROR: Finished searching memory - not enough space for allocation (88 bytes)
ERROR: Finished searching memory - not enough space for allocation (64 bytes)
ERROR: Finished searching memory - not enough space for allocation (46 bytes)
Failed to free pointer: 0x1046ece6a - Pointer was not allocated
Failed to free pointer: 0x1046ece6a - Pointer was not allocated
ERROR: Finished searching memory - not enough space for allocation (11 bytes)
ERROR: Finished searching memory - not enough space for allocation (20 bytes)
ERROR: Finished searching memory - not enough space for allocation (53 bytes)
Failed to free pointer: 0x1046ec64f - Pointer was not allocated
Failed to free pointer: 0x1046ec64f - Pointer was not allocated
ERROR: Finished searching memory - not enough space for allocation (37 bytes)
ERROR: Finished searching memory - not enough space for allocation (80 bytes)
ERROR: Finished searching memory - not enough space for allocation (37 bytes)
Failed to free pointer: 0x1046ecdf0 - Pointer was not allocated
Failed to free pointer: 0x1046ecdf0 - Pointer was not allocated
ERROR: Finished searching memory - not enough space for allocation (67 bytes)
ERROR: Finished searching memory - not enough space for allocation (94 bytes)
ERROR: Finished searching memory - not enough space for allocation (49 bytes)
Failed to free pointer: 0x1046ecdf0 - Pointer was not allocated
Failed to free pointer: 0x1046ecdf0 - Pointer was not allocated
ERROR: Finished searching memory - not enough space for allocation (98 bytes)
Failed to free pointer: 0x1046ec854 - Pointer was not allocated
Failed to free pointer: 0x1046ec853 - Pointer was not allocated
ERROR: Finished searching memory - not enough space for allocation (63 bytes)
ERROR: Finished searching memory - not enough space for allocation (15 bytes)
ERROR: Finished searching memory - not enough space for allocation (91 bytes)
ERROR: Finished searching memory - not enough space for allocation (29 bytes)
ERROR: Finished searching memory - not enough space for allocation (88 bytes)
ERROR: Finished searching memory - not enough space for allocation (99 bytes)
ERROR: Finished searching memory - not enough space for allocation (31 bytes)
ERROR: Finished searching memory - not enough space for allocation (73 bytes)
ERROR: Finished searching memory - not enough space for allocation (11 bytes)
ERROR: Finished searching memory - not enough space for allocation (37 bytes)
ERROR: Finished searching memory - not enough space for allocation (100 bytes)
Failed to free pointer: 0x1046ecdf0 - Pointer was not allocated
Failed to free pointer: 0x1046ecdef - Pointer was not allocated
ERROR: Finished searching memory - not enough space for allocation (67 bytes)
ERROR: Finished searching memory - not enough space for allocation (11 bytes)
ERROR: Finished searching memory - not enough space for allocation (70 bytes)
ERROR: Finished searching memory - not enough space for allocation (29 bytes)
Failed to free pointer: 0x1046ecdef - Pointer was not allocated
Failed to free pointer: 0x1046ecdef - Pointer was not allocated
ERROR: Finished searching memory - not enough space for allocation (69 bytes)
ERROR: Finished searching memory - not enough space for allocation (46 bytes)
ERROR: Finished searching memory - not enough space for allocation (15 bytes)
ERROR: Finished searching memory - not enough space for allocation (38 bytes)
ERROR: Finished searching memory - not enough space for allocation (47 bytes)
ERROR: Finished searching memory - not enough space for allocation (35 bytes)
Failed to free pointer: 0x1046ecdf0 - Pointer was not allocated
Failed to free pointer: 0x1046ecdf0 - Pointer was not allocated
Failed to free pointer: 0x1046ed045 - Pointer was not allocated
Failed to free pointer: 0x1046ed045 - Pointer was not allocated
Failed to free pointer: 0x1046ed045 - Pointer was not allocated
Failed to free pointer: 0x1046ec44e - Pointer was not allocated
Failed to free pointer: 0x1046ec44e - Pointer was not allocated
ERROR: Finished searching memory - not enough space for allocation (15 bytes)
ERROR: Finished searching memory - not enough space for allocation (35 bytes)
ERROR: Finished searching memory - not enough space for allocation (17 bytes)
ERROR: Finished searching memory - not enough space for allocation (85 bytes)
ERROR: Finished searching memory - not enough space for allocation (28 bytes)
Failed to free pointer: 0x1046ec64f - Pointer was not allocated
Failed to free pointer: 0x1046ec64f - Pointer was not allocated
Failed to free pointer: 0x1046ec64f - Pointer was not allocated
ERROR: Finished searching memory - not enough space for allocation (78 bytes)
Failed to free pointer: 0x1046ec2b1 - Pointer was not allocated
Failed to free pointer: 0x1046ec2b0 - Pointer was not allocated
ERROR: Finished searching memory - not enough space for allocation (30 bytes)
ERROR: Finished searching memory - not enough space for allocation (61 bytes)
ERROR: Finished searching memory - not enough space for allocation (23 bytes)
ERROR: Finished searching memory - not enough space for allocation (62 bytes)
ERROR: Finished searching memory - not enough space for allocation (94 bytes)
ERROR: Finished searching memory - not enough space for allocation (67 bytes)
ERROR: Finished searching memory - not enough space for allocation (83 bytes)
ERROR: Finished searching memory - not enough space for allocation (55 bytes)
ERROR: Finished searching memory - not enough space for allocation (50 bytes)
ERROR: Finished searching memory - not enough space for allocation (58 bytes)
Failed to free pointer: 0x1046ecdf0 - Pointer was not allocated
Failed to free pointer: 0x1046ecdf0 - Pointer was not allocated
ERROR: Finished searching memory - not enough space for allocation (22 bytes)
ERROR: Finished searching memory - not enough space for allocation (76 bytes)
ERROR: Finished searching memory - not enough space for allocation (62 bytes)
ERROR: Finished searching memory - not enough space for allocation (76 bytes)
ERROR: Finished searching memory - not enough space for allocation (53 bytes)
ERROR: Finished searching memory - not enough space for allocation (97 bytes)
ERROR: Finished searching memory - not enough space for allocation (95 bytes)
ERROR: Finished searching memory - not enough space for allocation (80 bytes)
ERROR: Finished searching memory - not enough space for allocation (51 bytes)
ERROR: Finished searching memory - not enough space for allocation (70 bytes)
ERROR: Finished searching memory - not enough space for allocation (61 bytes)
ERROR: Finished searching memory - not enough space for allocation (16 bytes)
ERROR: Finished searching memory - not enough space for allocation (42 bytes)
ERROR: Finished searching memory - not enough space for allocation (47 bytes)
Failed to free pointer: 0x1046ecdef - Pointer was not allocated
Failed to free pointer: 0x1046ecdf0 - Pointer was not allocated
ERROR: Finished searching memory - not enough space for allocation (78 bytes)
Failed to free pointer: 0x1046ecc9f - Pointer was not allocated
Failed to free pointer: 0x1046ecc9f - Pointer was not allocated
ERROR: Finished searching memory - not enough space for allocation (35 bytes)
ERROR: Finished searching memory - not enough space for allocation (90 bytes)
ERROR: Finished searching memory - not enough space for allocation (47 bytes)
ERROR: Finished searching memory - not enough space for allocation (17 bytes)
ERROR: Finished searching memory - not enough space for allocation (66 bytes)
Failed to free pointer: 0x1046ec44d - Pointer was not allocated
Failed to free pointer: 0x1046ec44e - Pointer was not allocated
ERROR: Finished searching memory - not enough space for allocation (67 bytes)
ERROR: Finished searching memory - not enough space for allocation (31 bytes)
ERROR: Finished searching memory - not enough space for allocation (26 bytes)
ERROR: Finished searching memory - not enough space for allocation (38 bytes)
ERROR: Finished searching memory - not enough space for allocation (11 bytes)
ERROR: Finished searching memory - not enough space for allocation (28 bytes)
ERROR: Finished searching memory - not enough space for allocation (11 bytes)
Failed to free pointer: 0x1046ecdf0 - Pointer was not allocated
Failed to free pointer: 0x1046ecdef - Pointer was not allocated
ERROR: Finished searching memory - not enough space for allocation (79 bytes)
ERROR: Finished searching memory - not enough space for allocation (84 bytes)
Failed to free pointer: 0x1046ecae3 - Pointer was not allocated
Failed to free pointer: 0x1046ecae3 - Pointer was not allocated
ERROR: Finished searching memory - not enough space for allocation (75 bytes)
ERROR: Finished searching memory - not enough space for allocation (64 bytes)
ERROR: Finished searching memory - not enough space for allocation (16 bytes)
ERROR: Finished searching memory - not enough space for allocation (65 bytes)
ERROR: Finished searching memory - not enough space for allocation (25 bytes)
Failed to free pointer: 0x1046eced1 - Pointer was not allocated
Failed to free pointer: 0x1046eced0 - Pointer was not allocated
ERROR: Finished searching memory - not enough space for allocation (86 bytes)
ERROR: Finished searching memory - not enough space for allocation (78 bytes)
ERROR: Finished searching memory - not enough space for allocation (42 bytes)
ERROR: Finished searching memory - not enough space for allocation (51 bytes)
ERROR: Finished searching memory - not enough space for allocation (27 bytes)
Failed to free pointer: 0x1046ec44e - Pointer was not allocated
Failed to free pointer: 0x1046ec44e - Pointer was not allocated
ERROR: Finished searching memory - not enough space for allocation (39 bytes)
ERROR: Finished searching memory - not enough space for allocation (66 bytes)
ERROR: Finished searching memory - not enough space for allocation (77 bytes)
ERROR: Finished searching memory - not enough space for allocation (99 bytes)
ERROR: Finished searching memory - not enough space for allocation (47 bytes)
ERROR: Finished searching memory - not enough space for allocation (30 bytes)
ERROR: Finished searching memory - not enough space for allocation (91 bytes)
ERROR: Finished searching memory - not enough space for allocation (67 bytes)
Failed to free pointer: 0x1046ecae3 - Pointer was not allocated
Failed to free pointer: 0x1046ecae2 - Pointer was not allocated
Failed to free pointer: 0x1046ecdf0 - Pointer was not allocated
Failed to free pointer: 0x1046ecdf0 - Pointer was not allocated
ERROR: Finished searching memory - not enough space for allocation (26 bytes)
ERROR: Finished searching memory - not enough space for allocation (39 bytes)
ERROR: Finished searching memory - not enough space for allocation (20 bytes)
ERROR: Finished searching memory - not enough space for allocation (37 bytes)
ERROR: Finished searching memory - not enough space for allocation (49 bytes)
ERROR: Finished searching memory - not enough space for allocation (87 bytes)
ERROR: Finished searching memory - not enough space for allocation (50 bytes)
Failed to free pointer: 0x1046ecdf0 - Pointer was not allocated
Failed to free pointer: 0x1046ecdf0 - Pointer was not allocated
Failed to free pointer: 0x1046ece69 - Pointer was not allocated
Failed to free pointer: 0x1046ece6a - Pointer was not allocated
ERROR: Finished searching memory - not enough space for allocation (39 bytes)
ERROR: Finished searching memory - not enough space for allocation (95 bytes)
ERROR: Finished searching memory - not enough space for allocation (20 bytes)
ERROR: Finished searching memory - not enough space for allocation (64 bytes)
ERROR: Finished searching memory - not enough space for allocation (79 bytes)
ERROR: Finished searching memory - not enough space for allocation (94 bytes)
ERROR: Finished searching memory - not enough space for allocation (100 bytes)
Failed to free pointer: 0x1046ec44e - Pointer was not allocated
Failed to free pointer: 0x1046ec44d - Pointer was not allocated
ERROR: Finished searching memory - not enough space for allocation (29 bytes)
ERROR: Finished searching memory - not enough space for allocation (36 bytes)
ERROR: Finished searching memory - not enough space for allocation (35 bytes)
Failed to free pointer: 0x1046ecdf0 - Pointer was not allocated
Failed to free pointer: 0x1046ecdf0 - Pointer was not allocated
ERROR: Finished searching memory - not enough space for allocation (32 bytes)
ERROR: Finished searching memory - not enough space for allocation (26 bytes)
Failed to free pointer: 0x1046ecdef - Pointer was not allocated
Failed to free pointer: 0x1046ecdf0 - Pointer was not allocated
ERROR: Finished searching memory - not enough space for allocation (87 bytes)
Failed to free pointer: 0x1046eced0 - Pointer was not allocated
Failed to free pointer: 0x1046eced1 - Pointer was not allocated
ERROR: Finished searching memory - not enough space for allocation (46 bytes)
ERROR: Finished searching memory - not enough space for allocation (79 bytes)
ERROR: Finished searching memory - not enough space for allocation (63 bytes)
ERROR: Finished searching memory - not enough space for allocation (15 bytes)
ERROR: Finished searching memory - not enough space for allocation (53 bytes)
ERROR: Finished searching memory - not enough space for allocation (100 bytes)
ERROR: Finished searching memory - not enough space for allocation (16 bytes)
ERROR: Finished searching memory - not enough space for allocation (69 bytes)
ERROR: Finished searching memory - not enough space for allocation (66 bytes)
ERROR: Finished searching memory - not enough space for allocation (63 bytes)
ERROR: Finished searching memory - not enough space for allocation (26 bytes)
ERROR: Finished searching memory - not enough space for allocation (30 bytes)
Failed to free pointer: 0x1046ecdf0 - Pointer was not allocated
Failed to free pointer: 0x1046ecdf0 - Pointer was not allocated
ERROR: Finished searching memory - not enough space for allocation (38 bytes)
ERROR: Finished searching memory - not enough space for allocation (73 bytes)
ERROR: Finished searching memory - not enough space for allocation (77 bytes)
ERROR: Finished searching memory - not enough space for allocation (32 bytes)
ERROR: Finished searching memory - not enough space for allocation (80 bytes)
ERROR: Finished searching memory - not enough space for allocation (54 bytes)
ERROR: Finished searching memory - not enough space for allocation (45 bytes)
ERROR: Finished searching memory - not enough space for allocation (84 bytes)
ERROR: Finished searching memory - not enough space for allocation (67 bytes)
ERROR: Finished searching memory - not enough space for allocation (16 bytes)
ERROR: Finished searching memory - not enough space for allocation (89 bytes)
ERROR: Finished searching memory - not enough space for allocation (25 bytes)
ERROR: Finished searching memory - not enough space for allocation (45 bytes)
ERROR: Finished searching memory - not enough space for allocation (16 bytes)
ERROR: Finished searching memory - not enough space for allocation (12 bytes)
ERROR: Finished searching memory - not enough space for allocation (17 bytes)
ERROR: Finished searching memory - not enough space for allocation (38 bytes)
ERROR: Finished searching memory - not enough space for allocation (86 bytes)
ERROR: Finished searching memory - not enough space for allocation (90 bytes)
ERROR: Finished searching memory - not enough space for allocation (59 bytes)
ERROR: Finished searching memory - not enough space for allocation (65 bytes)
ERROR: Finished searching memory - not enough space for allocation (59 bytes)
ERROR: Finished searching memory - not enough space for allocation (37 bytes)
Failed to free pointer: 0x1046ecdf0 - Pointer was not allocated
Failed to free pointer: 0x1046ecdef - Pointer was not allocated
ERROR: Finished searching memory - not enough space for allocation (91 bytes)
ERROR: Finished searching memory - not enough space for allocation (45 bytes)
ERROR: Finished searching memory - not enough space for allocation (43 bytes)
ERROR: Finished searching memory - not enough space for allocation (31 bytes)
ERROR: Finished searching memory - not enough space for allocation (23 bytes)
ERROR: Finished searching memory - not enough space for allocation (58 bytes)
ERROR: Finished searching memory - not enough space for allocation (63 bytes)
ERROR: Finished searching memory - not enough space for allocation (50 bytes)
Failed to free pointer: 0x1046ecdf0 - Pointer was not allocated
Failed to free pointer: 0x1046ecdf0 - Pointer was not allocated
ERROR: Finished searching memory - not enough space for allocation (52 bytes)
ERROR: Finished searching memory - not enough space for allocation (31 bytes)
Failed to free pointer: 0x1046ecae3 - Pointer was not allocated
Failed to free pointer: 0x1046ecae3 - Pointer was not allocated
ERROR: Finished searching memory - not enough space for allocation (100 bytes)
ERROR: Finished searching memory - not enough space for allocation (75 bytes)
ERROR: Finished searching memory - not enough space for allocation (73 bytes)
ERROR: Finished searching memory - not enough space for allocation (39 bytes)
Failed to free pointer: 0x1046ecae3 - Pointer was not allocated
Failed to free pointer: 0x1046ecae3 - Pointer was not allocated
ERROR: Finished searching memory - not enough space for allocation (82 bytes)
ERROR: Finished searching memory - not enough space for allocation (51 bytes)
ERROR: Finished searching memory - not enough space for allocation (54 bytes)
ERROR: Finished searching memory - not enough space for allocation (55 bytes)
ERROR: Finished searching memory - not enough space for allocation (80 bytes)
ERROR: Finished searching memory - not enough space for allocation (26 bytes)
ERROR: Finished searching memory - not enough space for allocation (35 bytes)
ERROR: Finished searching memory - not enough space for allocation (74 bytes)
ERROR: Finished searching memory - not enough space for allocation (88 bytes)
ERROR: Finished searching memory - not enough space for allocation (74 bytes)
ERROR: Finished searching memory - not enough space for allocation (91 bytes)
ERROR: Finished searching memory - not enough space for allocation (47 bytes)
ERROR: Finished searching memory - not enough space for allocation (77 bytes)
ERROR: Finished searching memory - not enough space for allocation (28 bytes)
ERROR: Finished searching memory - not enough space for allocation (45 bytes)
Failed to free pointer: 0x1046ec2b1 - Pointer was not allocated
Failed to free pointer: 0x1046ec2b0 - Pointer was not allocated
ERROR: Finished searching memory - not enough space for allocation (97 bytes)
ERROR: Finished searching memory - not enough space for allocation (59 bytes)
ERROR: Finished searching memory - not enough space for allocation (23 bytes)
ERROR: Finished searching memory - not enough space for allocation (26 bytes)
ERROR: Finished searching memory - not enough space for allocation (48 bytes)
ERROR: Finished searching memory - not enough space for allocation (41 bytes)
ERROR: Finished searching memory - not enough space for allocation (100 bytes)
Failed to free pointer: 0x1046ecdf0 - Pointer was not allocated
Failed to free pointer: 0x1046ecdf0 - Pointer was not allocated
Failed to free pointer: 0x1046eced1 - Pointer was not allocated
Failed to free pointer: 0x1046eced0 - Pointer was not allocated
ERROR: Finished searching memory - not enough space for allocation (60 bytes)
ERROR: Finished searching memory - not enough space for allocation (87 bytes)
ERROR: Finished searching memory - not enough space for allocation (46 bytes)
ERROR: Finished searching memory - not enough space for allocation (83 bytes)
ERROR: Finished searching memory - not enough space for allocation (52 bytes)
Failed to free pointer: 0x1046ecdf0 - Pointer was not allocated
Failed to free pointer: 0x1046ecdef - Pointer was not allocated
ERROR: Finished searching memory - not enough space for allocation (45 bytes)
ERROR: Finished searching memory - not enough space for allocation (11 bytes)
ERROR: Finished searching memory - not enough space for allocation (75 bytes)
ERROR: Finished searching memory - not enough space for allocation (24 bytes)
ERROR: Finished searching memory - not enough space for allocation (77 bytes)
ERROR: Finished searching memory - not enough space for allocation (82 bytes)
ERROR: Finished searching memory - not enough space for allocation (53 bytes)
ERROR: Finished searching memory - not enough space for allocation (15 bytes)
ERROR: Finished searching memory - not enough space for allocation (47 bytes)
ERROR: Finished searching memory - not enough space for allocation (53 bytes)
ERROR: Finished searching memory - not enough space for allocation (48 bytes)
ERROR: Finished searching memory - not enough space for allocation (63 bytes)
ERROR: Finished searching memory - not enough space for allocation (82 bytes)
ERROR: Finished searching memory - not enough space for allocation (59 bytes)
ERROR: Finished searching memory - not enough space for allocation (58 bytes)
ERROR: Finished searching memory - not enough space for allocation (92 bytes)
ERROR: Finished searching memory - not enough space for allocation (31 bytes)
ERROR: Finished searching memory - not enough space for allocation (58 bytes)
ERROR: Finished searching memory - not enough space for allocation (70 bytes)
Failed to free pointer: 0x1046ecdf0 - Pointer was not allocated
Failed to free pointer: 0x1046ecdf0 - Pointer was not allocated
Failed to free pointer: 0x1046ecdf0 - Pointer was not allocated
ERROR: Finished searching memory - not enough space for allocation (33 bytes)
ERROR: Finished searching memory - not enough space for allocation (84 bytes)
ERROR: Finished searching memory - not enough space for allocation (84 bytes)
ERROR: Finished searching memory - not enough space for allocation (55 bytes)
ERROR: Finished searching memory - not enough space for allocation (27 bytes)
ERROR: Finished searching memory - not enough space for allocation (98 bytes)
ERROR: Finished searching memory - not enough space for allocation (75 bytes)
ERROR: Finished searching memory - not enough space for allocation (42 bytes)
ERROR: Finished searching memory - not enough space for allocation (24 bytes)
Failed to free pointer: 0x1046ec2b1 - Pointer was not allocated
Failed to free pointer: 0x1046ec2b1 - Pointer was not allocated
Failed to free pointer: 0x1046ec2b1 - Pointer was not allocated
Failed to free pointer: 0x1046ec547 - Pointer was not allocated
Failed to free pointer: 0x1046ec546 - Pointer was not allocated
ERROR: Finished searching memory - not enough space for allocation (45 bytes)
ERROR: Finished searching memory - not enough space for allocation (38 bytes)
ERROR: Finished searching memory - not enough space for allocation (40 bytes)
Failed to free pointer: 0x1046eced1 - Pointer was not allocated
Failed to free pointer: 0x1046eced1 - Pointer was not allocated
ERROR: Finished searching memory - not enough space for allocation (48 bytes)
Failed to free pointer: 0x1046eced1 - Pointer was not allocated
Failed to free pointer: 0x1046eced1 - Pointer was not allocated
ERROR: Finished searching memory - not enough space for allocation (99 bytes)
ERROR: Finished searching memory - not enough space for allocation (17 bytes)
Failed to free pointer: 0x1046ec44e - Pointer was not allocated
Failed to free pointer: 0x1046ec44d - Pointer was not allocated
Failed to free pointer: 0x1046eced1 - Pointer was not allocated
Failed to free pointer: 0x1046eced1 - Pointer was not allocated
ERROR: Finished searching memory - not enough space for allocation (11 bytes)
Failed to free pointer: 0x1046eced1 - Pointer was not allocated
Failed to free pointer: 0x1046eced0 - Pointer was not allocated
Failed to free pointer: 0x1046ecc9f - Pointer was not allocated
Failed to free pointer: 0x1046ecc9f - Pointer was not allocated
Failed to free pointer: 0x1046ecc9f - Pointer was not allocated
ERROR: Finished searching memory - not enough space for allocation (31 bytes)
ERROR: Finished searching memory - not enough space for allocation (40 bytes)
ERROR: Finished searching memory - not enough space for allocation (84 bytes)
Failed to free pointer: 0x1046eced1 - Pointer was not allocated
Failed to free pointer: 0x1046eced0 - Pointer was not allocated
ERROR: Finished searching memory - not enough space for allocation (90 bytes)
Failed to free pointer: 0x1046ecae3 - Pointer was not allocated
Failed to free pointer: 0x1046ecae2 - Pointer was not allocated
ERROR: Finished searching memory - not enough space for allocation (31 bytes)
ERROR: Finished searching memory - not enough space for allocation (38 bytes)
ERROR: Finished searching memory - not enough space for allocation (67 bytes)
ERROR: Finished searching memory - not enough space for allocation (44 bytes)
ERROR: Finished searching memory - not enough space for allocation (87 bytes)
ERROR: Finished searching memory - not enough space for allocation (48 bytes)
ERROR: Finished searching memory - not enough space for allocation (88 bytes)
ERROR: Finished searching memory - not enough space for allocation (39 bytes)
ERROR: Finished searching memory - not enough space for allocation (11 bytes)
ERROR: Finished searching memory - not enough space for allocation (88 bytes)
ERROR: Finished searching memory - not enough space for allocation (52 bytes)
ERROR: Finished searching memory - not enough space for allocation (82 bytes)
ERROR: Finished searching memory - not enough space for allocation (41 bytes)
ERROR: Finished searching memory - not enough space for allocation (91 bytes)
Failed to free pointer: 0x1046ece09 - Pointer was not allocated
Failed to free pointer: 0x1046ece0a - Pointer was not allocated
Failed to free pointer: 0x1046eced1 - Pointer was not allocated
Failed to free pointer: 0x1046eced1 - Pointer was not allocated
ERROR: Finished searching memory - not enough space for allocation (39 bytes)
ERROR: Finished searching memory - not enough space for allocation (89 bytes)
ERROR: Finished searching memory - not enough space for allocation (99 bytes)
ERROR: Finished searching memory - not enough space for allocation (6 bytes)
ERROR: Finished searching memory - not enough space for allocation (6 bytes)
ERROR: Finished searching memory - not enough space for allocation (31 bytes)
ERROR: Finished searching memory - not enough space for allocation (25 bytes)
ERROR: Finished searching memory - not enough space for allocation (56 bytes)
Failed to free pointer: 0x1046eced1 - Pointer was not allocated
Failed to free pointer: 0x1046eced1 - Pointer was not allocated
ERROR: Finished searching memory - not enough space for allocation (55 bytes)
ERROR: Finished searching memory - not enough space for allocation (94 bytes)
Failed to free pointer: 0x1046ec854 - Pointer was not allocated
Failed to free pointer: 0x1046ec854 - Pointer was not allocated
ERROR: Finished searching memory - not enough space for allocation (57 bytes)
Failed to free pointer: 0x1046eced1 - Pointer was not allocated
Failed to free pointer: 0x1046eced1 - Pointer was not allocated
ERROR: Finished searching memory - not enough space for allocation (24 bytes)
ERROR: Finished searching memory - not enough space for allocation (87 bytes)
ERROR: Finished searching memory - not enough space for allocation (62 bytes)
ERROR: Finished searching memory - not enough space for allocation (61 bytes)
ERROR: Finished searching memory - not enough space for allocation (99 bytes)
ERROR: Finished searching memory - not enough space for allocation (10 bytes)
ERROR: Finished searching memory - not enough space for allocation (83 bytes)
ERROR: Finished searching memory - not enough space for allocation (77 bytes)
ERROR: Finished searching memory - not enough space for allocation (24 bytes)
ERROR: Finished searching memory - not enough space for allocation (66 bytes)
ERROR: Finished searching memory - not enough space for allocation (71 bytes)
ERROR: Finished searching memory - not enough space for allocation (91 bytes)
ERROR: Finished searching memory - not enough space for allocation (38 bytes)
ERROR: Finished searching memory - not enough space for allocation (38 bytes)
ERROR: Finished searching memory - not enough space for allocation (29 bytes)
ERROR: Finished searching memory - not enough space for allocation (61 bytes)
ERROR: Finished searching memory - not enough space for allocation (12 bytes)
Failed to free pointer: 0x1046ece0a - Pointer was not allocated
Failed to free pointer: 0x1046ece0a - Pointer was not allocated
ERROR: Finished searching memory - not enough space for allocation (82 bytes)
Failed to free pointer: 0x1046ecae2 - Pointer was not allocated
Failed to free pointer: 0x1046ecae3 - Pointer was not allocated
ERROR: Finished searching memory - not enough space for allocation (56 bytes)
ERROR: Finished searching memory - not enough space for allocation (53 bytes)
ERROR: Finished searching memory - not enough space for allocation (82 bytes)
ERROR: Finished searching memory - not enough space for allocation (65 bytes)
ERROR: Finished searching memory - not enough space for allocation (54 bytes)
ERROR: Finished searching memory - not enough space for allocation (74 bytes)
ERROR: Finished searching memory - not enough space for allocation (96 bytes)
ERROR: Finished searching memory - not enough space for allocation (81 bytes)
ERROR: Finished searching memory - not enough space for allocation (39 bytes)
ERROR: Finished searching memory - not enough space for allocation (71 bytes)
ERROR: Finished searching memory - not enough space for allocation (68 bytes)
ERROR: Finished searching memory - not enough space for allocation (67 bytes)
ERROR: Finished searching memory - not enough space for allocation (66 bytes)
ERROR: Finished searching memory - not enough space for allocation (89 bytes)
ERROR: Finished searching memory - not enough space for allocation (38 bytes)
ERROR: Finished searching memory - not enough space for allocation (96 bytes)
ERROR: Finished searching memory - not enough space for allocation (93 bytes)
ERROR: Finished searching memory - not enough space for allocation (55 bytes)
ERROR: Finished searching memory - not enough space for allocation (35 bytes)
ERROR: Finished searching memory - not enough space for allocation (50 bytes)
ERROR: Finished searching memory - not enough space for allocation (73 bytes)
ERROR: Finished searching memory - not enough space for allocation (92 bytes)
Failed to free pointer: 0x1046eced0 - Pointer was not allocated
Failed to free pointer: 0x1046eced0 - Pointer was not allocated
ERROR: Finished searching memory - not enough space for allocation (59 bytes)
ERROR: Finished searching memory - not enough space for allocation (84 bytes)
ERROR: Finished searching memory - not enough space for allocation (21 bytes)
ERROR: Finished searching memory - not enough space for allocation (93 bytes)
ERROR: Finished searching memory - not enough space for allocation (100 bytes)
Failed to free pointer: 0x1046eced1 - Pointer was not allocated
Failed to free pointer: 0x1046eced1 - Pointer was not allocated
Failed to free pointer: 0x1046eced1 - Pointer was not allocated
ERROR: Finished searching memory - not enough space for allocation (56 bytes)
ERROR: Finished searching memory - not enough space for allocation (90 bytes)
ERROR: Finished searching memory - not enough space for allocation (77 bytes)
ERROR: Finished searching memory - not enough space for allocation (48 bytes)
ERROR: Finished searching memory - not enough space for allocation (68 bytes)
ERROR: Finished searching memory - not enough space for allocation (75 bytes)
ERROR: Finished searching memory - not enough space for allocation (77 bytes)
ERROR: Finished searching memory - not enough space for allocation (35 bytes)
ERROR: Finished searching memory - not enough space for allocation (39 bytes)
ERROR: Finished searching memory - not enough space for allocation (27 bytes)
ERROR: Finished searching memory - not enough space for allocation (75 bytes)
ERROR: Finished searching memory - not enough space for allocation (95 bytes)
ERROR: Finished searching memory - not enough space for allocation (26 bytes)
ERROR: Finished searching memory - not enough space for allocation (76 bytes)
ERROR: Finished searching memory - not enough space for allocation (100 bytes)
ERROR: Finished searching memory - not enough space for allocation (35 bytes)
ERROR: Finished searching memory - not enough space for allocation (21 bytes)
ERROR: Finished searching memory - not enough space for allocation (22 bytes)
ERROR: Finished searching memory - not enough space for allocation (79 bytes)
ERROR: Finished searching memory - not enough space for allocation (87 bytes)
ERROR: Finished searching memory - not enough space for allocation (62 bytes)
ERROR: Finished searching memory - not enough space for allocation (2 bytes)
ERROR: Finished searching memory - not enough space for allocation (40 bytes)
ERROR: Finished searching memory - not enough space for allocation (28 bytes)
ERROR: Finished searching memory - not enough space for allocation (41 bytes)
ERROR: Finished searching memory - not enough space for allocation (88 bytes)
ERROR: Finished searching memory - not enough space for allocation (96 bytes)
ERROR: Finished searching memory - not enough space for allocation (67 bytes)
ERROR: Finished searching memory - not enough space for allocation (81 bytes)
ERROR: Finished searching memory - not enough space for allocation (76 bytes)
ERROR: Finished searching memory - not enough space for allocation (69 bytes)
ERROR: Finished searching memory - not enough space for allocation (29 bytes)
ERROR: Finished searching memory - not enough space for allocation (44 bytes)
ERROR: Finished searching memory - not enough space for allocation (90 bytes)
ERROR: Finished searching memory - not enough space for allocation (21 bytes)
ERROR: Finished searching memory - not enough space for allocation (82 bytes)
ERROR: Finished searching memory - not enough space for allocation (28 bytes)
ERROR: Finished searching memory - not enough space for allocation (74 bytes)
ERROR: Finished searching memory - not enough space for allocation (70 bytes)
ERROR: Finished searching memory - not enough space for allocation (94 bytes)
ERROR: Finished searching memory - not enough space for allocation (53 bytes)
ERROR: Finished searching memory - not enough space for allocation (33 bytes)
ERROR: Finished searching memory - not enough space for allocation (91 bytes)
ERROR: Finished searching memory - not enough space for allocation (32 bytes)
ERROR: Finished searching memory - not enough space for allocation (1 bytes)
Failed to free pointer: 0x1046ec854 - Pointer was not allocated
Failed to free pointer: 0x1046ec853 - Pointer was not allocated
ERROR: Finished searching memory - not enough space for allocation (59 bytes)
ERROR: Finished searching memory - not enough space for allocation (81 bytes)
ERROR: Finished searching memory - not enough space for allocation (63 bytes)
ERROR: Finished searching memory - not enough space for allocation (6 bytes)
ERROR: Finished searching memory - not enough space for allocation (89 bytes)
ERROR: Finished searching memory - not enough space for allocation (38 bytes)
ERROR: Finished searching memory - not enough space for allocation (81 bytes)
ERROR: Finished searching memory - not enough space for allocation (77 bytes)
ERROR: Finished searching memory - not enough space for allocation (81 bytes)
Failed to free pointer: 0x1046ece09 - Pointer was not allocated
Failed to free pointer: 0x1046ece09 - Pointer was not allocated
ERROR: Finished searching memory - not enough space for allocation (40 bytes)
ERROR: Finished searching memory - not enough space for allocation (54 bytes)
ERROR: Finished searching memory - not enough space for allocation (41 bytes)
ERROR: Finished searching memory - not enough space for allocation (56 bytes)
ERROR: Finished searching memory - not enough space for allocation (74 bytes)
ERROR: Finished searching memory - not enough space for allocation (89 bytes)
ERROR: Finished searching memory - not enough space for allocation (19 bytes)
ERROR: Finished searching memory - not enough space for allocation (70 bytes)
ERROR: Finished searching memory - not enough space for allocation (82 bytes)
ERROR: Finished searching memory - not enough space for allocation (59 bytes)
ERROR: Finished searching memory - not enough space for allocation (46 bytes)
ERROR: Finished searching memory - not enough space for allocation (90 bytes)
ERROR: Finished searching memory - not enough space for allocation (32 bytes)
ERROR: Finished searching memory - not enough space for allocation (98 bytes)
ERROR: Finished searching memory - not enough space for allocation (42 bytes)
ERROR: Finished searching memory - not enough space for allocation (21 bytes)
Failed to free pointer: 0x1046ec854 - Pointer was not allocated
Failed to free pointer: 0x1046ec854 - Pointer was not allocated
ERROR: Finished searching memory - not enough space for allocation (79 bytes)
ERROR: Finished searching memory - not enough space for allocation (58 bytes)
ERROR: Finished searching memory - not enough space for allocation (6 bytes)
Failed to free pointer: 0x1046ecae2 - Pointer was not allocated
Failed to free pointer: 0x1046ecae2 - Pointer was not allocated
ERROR: Finished searching memory - not enough space for allocation (20 bytes)
ERROR: Finished searching memory - not enough space for allocation (92 bytes)
ERROR: Finished searching memory - not enough space for allocation (58 bytes)
ERROR: Finished searching memory - not enough space for allocation (41 bytes)
ERROR: Finished searching memory - not enough space for allocation (35 bytes)
ERROR: Finished searching memory - not enough space for allocation (90 bytes)
ERROR: Finished searching memory - not enough space for allocation (29 bytes)
ERROR: Finished searching memory - not enough space for allocation (45 bytes)
ERROR: Finished searching memory - not enough space for allocation (71 bytes)
ERROR: Finished searching memory - not enough space for allocation (71 bytes)
ERROR: Finished searching memory - not enough space for allocation (6 bytes)
ERROR: Finished searching memory - not enough space for allocation (98 bytes)
ERROR: Finished searching memory - not enough space for allocation (61 bytes)
ERROR: Finished searching memory - not enough space for allocation (91 bytes)
ERROR: Finished searching memory - not enough space for allocation (11 bytes)
ERROR: Finished searching memory - not enough space for allocation (33 bytes)
ERROR: Finished searching memory - not enough space for allocation (23 bytes)
ERROR: Finished searching memory - not enough space for allocation (76 bytes)
ERROR: Finished searching memory - not enough space for allocation (88 bytes)
ERROR: Finished searching memory - not enough space for allocation (68 bytes)
ERROR: Finished searching memory - not enough space for allocation (2 bytes)
ERROR: Finished searching memory - not enough space for allocation (91 bytes)
ERROR: Finished searching memory - not enough space for allocation (17 bytes)
ERROR: Finished searching memory - not enough space for allocation (39 bytes)
ERROR: Finished searching memory - not enough space for allocation (84 bytes)
ERROR: Finished searching memory - not enough space for allocation (74 bytes)
ERROR: Finished searching memory - not enough space for allocation (93 bytes)
ERROR: Finished searching memory - not enough space for allocation (74 bytes)
ERROR: Finished searching memory - not enough space for allocation (29 bytes)
ERROR: Finished searching memory - not enough space for allocation (69 bytes)
ERROR: Finished searching memory - not enough space for allocation (99 bytes)
ERROR: Finished searching memory - not enough space for allocation (10 bytes)
ERROR: Finished searching memory - not enough space for allocation (28 bytes)
ERROR: Finished searching memory - not enough space for allocation (41 bytes)
ERROR: Finished searching memory - not enough space for allocation (56 bytes)
ERROR: Finished searching memory - not enough space for allocation (41 bytes)
ERROR: Finished searching memory - not enough space for allocation (2 bytes)
ERROR: Finished searching memory - not enough space for allocation (100 bytes)
ERROR: Finished searching memory - not enough space for allocation (43 bytes)
Failed to free pointer: 0x1046ec854 - Pointer was not allocated
Failed to free pointer: 0x1046ec854 - Pointer was not allocated
ERROR: Finished searching memory - not enough space for allocation (82 bytes)
ERROR: Finished searching memory - not enough space for allocation (91 bytes)
ERROR: Finished searching memory - not enough space for allocation (77 bytes)
ERROR: Finished searching memory - not enough space for allocation (21 bytes)
ERROR: Finished searching memory - not enough space for allocation (54 bytes)
ERROR: Finished searching memory - not enough space for allocation (29 bytes)
ERROR: Finished searching memory - not enough space for allocation (29 bytes)
ERROR: Finished searching memory - not enough space for allocation (10 bytes)
ERROR: Finished searching memory - not enough space for allocation (21 bytes)
ERROR: Finished searching memory - not enough space for allocation (26 bytes)
ERROR: Finished searching memory - not enough space for allocation (72 bytes)
ERROR: Finished searching memory - not enough space for allocation (27 bytes)
ERROR: Finished searching memory - not enough space for allocation (16 bytes)
ERROR: Finished searching memory - not enough space for allocation (49 bytes)
ERROR: Finished searching memory - not enough space for allocation (58 bytes)
ERROR: Finished searching memory - not enough space for allocation (89 bytes)
ERROR: Finished searching memory - not enough space for allocation (23 bytes)
ERROR: Finished searching memory - not enough space for allocation (72 bytes)
ERROR: Finished searching memory - not enough space for allocation (49 bytes)
ERROR: Finished searching memory - not enough space for allocation (27 bytes)
ERROR: Finished searching memory - not enough space for allocation (76 bytes)
ERROR: Finished searching memory - not enough space for allocation (94 bytes)
ERROR: Finished searching memory - not enough space for allocation (73 bytes)
ERROR: Finished searching memory - not enough space for allocation (78 bytes)
ERROR: Finished searching memory - not enough space for allocation (76 bytes)
ERROR: Finished searching memory - not enough space for allocation (83 bytes)
ERROR: Finished searching memory - not enough space for allocation (80 bytes)
ERROR: Finished searching memory - not enough space for allocation (50 bytes)
ERROR: Finished searching memory - not enough space for allocation (54 bytes)
ERROR: Finished searching memory - not enough space for allocation (24 bytes)
ERROR: Finished searching memory - not enough space for allocation (20 bytes)
ERROR: Finished searching memory - not enough space for allocation (10 bytes)
ERROR: Finished searching memory - not enough space for allocation (46 bytes)
ERROR: Finished searching memory - not enough space for allocation (28 bytes)
ERROR: Finished searching memory - not enough space for allocation (83 bytes)
ERROR: Finished searching memory - not enough space for allocation (9 bytes)
ERROR: Finished searching memory - not enough space for allocation (19 bytes)
ERROR: Finished searching memory - not enough space for allocation (11 bytes)
ERROR: Finished searching memory - not enough space for allocation (53 bytes)
ERROR: Finished searching memory - not enough space for allocation (79 bytes)
ERROR: Finished searching memory - not enough space for allocation (91 bytes)
ERROR: Finished searching memory - not enough space for allocation (63 bytes)
ERROR: Finished searching memory - not enough space for allocation (65 bytes)
ERROR: Finished searching memory - not enough space for allocation (11 bytes)
ERROR: Finished searching memory - not enough space for allocation (59 bytes)
ERROR: Finished searching memory - not enough space for allocation (20 bytes)
ERROR: Finished searching memory - not enough space for allocation (95 bytes)
ERROR: Finished searching memory - not enough space for allocation (86 bytes)
ERROR: Finished searching memory - not enough space for allocation (97 bytes)
ERROR: Finished searching memory - not enough space for allocation (27 bytes)
ERROR: Finished searching memory - not enough space for allocation (59 bytes)
ERROR: Finished searching memory - not enough space for allocation (50 bytes)
ERROR: Finished searching memory - not enough space for allocation (92 bytes)
ERROR: Finished searching memory - not enough space for allocation (32 bytes)
Failed to free pointer: 0x1046eceef - Pointer was not allocated
Failed to free pointer: 0x1046eceef - Pointer was not allocated
ERROR: Finished searching memory - not enough space for allocation (75 bytes)
ERROR: Finished searching memory - not enough space for allocation (56 bytes)
ERROR: Finished searching memory - not enough space for allocation (87 bytes)
ERROR: Finished searching memory - not enough space for allocation (59 bytes)
Failed to free pointer: 0x1046ec854 - Pointer was not allocated
Failed to free pointer: 0x1046ec854 - Pointer was not allocated
Failed to free pointer: 0x1046eceef - Pointer was not allocated
Failed to free pointer: 0x1046eceef - Pointer was not allocated
ERROR: Finished searching memory - not enough space for allocation (60 bytes)
ERROR: Finished searching memory - not enough space for allocation (72 bytes)
ERROR: Finished searching memory - not enough space for allocation (49 bytes)
ERROR: Finished searching memory - not enough space for allocation (2 bytes)
ERROR: Finished searching memory - not enough space for allocation (6 bytes)
ERROR: Finished searching memory - not enough space for allocation (40 bytes)
ERROR: Finished searching memory - not enough space for allocation (50 bytes)
ERROR: Finished searching memory - not enough space for allocation (17 bytes)
ERROR: Finished searching memory - not enough space for allocation (63 bytes)
ERROR: Finished searching memory - not enough space for allocation (72 bytes)
ERROR: Finished searching memory - not enough space for allocation (9 bytes)
Failed to free pointer: 0x1046eceef - Pointer was not allocated
Failed to free pointer: 0x1046eceef - Pointer was not allocated
Failed to free pointer: 0x1046eceef - Pointer was not allocated
ERROR: Finished searching memory - not enough space for allocation (73 bytes)
ERROR: Finished searching memory - not enough space for allocation (58 bytes)
ERROR: Finished searching memory - not enough space for allocation (89 bytes)
ERROR: Finished searching memory - not enough space for allocation (68 bytes)
ERROR: Finished searching memory - not enough space for allocation (53 bytes)
ERROR: Finished searching memory - not enough space for allocation (87 bytes)
ERROR: Finished searching memory - not enough space for allocation (35 bytes)
ERROR: Finished searching memory - not enough space for allocation (2 bytes)
ERROR: Finished searching memory - not enough space for allocation (21 bytes)
ERROR: Finished searching memory - not enough space for allocation (86 bytes)
ERROR: Finished searching memory - not enough space for allocation (39 bytes)
ERROR: Finished searching memory - not enough space for allocation (74 bytes)
ERROR: Finished searching memory - not enough space for allocation (80 bytes)
ERROR: Finished searching memory - not enough space for allocation (59 bytes)
ERROR: Finished searching memory - not enough space for allocation (80 bytes)
ERROR: Finished searching memory - not enough space for allocation (59 bytes)
Failed to free pointer: 0x1046ec854 - Pointer was not allocated
Failed to free pointer: 0x1046ec854 - Pointer was not allocated
ERROR: Finished searching memory - not enough space for allocation (85 bytes)
ERROR: Finished searching memory - not enough space for allocation (82 bytes)
ERROR: Finished searching memory - not enough space for allocation (59 bytes)
ERROR: Finished searching memory - not enough space for allocation (29 bytes)
ERROR: Finished searching memory - not enough space for allocation (30 bytes)
ERROR: Finished searching memory - not enough space for allocation (61 bytes)
ERROR: Finished searching memory - not enough space for allocation (57 bytes)
ERROR: Finished searching memory - not enough space for allocation (90 bytes)
ERROR: Finished searching memory - not enough space for allocation (72 bytes)
ERROR: Finished searching memory - not enough space for allocation (28 bytes)
ERROR: Finished searching memory - not enough space for allocation (67 bytes)
ERROR: Finished searching memory - not enough space for allocation (82 bytes)
ERROR: Finished searching memory - not enough space for allocation (32 bytes)
ERROR: Finished searching memory - not enough space for allocation (9 bytes)
ERROR: Finished searching memory - not enough space for allocation (59 bytes)
ERROR: Finished searching memory - not enough space for allocation (76 bytes)
ERROR: Finished searching memory - not enough space for allocation (99 bytes)
ERROR: Finished searching memory - not enough space for allocation (22 bytes)
ERROR: Finished searching memory - not enough space for allocation (32 bytes)
ERROR: Finished searching memory - not enough space for allocation (55 bytes)
ERROR: Finished searching memory - not enough space for allocation (8 bytes)
ERROR: Finished searching memory - not enough space for allocation (58 bytes)
ERROR: Finished searching memory - not enough space for allocation (26 bytes)
ERROR: Finished searching memory - not enough space for allocation (73 bytes)
ERROR: Finished searching memory - not enough space for allocation (77 bytes)
ERROR: Finished searching memory - not enough space for allocation (39 bytes)
Failed to free pointer: 0x1046ec854 - Pointer was not allocated
Failed to free pointer: 0x1046ec853 - Pointer was not allocated
ERROR: Finished searching memory - not enough space for allocation (88 bytes)
ERROR: Finished searching memory - not enough space for allocation (70 bytes)
ERROR: Finished searching memory - not enough space for allocation (2 bytes)
ERROR: Finished searching memory - not enough space for allocation (80 bytes)
ERROR: Finished searching memory - not enough space for allocation (64 bytes)
ERROR: Finished searching memory - not enough space for allocation (27 bytes)
ERROR: Finished searching memory - not enough space for allocation (98 bytes)
ERROR: Finished searching memory - not enough space for allocation (41 bytes)
ERROR: Finished searching memory - not enough space for allocation (99 bytes)
ERROR: Finished searching memory - not enough space for allocation (44 bytes)
ERROR: Finished searching memory - not enough space for allocation (79 bytes)
ERROR: Finished searching memory - not enough space for allocation (16 bytes)
ERROR: Finished searching memory - not enough space for allocation (90 bytes)
ERROR: Finished searching memory - not enough space for allocation (90 bytes)
ERROR: Finished searching memory - not enough space for allocation (10 bytes)
ERROR: Finished searching memory - not enough space for allocation (24 bytes)
ERROR: Finished searching memory - not enough space for allocation (52 bytes)
ERROR: Finished searching memory - not enough space for allocation (89 bytes)
ERROR: Finished searching memory - not enough space for allocation (25 bytes)
Failed to free pointer: 0x1046ece09 - Pointer was not allocated
Failed to free pointer: 0x1046ece09 - Pointer was not allocated
ERROR: Finished searching memory - not enough space for allocation (4 bytes)
ERROR: Finished searching memory - not enough space for allocation (23 bytes)
ERROR: Finished searching memory - not enough space for allocation (67 bytes)
ERROR: Finished searching memory - not enough space for allocation (77 bytes)
ERROR: Finished searching memory - not enough space for allocation (75 bytes)
ERROR: Finished searching memory - not enough space for allocation (67 bytes)
ERROR: Finished searching memory - not enough space for allocation (38 bytes)
ERROR: Finished searching memory - not enough space for allocation (99 bytes)
ERROR: Finished searching memory - not enough space for allocation (65 bytes)
ERROR: Finished searching memory - not enough space for allocation (77 bytes)
ERROR: Finished searching memory - not enough space for allocation (15 bytes)
ERROR: Finished searching memory - not enough space for allocation (28 bytes)
ERROR: Finished searching memory - not enough space for allocation (34 bytes)
ERROR: Finished searching memory - not enough space for allocation (95 bytes)
ERROR: Finished searching memory - not enough space for allocation (68 bytes)
ERROR: Finished searching memory - not enough space for allocation (56 bytes)
ERROR: Finished searching memory - not enough space for allocation (49 bytes)
ERROR: Finished searching memory - not enough space for allocation (57 bytes)
ERROR: Finished searching memory - not enough space for allocation (32 bytes)
ERROR: Finished searching memory - not enough space for allocation (16 bytes)
ERROR: Finished searching memory - not enough space for allocation (94 bytes)
ERROR: Finished searching memory - not enough space for allocation (74 bytes)
ERROR: Finished searching memory - not enough space for allocation (56 bytes)
ERROR: Finished searching memory - not enough space for allocation (81 bytes)
ERROR: Finished searching memory - not enough space for allocation (63 bytes)
ERROR: Finished searching memory - not enough space for allocation (39 bytes)
ERROR: Finished searching memory - not enough space for allocation (19 bytes)
ERROR: Finished searching memory - not enough space for allocation (6 bytes)
ERROR: Finished searching memory - not enough space for allocation (34 bytes)
ERROR: Finished searching memory - not enough space for allocation (15 bytes)
ERROR: Finished searching memory - not enough space for allocation (4 bytes)
ERROR: Finished searching memory - not enough space for allocation (80 bytes)
ERROR: Finished searching memory - not enough space for allocation (41 bytes)
ERROR: Finished searching memory - not enough space for allocation (82 bytes)
ERROR: Finished searching memory - not enough space for allocation (34 bytes)
ERROR: Finished searching memory - not enough space for allocation (67 bytes)
ERROR: Finished searching memory - not enough space for allocation (38 bytes)
ERROR: Finished searching memory - not enough space for allocation (33 bytes)
ERROR: Finished searching memory - not enough space for allocation (21 bytes)
ERROR: Finished searching memory - not enough space for allocation (90 bytes)
ERROR: Finished searching memory - not enough space for allocation (28 bytes)
ERROR: Finished searching memory - not enough space for allocation (23 bytes)
ERROR: Finished searching memory - not enough space for allocation (16 bytes)
ERROR: Finished searching memory - not enough space for allocation (86 bytes)
ERROR: Finished searching memory - not enough space for allocation (39 bytes)
ERROR: Finished searching memory - not enough space for allocation (27 bytes)
Failed to free pointer: 0x1046ec547 - Pointer was not allocated
Failed to free pointer: 0x1046ec546 - Pointer was not allocated
ERROR: Finished searching memory - not enough space for allocation (89 bytes)
ERROR: Finished searching memory - not enough space for allocation (24 bytes)
ERROR: Finished searching memory - not enough space for allocation (3 bytes)
ERROR: Finished searching memory - not enough space for allocation (93 bytes)
ERROR: Finished searching memory - not enough space for allocation (65 bytes)
Failed to free pointer: 0x1046ec44e - Pointer was not allocated
Failed to free pointer: 0x1046ec44d - Pointer was not allocated
Failed to free pointer: 0x1046ecae3 - Pointer was not allocated
Failed to free pointer: 0x1046ecae3 - Pointer was not allocated
ERROR: Finished searching memory - not enough space for allocation (10 bytes)
Failed to free pointer: 0x1046ec547 - Pointer was not allocated
Failed to free pointer: 0x1046ec546 - Pointer was not allocated
ERROR: Finished searching memory - not enough space for allocation (29 bytes)
ERROR: Finished searching memory - not enough space for allocation (45 bytes)
ERROR: Finished searching memory - not enough space for allocation (57 bytes)
ERROR: Finished searching memory - not enough space for allocation (47 bytes)
ERROR: Finished searching memory - not enough space for allocation (53 bytes)
ERROR: Finished searching memory - not enough space for allocation (87 bytes)
ERROR: Finished searching memory - not enough space for allocation (22 bytes)
ERROR: Finished searching memory - not enough space for allocation (23 bytes)
ERROR: Finished searching memory - not enough space for allocation (61 bytes)
ERROR: Finished searching memory - not enough space for allocation (42 bytes)
ERROR: Finished searching memory - not enough space for allocation (85 bytes)
ERROR: Finished searching memory - not enough space for allocation (77 bytes)
ERROR: Finished searching memory - not enough space for allocation (22 bytes)
ERROR: Finished searching memory - not enough space for allocation (87 bytes)
ERROR: Finished searching memory - not enough space for allocation (50 bytes)
ERROR: Finished searching memory - not enough space for allocation (17 bytes)
ERROR: Finished searching memory - not enough space for allocation (88 bytes)
ERROR: Finished searching memory - not enough space for allocation (85 bytes)
ERROR: Finished searching memory - not enough space for allocation (92 bytes)
ERROR: Finished searching memory - not enough space for allocation (58 bytes)
ERROR: Finished searching memory - not enough space for allocation (10 bytes)
ERROR: Finished searching memory - not enough space for allocation (80 bytes)
ERROR: Finished searching memory - not enough space for allocation (87 bytes)
ERROR: Finished searching memory - not enough space for allocation (54 bytes)
ERROR: Finished searching memory - not enough space for allocation (79 bytes)
ERROR: Finished searching memory - not enough space for allocation (73 bytes)
ERROR: Finished searching memory - not enough space for allocation (43 bytes)
Failed to free pointer: 0x1046ec547 - Pointer was not allocated
Failed to free pointer: 0x1046ec547 - Pointer was not allocated
Failed to free pointer: 0x1046ec547 - Pointer was not allocated
ERROR: Finished searching memory - not enough space for allocation (49 bytes)
Failed to free pointer: 0x1046ecae2 - Pointer was not allocated
Failed to free pointer: 0x1046ecae2 - Pointer was not allocated
ERROR: Finished searching memory - not enough space for allocation (83 bytes)
ERROR: Finished searching memory - not enough space for allocation (64 bytes)
ERROR: Finished searching memory - not enough space for allocation (15 bytes)
ERROR: Finished searching memory - not enough space for allocation (15 bytes)
ERROR: Finished searching memory - not enough space for allocation (67 bytes)
ERROR: Finished searching memory - not enough space for allocation (40 bytes)
ERROR: Finished searching memory - not enough space for allocation (43 bytes)
ERROR: Finished searching memory - not enough space for allocation (54 bytes)
ERROR: Finished searching memory - not enough space for allocation (53 bytes)
ERROR: Finished searching memory - not enough space for allocation (24 bytes)
ERROR: Finished searching memory - not enough space for allocation (47 bytes)
ERROR: Finished searching memory - not enough space for allocation (36 bytes)
ERROR: Finished searching memory - not enough space for allocation (8 bytes)
ERROR: Finished searching memory - not enough space for allocation (32 bytes)
ERROR: Finished searching memory - not enough space for allocation (82 bytes)
ERROR: Finished searching memory - not enough space for allocation (22 bytes)
ERROR: Finished searching memory - not enough space for allocation (64 bytes)
Failed to free pointer: 0x1046ece6a - Pointer was not allocated
Failed to free pointer: 0x1046ece6a - Pointer was not allocated
ERROR: Finished searching memory - not enough space for allocation (32 bytes)
ERROR: Finished searching memory - not enough space for allocation (89 bytes)
ERROR: Finished searching memory - not enough space for allocation (18 bytes)
ERROR: Finished searching memory - not enough space for allocation (55 bytes)
ERROR: Finished searching memory - not enough space for allocation (18 bytes)
ERROR: Finished searching memory - not enough space for allocation (25 bytes)
ERROR: Finished searching memory - not enough space for allocation (75 bytes)
ERROR: Finished searching memory - not enough space for allocation (37 bytes)
ERROR: Finished searching memory - not enough space for allocation (9 bytes)
ERROR: Finished searching memory - not enough space for allocation (21 bytes)
ERROR: Finished searching memory - not enough space for allocation (37 bytes)
ERROR: Finished searching memory - not enough space for allocation (26 bytes)
Failed to free pointer: 0x1046ece0a - Pointer was not allocated
Failed to free pointer: 0x1046ece0a - Pointer was not allocated
Failed to free pointer: 0x1046ece0a - Pointer was not allocated
ERROR: Finished searching memory - not enough space for allocation (48 bytes)
ERROR: Finished searching memory - not enough space for allocation (49 bytes)
ERROR: Finished searching memory - not enough space for allocation (89 bytes)
ERROR: Finished searching memory - not enough space for allocation (34 bytes)
ERROR: Finished searching memory - not enough space for allocation (2 bytes)
ERROR: Finished searching memory - not enough space for allocation (2 bytes)
ERROR: Finished searching memory - not enough space for allocation (26 bytes)
ERROR: Finished searching memory - not enough space for allocation (10 bytes)
ERROR: Finished searching memory - not enough space for allocation (8 bytes)
ERROR: Finished searching memory - not enough space for allocation (42 bytes)
ERROR: Finished searching memory - not enough space for allocation (20 bytes)
ERROR: Finished searching memory - not enough space for allocation (21 bytes)
ERROR: Finished searching memory - not enough space for allocation (89 bytes)
ERROR: Finished searching memory - not enough space for allocation (94 bytes)
ERROR: Finished searching memory - not enough space for allocation (56 bytes)
ERROR: Finished searching memory - not enough space for allocation (53 bytes)
ERROR: Finished searching memory - not enough space for allocation (52 bytes)
ERROR: Finished searching memory - not enough space for allocation (65 bytes)
ERROR: Finished searching memory - not enough space for allocation (27 bytes)
ERROR: Finished searching memory - not enough space for allocation (66 bytes)
ERROR: Finished searching memory - not enough space for allocation (74 bytes)
ERROR: Finished searching memory - not enough space for allocation (4 bytes)
ERROR: Finished searching memory - not enough space for allocation (7 bytes)
ERROR: Finished searching memory - not enough space for allocation (34 bytes)
ERROR: Finished searching memory - not enough space for allocation (26 bytes)
ERROR: Finished searching memory - not enough space for allocation (85 bytes)
ERROR: Finished searching memory - not enough space for allocation (88 bytes)
ERROR: Finished searching memory - not enough space for allocation (16 bytes)
ERROR: Finished searching memory - not enough space for allocation (69 bytes)
ERROR: Finished searching memory - not enough space for allocation (88 bytes)
ERROR: Finished searching memory - not enough space for allocation (4 bytes)
ERROR: Finished searching memory - not enough space for allocation (36 bytes)
ERROR: Finished searching memory - not enough space for allocation (46 bytes)
ERROR: Finished searching memory - not enough space for allocation (4 bytes)
ERROR: Finished searching memory - not enough space for allocation (4 bytes)
ERROR: Finished searching memory - not enough space for allocation (68 bytes)
ERROR: Finished searching memory - not enough space for allocation (71 bytes)
ERROR: Finished searching memory - not enough space for allocation (55 bytes)
ERROR: Finished searching memory - not enough space for allocation (27 bytes)
ERROR: Finished searching memory - not enough space for allocation (68 bytes)
Failed to free pointer: 0x1046ecae3 - Pointer was not allocated
Failed to free pointer: 0x1046ecae3 - Pointer was not allocated
ERROR: Finished searching memory - not enough space for allocation (17 bytes)
ERROR: Finished searching memory - not enough space for allocation (84 bytes)
ERROR: Finished searching memory - not enough space for allocation (28 bytes)
ERROR: Finished searching memory - not enough space for allocation (12 bytes)
ERROR: Finished searching memory - not enough space for allocation (11 bytes)
ERROR: Finished searching memory - not enough space for allocation (57 bytes)
ERROR: Finished searching memory - not enough space for allocation (75 bytes)
ERROR: Finished searching memory - not enough space for allocation (61 bytes)
ERROR: Finished searching memory - not enough space for allocation (52 bytes)
ERROR: Finished searching memory - not enough space for allocation (78 bytes)
ERROR: Finished searching memory - not enough space for allocation (79 bytes)
ERROR: Finished searching memory - not enough space for allocation (12 bytes)
ERROR: Finished searching memory - not enough space for allocation (9 bytes)
ERROR: Finished searching memory - not enough space for allocation (30 bytes)
ERROR: Finished searching memory - not enough space for allocation (7 bytes)
ERROR: Finished searching memory - not enough space for allocation (9 bytes)
ERROR: Finished searching memory - not enough space for allocation (73 bytes)
ERROR: Finished searching memory - not enough space for allocation (24 bytes)
ERROR: Finished searching memory - not enough space for allocation (68 bytes)
ERROR: Finished searching memory - not enough space for allocation (35 bytes)
ERROR: Finished searching memory - not enough space for allocation (36 bytes)
ERROR: Finished searching memory - not enough space for allocation (25 bytes)
ERROR: Finished searching memory - not enough space for allocation (70 bytes)
ERROR: Finished searching memory - not enough space for allocation (32 bytes)
ERROR: Finished searching memory - not enough space for allocation (22 bytes)
ERROR: Finished searching memory - not enough space for allocation (24 bytes)
ERROR: Finished searching memory - not enough space for allocation (57 bytes)
ERROR: Finished searching memory - not enough space for allocation (46 bytes)
ERROR: Finished searching memory - not enough space for allocation (63 bytes)
ERROR: Finished searching memory - not enough space for allocation (95 bytes)
ERROR: Finished searching memory - not enough space for allocation (93 bytes)
ERROR: Finished searching memory - not enough space for allocation (56 bytes)
ERROR: Finished searching memory - not enough space for allocation (70 bytes)
ERROR: Finished searching memory - not enough space for allocation (100 bytes)
ERROR: Finished searching memory - not enough space for allocation (80 bytes)
ERROR: Finished searching memory - not enough space for allocation (50 bytes)
ERROR: Finished searching memory - not enough space for allocation (71 bytes)
ERROR: Finished searching memory - not enough space for allocation (21 bytes)
ERROR: Finished searching memory - not enough space for allocation (8 bytes)
ERROR: Finished searching memory - not enough space for allocation (26 bytes)
ERROR: Finished searching memory - not enough space for allocation (87 bytes)
ERROR: Finished searching memory - not enough space for allocation (69 bytes)
ERROR: Finished searching memory - not enough space for allocation (90 bytes)
ERROR: Finished searching memory - not enough space for allocation (21 bytes)
ERROR: Finished searching memory - not enough space for allocation (20 bytes)
ERROR: Finished searching memory - not enough space for allocation (75 bytes)
ERROR: Finished searching memory - not enough space for allocation (49 bytes)
ERROR: Finished searching memory - not enough space for allocation (21 bytes)
ERROR: Finished searching memory - not enough space for allocation (88 bytes)
ERROR: Finished searching memory - not enough space for allocation (80 bytes)
ERROR: Finished searching memory - not enough space for allocation (3 bytes)
ERROR: Finished searching memory - not enough space for allocation (71 bytes)
ERROR: Finished searching memory - not enough space for allocation (55 bytes)
ERROR: Finished searching memory - not enough space for allocation (12 bytes)
ERROR: Finished searching memory - not enough space for allocation (8 bytes)
ERROR: Finished searching memory - not enough space for allocation (23 bytes)
ERROR: Finished searching memory - not enough space for allocation (52 bytes)
ERROR: Finished searching memory - not enough space for allocation (19 bytes)
ERROR: Finished searching memory - not enough space for allocation (35 bytes)
ERROR: Finished searching memory - not enough space for allocation (81 bytes)
ERROR: Finished searching memory - not enough space for allocation (95 bytes)
ERROR: Finished searching memory - not enough space for allocation (66 bytes)
ERROR: Finished searching memory - not enough space for allocation (7 bytes)
ERROR: Finished searching memory - not enough space for allocation (54 bytes)
ERROR: Finished searching memory - not enough space for allocation (23 bytes)
ERROR: Finished searching memory - not enough space for allocation (16 bytes)
ERROR: Finished searching memory - not enough space for allocation (7 bytes)
ERROR: Finished searching memory - not enough space for allocation (61 bytes)
ERROR: Finished searching memory - not enough space for allocation (79 bytes)
ERROR: Finished searching memory - not enough space for allocation (72 bytes)
ERROR: Finished searching memory - not enough space for allocation (39 bytes)
ERROR: Finished searching memory - not enough space for allocation (22 bytes)
ERROR: Finished searching memory - not enough space for allocation (100 bytes)
ERROR: Finished searching memory - not enough space for allocation (57 bytes)
ERROR: Finished searching memory - not enough space for allocation (39 bytes)
ERROR: Finished searching memory - not enough space for allocation (73 bytes)
ERROR: Finished searching memory - not enough space for allocation (68 bytes)
ERROR: Finished searching memory - not enough space for allocation (57 bytes)
ERROR: Finished searching memory - not enough space for allocation (41 bytes)
ERROR: Finished searching memory - not enough space for allocation (95 bytes)
ERROR: Finished searching memory - not enough space for allocation (71 bytes)
ERROR: Finished searching memory - not enough space for allocation (61 bytes)
ERROR: Finished searching memory - not enough space for allocation (77 bytes)
ERROR: Finished searching memory - not enough space for allocation (81 bytes)
ERROR: Finished searching memory - not enough space for allocation (69 bytes)
ERROR: Finished searching memory - not enough space for allocation (70 bytes)
ERROR: Finished searching memory - not enough space for allocation (29 bytes)
ERROR: Finished searching memory - not enough space for allocation (60 bytes)
ERROR: Finished searching memory - not enough space for allocation (8 bytes)
Failed to free pointer: 0x1046ece6a - Pointer was not allocated
Failed to free pointer: 0x1046ece6a - Pointer was not allocated
Failed to free pointer: 0x1046ece6a - Pointer was not allocated
ERROR: Finished searching memory - not enough space for allocation (16 bytes)
ERROR: Finished searching memory - not enough space for allocation (68 bytes)
ERROR: Finished searching memory - not enough space for allocation (48 bytes)
ERROR: Finished searching memory - not enough space for allocation (68 bytes)
ERROR: Finished searching memory - not enough space for allocation (37 bytes)
ERROR: Finished searching memory - not enough space for allocation (53 bytes)
ERROR: Finished searching memory - not enough space for allocation (65 bytes)
ERROR: Finished searching memory - not enough space for allocation (36 bytes)
ERROR: Finished searching memory - not enough space for allocation (22 bytes)
ERROR: Finished searching memory - not enough space for allocation (75 bytes)
ERROR: Finished searching memory - not enough space for allocation (2 bytes)
ERROR: Finished searching memory - not enough space for allocation (27 bytes)
ERROR: Finished searching memory - not enough space for allocation (45 bytes)
ERROR: Finished searching memory - not enough space for allocation (30 bytes)
ERROR: Finished searching memory - not enough space for allocation (40 bytes)
ERROR: Finished searching memory - not enough space for allocation (6 bytes)
ERROR: Finished searching memory - not enough space for allocation (46 bytes)
ERROR: Finished searching memory - not enough space for allocation (64 bytes)
ERROR: Finished searching memory - not enough space for allocation (44 bytes)
Failed to free pointer: 0x1046ecae3 - Pointer was not allocated
Failed to free pointer: 0x1046ecae3 - Pointer was not allocated
Failed to free pointer: 0x1046ecae3 - Pointer was not allocated
ERROR: Finished searching memory - not enough space for allocation (19 bytes)
ERROR: Finished searching memory - not enough space for allocation (35 bytes)
ERROR: Finished searching memory - not enough space for allocation (13 bytes)
ERROR: Finished searching memory - not enough space for allocation (65 bytes)
ERROR: Finished searching memory - not enough space for allocation (20 bytes)
ERROR: Finished searching memory - not enough space for allocation (21 bytes)
ERROR: Finished searching memory - not enough space for allocation (44 bytes)
ERROR: Finished searching memory - not enough space for allocation (7 bytes)
ERROR: Finished searching memory - not enough space for allocation (46 bytes)
ERROR: Finished searching memory - not enough space for allocation (18 bytes)
ERROR: Finished searching memory - not enough space for allocation (79 bytes)
ERROR: Finished searching memory - not enough space for allocation (89 bytes)
ERROR: Finished searching memory - not enough space for allocation (28 bytes)
ERROR: Finished searching memory - not enough space for allocation (66 bytes)
ERROR: Finished searching memory - not enough space for allocation (82 bytes)
ERROR: Finished searching memory - not enough space for allocation (37 bytes)
ERROR: Finished searching memory - not enough space for allocation (90 bytes)
ERROR: Finished searching memory - not enough space for allocation (23 bytes)
ERROR: Finished searching memory - not enough space for allocation (49 bytes)
ERROR: Finished searching memory - not enough space for allocation (67 bytes)
ERROR: Finished searching memory - not enough space for allocation (43 bytes)
ERROR: Finished searching memory - not enough space for allocation (59 bytes)
ERROR: Finished searching memory - not enough space for allocation (38 bytes)
ERROR: Finished searching memory - not enough space for allocation (45 bytes)
ERROR: Finished searching memory - not enough space for allocation (56 bytes)
ERROR: Finished searching memory - not enough space for allocation (22 bytes)
ERROR: Finished searching memory - not enough space for allocation (27 bytes)
ERROR: Finished searching memory - not enough space for allocation (13 bytes)
ERROR: Finished searching memory - not enough space for allocation (13 bytes)
ERROR: Finished searching memory - not enough space for allocation (74 bytes)
ERROR: Finished searching memory - not enough space for allocation (47 bytes)
ERROR: Finished searching memory - not enough space for allocation (17 bytes)
ERROR: Finished searching memory - not enough space for allocation (42 bytes)
ERROR: Finished searching memory - not enough space for allocation (71 bytes)
ERROR: Finished searching memory - not enough space for allocation (66 bytes)
ERROR: Finished searching memory - not enough space for allocation (35 bytes)
ERROR: Finished searching memory - not enough space for allocation (80 bytes)
ERROR: Finished searching memory - not enough space for allocation (87 bytes)
ERROR: Finished searching memory - not enough space for allocation (73 bytes)
ERROR: Finished searching memory - not enough space for allocation (58 bytes)
ERROR: Finished searching memory - not enough space for allocation (46 bytes)
ERROR: Finished searching memory - not enough space for allocation (27 bytes)
ERROR: Finished searching memory - not enough space for allocation (10 bytes)
ERROR: Finished searching memory - not enough space for allocation (47 bytes)
ERROR: Finished searching memory - not enough space for allocation (47 bytes)
ERROR: Finished searching memory - not enough space for allocation (58 bytes)
ERROR: Finished searching memory - not enough space for allocation (53 bytes)
ERROR: Finished searching memory - not enough space for allocation (65 bytes)
ERROR: Finished searching memory - not enough space for allocation (71 bytes)
ERROR: Finished searching memory - not enough space for allocation (71 bytes)
ERROR: Finished searching memory - not enough space for allocation (80 bytes)
ERROR: Finished searching memory - not enough space for allocation (87 bytes)
ERROR: Finished searching memory - not enough space for allocation (67 bytes)
ERROR: Finished searching memory - not enough space for allocation (95 bytes)
ERROR: Finished searching memory - not enough space for allocation (86 bytes)
ERROR: Finished searching memory - not enough space for allocation (32 bytes)
ERROR: Finished searching memory - not enough space for allocation (45 bytes)
ERROR: Finished searching memory - not enough space for allocation (42 bytes)
ERROR: Finished searching memory - not enough space for allocation (59 bytes)
ERROR: Finished searching memory - not enough space for allocation (9 bytes)
ERROR: Finished searching memory - not enough space for allocation (44 bytes)
ERROR: Finished searching memory - not enough space for allocation (67 bytes)
ERROR: Finished searching memory - not enough space for allocation (76 bytes)
ERROR: Finished searching memory - not enough space for allocation (39 bytes)
ERROR: Finished searching memory - not enough space for allocation (73 bytes)
ERROR: Finished searching memory - not enough space for allocation (91 bytes)
ERROR: Finished searching memory - not enough space for allocation (77 bytes)
ERROR: Finished searching memory - not enough space for allocation (73 bytes)
ERROR: Finished searching memory - not enough space for allocation (26 bytes)
ERROR: Finished searching memory - not enough space for allocation (13 bytes)
ERROR: Finished searching memory - not enough space for allocation (40 bytes)
ERROR: Finished searching memory - not enough space for allocation (47 bytes)
ERROR: Finished searching memory - not enough space for allocation (3 bytes)
ERROR: Finished searching memory - not enough space for allocation (21 bytes)
ERROR: Finished searching memory - not enough space for allocation (64 bytes)
ERROR: Finished searching memory - not enough space for allocation (83 bytes)
ERROR: Finished searching memory - not enough space for allocation (84 bytes)
ERROR: Finished searching memory - not enough space for allocation (14 bytes)
ERROR: Finished searching memory - not enough space for allocation (28 bytes)
ERROR: Finished searching memory - not enough space for allocation (40 bytes)
ERROR: Finished searching memory - not enough space for allocation (45 bytes)
ERROR: Finished searching memory - not enough space for allocation (15 bytes)
ERROR: Finished searching memory - not enough space for allocation (13 bytes)
ERROR: Finished searching memory - not enough space for allocation (52 bytes)
ERROR: Finished searching memory - not enough space for allocation (20 bytes)
ERROR: Finished searching memory - not enough space for allocation (49 bytes)
ERROR: Finished searching memory - not enough space for allocation (63 bytes)
ERROR: Finished searching memory - not enough space for allocation (65 bytes)
ERROR: Finished searching memory - not enough space for allocation (81 bytes)
ERROR: Finished searching memory - not enough space for allocation (80 bytes)
ERROR: Finished searching memory - not enough space for allocation (21 bytes)
ERROR: Finished searching memory - not enough space for allocation (31 bytes)
ERROR: Finished searching memory - not enough space for allocation (61 bytes)
ERROR: Finished searching memory - not enough space for allocation (80 bytes)
ERROR: Finished searching memory - not enough space for allocation (85 bytes)
ERROR: Finished searching memory - not enough space for allocation (7 bytes)
ERROR: Finished searching memory - not enough space for allocation (91 bytes)
ERROR: Finished searching memory - not enough space for allocation (75 bytes)
ERROR: Finished searching memory - not enough space for allocation (65 bytes)
ERROR: Finished searching memory - not enough space for allocation (74 bytes)
ERROR: Finished searching memory - not enough space for allocation (10 bytes)
Failed to free pointer: 0x1046ec853 - Pointer was not allocated
Failed to free pointer: 0x1046ec853 - Pointer was not allocated
ERROR: Finished searching memory - not enough space for allocation (74 bytes)
ERROR: Finished searching memory - not enough space for allocation (4 bytes)
ERROR: Finished searching memory - not enough space for allocation (95 bytes)
ERROR: Finished searching memory - not enough space for allocation (25 bytes)
ERROR: Finished searching memory - not enough space for allocation (70 bytes)
ERROR: Finished searching memory - not enough space for allocation (36 bytes)
ERROR: Finished searching memory - not enough space for allocation (65 bytes)
ERROR: Finished searching memory - not enough space for allocation (73 bytes)
ERROR: Finished searching memory - not enough space for allocation (51 bytes)
ERROR: Finished searching memory - not enough space for allocation (80 bytes)
ERROR: Finished searching memory - not enough space for allocation (61 bytes)
ERROR: Finished searching memory - not enough space for allocation (17 bytes)
ERROR: Finished searching memory - not enough space for allocation (33 bytes)
ERROR: Finished searching memory - not enough space for allocation (31 bytes)
ERROR: Finished searching memory - not enough space for allocation (94 bytes)
ERROR: Finished searching memory - not enough space for allocation (47 bytes)
ERROR: Finished searching memory - not enough space for allocation (8 bytes)
ERROR: Finished searching memory - not enough space for allocation (21 bytes)
ERROR: Finished searching memory - not enough space for allocation (22 bytes)
ERROR: Finished searching memory - not enough space for allocation (54 bytes)
ERROR: Finished searching memory - not enough space for allocation (70 bytes)
ERROR: Finished searching memory - not enough space for allocation (76 bytes)
ERROR: Finished searching memory - not enough space for allocation (19 bytes)
Failed to free pointer: 0x1046ec44e - Pointer was not allocated
Failed to free pointer: 0x1046ec44d - Pointer was not allocated
ERROR: Finished searching memory - not enough space for allocation (61 bytes)
ERROR: Finished searching memory - not enough space for allocation (41 bytes)
ERROR: Finished searching memory - not enough space for allocation (51 bytes)
ERROR: Finished searching memory - not enough space for allocation (37 bytes)
ERROR: Finished searching memory - not enough space for allocation (91 bytes)
ERROR: Finished searching memory - not enough space for allocation (38 bytes)
ERROR: Finished searching memory - not enough space for allocation (9 bytes)
ERROR: Finished searching memory - not enough space for allocation (49 bytes)
ERROR: Finished searching memory - not enough space for allocation (36 bytes)
ERROR: Finished searching memory - not enough space for allocation (79 bytes)
ERROR: Finished searching memory - not enough space for allocation (34 bytes)
ERROR: Finished searching memory - not enough space for allocation (25 bytes)
ERROR: Finished searching memory - not enough space for allocation (31 bytes)
ERROR: Finished searching memory - not enough space for allocation (69 bytes)
Failed to free pointer: 0x1046ec44e - Pointer was not allocated
Failed to free pointer: 0x1046ec44d - Pointer was not allocated
ERROR: Finished searching memory - not enough space for allocation (42 bytes)
ERROR: Finished searching memory - not enough space for allocation (31 bytes)
ERROR: Finished searching memory - not enough space for allocation (49 bytes)
ERROR: Finished searching memory - not enough space for allocation (25 bytes)
ERROR: Finished searching memory - not enough space for allocation (9 bytes)
Failed to free pointer: 0x1046ec854 - Pointer was not allocated
Failed to free pointer: 0x1046ec854 - Pointer was not allocated
ERROR: Finished searching memory - not enough space for allocation (95 bytes)
ERROR: Finished searching memory - not enough space for allocation (100 bytes)
ERROR: Finished searching memory - not enough space for allocation (12 bytes)
ERROR: Finished searching memory - not enough space for allocation (78 bytes)
ERROR: Finished searching memory - not enough space for allocation (32 bytes)
ERROR: Finished searching memory - not enough space for allocation (59 bytes)
Failed to free pointer: 0x1046ec44d - Pointer was not allocated
Failed to free pointer: 0x1046ec44e - Pointer was not allocated
ERROR: Finished searching memory - not enough space for allocation (93 bytes)
ERROR: Finished searching memory - not enough space for allocation (14 bytes)
ERROR: Finished searching memory - not enough space for allocation (17 bytes)
Failed to free pointer: 0x1046ec854 - Pointer was not allocated
Failed to free pointer: 0x1046ec853 - Pointer was not allocated
ERROR: Finished searching memory - not enough space for allocation (71 bytes)
ERROR: Finished searching memory - not enough space for allocation (96 bytes)
ERROR: Finished searching memory - not enough space for allocation (27 bytes)
ERROR: Finished searching memory - not enough space for allocation (66 bytes)
ERROR: Finished searching memory - not enough space for allocation (67 bytes)
ERROR: Finished searching memory - not enough space for allocation (76 bytes)
ERROR: Finished searching memory - not enough space for allocation (80 bytes)
ERROR: Finished searching memory - not enough space for allocation (68 bytes)
ERROR: Finished searching memory - not enough space for allocation (84 bytes)
ERROR: Finished searching memory - not enough space for allocation (24 bytes)
ERROR: Finished searching memory - not enough space for allocation (11 bytes)
ERROR: Finished searching memory - not enough space for allocation (44 bytes)
ERROR: Finished searching memory - not enough space for allocation (40 bytes)
ERROR: Finished searching memory - not enough space for allocation (28 bytes)
ERROR: Finished searching memory - not enough space for allocation (67 bytes)
ERROR: Finished searching memory - not enough space for allocation (45 bytes)
ERROR: Finished searching memory - not enough space for allocation (35 bytes)
ERROR: Finished searching memory - not enough space for allocation (82 bytes)
ERROR: Finished searching memory - not enough space for allocation (19 bytes)
ERROR: Finished searching memory - not enough space for allocation (41 bytes)
ERROR: Finished searching memory - not enough space for allocation (53 bytes)
ERROR: Finished searching memory - not enough space for allocation (24 bytes)
ERROR: Finished searching memory - not enough space for allocation (11 bytes)
ERROR: Finished searching memory - not enough space for allocation (38 bytes)
ERROR: Finished searching memory - not enough space for allocation (50 bytes)
ERROR: Finished searching memory - not enough space for allocation (3 bytes)
ERROR: Finished searching memory - not enough space for allocation (81 bytes)
ERROR: Finished searching memory - not enough space for allocation (22 bytes)
ERROR: Finished searching memory - not enough space for allocation (44 bytes)
ERROR: Finished searching memory - not enough space for allocation (26 bytes)
ERROR: Finished searching memory - not enough space for allocation (99 bytes)
ERROR: Finished searching memory - not enough space for allocation (93 bytes)
ERROR: Finished searching memory - not enough space for allocation (3 bytes)
ERROR: Finished searching memory - not enough space for allocation (95 bytes)
ERROR: Finished searching memory - not enough space for allocation (36 bytes)
ERROR: Finished searching memory - not enough space for allocation (27 bytes)
Failed to free pointer: 0x1046ec854 - Pointer was not allocated
Failed to free pointer: 0x1046ec854 - Pointer was not allocated
ERROR: Finished searching memory - not enough space for allocation (36 bytes)
ERROR: Finished searching memory - not enough space for allocation (68 bytes)
ERROR: Finished searching memory - not enough space for allocation (17 bytes)
ERROR: Finished searching memory - not enough space for allocation (77 bytes)
ERROR: Finished searching memory - not enough space for allocation (22 bytes)
ERROR: Finished searching memory - not enough space for allocation (43 bytes)
ERROR: Finished searching memory - not enough space for allocation (73 bytes)
Failed to free pointer: 0x1046ec854 - Pointer was not allocated
Failed to free pointer: 0x1046ec853 - Pointer was not allocated
ERROR: Finished searching memory - not enough space for allocation (37 bytes)
ERROR: Finished searching memory - not enough space for allocation (99 bytes)
ERROR: Finished searching memory - not enough space for allocation (39 bytes)
ERROR: Finished searching memory - not enough space for allocation (77 bytes)
ERROR: Finished searching memory - not enough space for allocation (58 bytes)
ERROR: Finished searching memory - not enough space for allocation (95 bytes)
ERROR: Finished searching memory - not enough space for allocation (43 bytes)
ERROR: Finished searching memory - not enough space for allocation (40 bytes)
ERROR: Finished searching memory - not enough space for allocation (29 bytes)
ERROR: Finished searching memory - not enough space for allocation (34 bytes)
ERROR: Finished searching memory - not enough space for allocation (16 bytes)
ERROR: Finished searching memory - not enough space for allocation (50 bytes)
ERROR: Finished searching memory - not enough space for allocation (87 bytes)
ERROR: Finished searching memory - not enough space for allocation (14 bytes)
ERROR: Finished searching memory - not enough space for allocation (43 bytes)
ERROR: Finished searching memory - not enough space for allocation (60 bytes)
ERROR: Finished searching memory - not enough space for allocation (8 bytes)
ERROR: Finished searching memory - not enough space for allocation (10 bytes)
ERROR: Finished searching memory - not enough space for allocation (52 bytes)
ERROR: Finished searching memory - not enough space for allocation (79 bytes)
ERROR: Finished searching memory - not enough space for allocation (36 bytes)
ERROR: Finished searching memory - not enough space for allocation (64 bytes)
ERROR: Finished searching memory - not enough space for allocation (34 bytes)
ERROR: Finished searching memory - not enough space for allocation (41 bytes)
ERROR: Finished searching memory - not enough space for allocation (24 bytes)
ERROR: Finished searching memory - not enough space for allocation (2 bytes)
Failed to free pointer: 0x1046ec44e - Pointer was not allocated
Failed to free pointer: 0x1046ec44e - Pointer was not allocated
ERROR: Finished searching memory - not enough space for allocation (71 bytes)
ERROR: Finished searching memory - not enough space for allocation (2 bytes)
ERROR: Finished searching memory - not enough space for allocation (95 bytes)
ERROR: Finished searching memory - not enough space for allocation (51 bytes)
ERROR: Finished searching memory - not enough space for allocation (35 bytes)
ERROR: Finished searching memory - not enough space for allocation (87 bytes)
ERROR: Finished searching memory - not enough space for allocation (46 bytes)
ERROR: Finished searching memory - not enough space for allocation (76 bytes)
ERROR: Finished searching memory - not enough space for allocation (84 bytes)
ERROR: Finished searching memory - not enough space for allocation (7 bytes)
ERROR: Finished searching memory - not enough space for allocation (59 bytes)
ERROR: Finished searching memory - not enough space for allocation (69 bytes)
ERROR: Finished searching memory - not enough space for allocation (12 bytes)
ERROR: Finished searching memory - not enough space for allocation (69 bytes)
ERROR: Finished searching memory - not enough space for allocation (22 bytes)
ERROR: Finished searching memory - not enough space for allocation (99 bytes)
ERROR: Finished searching memory - not enough space for allocation (20 bytes)
ERROR: Finished searching memory - not enough space for allocation (35 bytes)
ERROR: Finished searching memory - not enough space for allocation (49 bytes)
ERROR: Finished searching memory - not enough space for allocation (39 bytes)
ERROR: Finished searching memory - not enough space for allocation (91 bytes)
ERROR: Finished searching memory - not enough space for allocation (77 bytes)
ERROR: Finished searching memory - not enough space for allocation (62 bytes)
ERROR: Finished searching memory - not enough space for allocation (29 bytes)
ERROR: Finished searching memory - not enough space for allocation (100 bytes)
ERROR: Finished searching memory - not enough space for allocation (84 bytes)
ERROR: Finished searching memory - not enough space for allocation (66 bytes)
ERROR: Finished searching memory - not enough space for allocation (55 bytes)
ERROR: Finished searching memory - not enough space for allocation (54 bytes)
ERROR: Finished searching memory - not enough space for allocation (69 bytes)
ERROR: Finished searching memory - not enough space for allocation (15 bytes)
ERROR: Finished searching memory - not enough space for allocation (66 bytes)
ERROR: Finished searching memory - not enough space for allocation (64 bytes)
ERROR: Finished searching memory - not enough space for allocation (92 bytes)
ERROR: Finished searching memory - not enough space for allocation (14 bytes)
ERROR: Finished searching memory - not enough space for allocation (37 bytes)
ERROR: Finished searching memory - not enough space for allocation (72 bytes)
ERROR: Finished searching memory - not enough space for allocation (8 bytes)
ERROR: Finished searching memory - not enough space for allocation (80 bytes)
ERROR: Finished searching memory - not enough space for allocation (37 bytes)
ERROR: Finished searching memory - not enough space for allocation (25 bytes)
ERROR: Finished searching memory - not enough space for allocation (100 bytes)
ERROR: Finished searching memory - not enough space for allocation (10 bytes)
ERROR: Finished searching memory - not enough space for allocation (46 bytes)
ERROR: Finished searching memory - not enough space for allocation (68 bytes)
ERROR: Finished searching memory - not enough space for allocation (26 bytes)
ERROR: Finished searching memory - not enough space for allocation (65 bytes)
ERROR: Finished searching memory - not enough space for allocation (12 bytes)
ERROR: Finished searching memory - not enough space for allocation (22 bytes)
ERROR: Finished searching memory - not enough space for allocation (49 bytes)
ERROR: Finished searching memory - not enough space for allocation (83 bytes)
ERROR: Finished searching memory - not enough space for allocation (62 bytes)
ERROR: Finished searching memory - not enough space for allocation (36 bytes)
ERROR: Finished searching memory - not enough space for allocation (19 bytes)
ERROR: Finished searching memory - not enough space for allocation (21 bytes)
ERROR: Finished searching memory - not enough space for allocation (94 bytes)
ERROR: Finished searching memory - not enough space for allocation (28 bytes)
ERROR: Finished searching memory - not enough space for allocation (70 bytes)
ERROR: Finished searching memory - not enough space for allocation (86 bytes)
ERROR: Finished searching memory - not enough space for allocation (40 bytes)
ERROR: Finished searching memory - not enough space for allocation (39 bytes)
ERROR: Finished searching memory - not enough space for allocation (40 bytes)
ERROR: Finished searching memory - not enough space for allocation (91 bytes)
ERROR: Finished searching memory - not enough space for allocation (23 bytes)
ERROR: Finished searching memory - not enough space for allocation (91 bytes)
ERROR: Finished searching memory - not enough space for allocation (65 bytes)
ERROR: Finished searching memory - not enough space for allocation (72 bytes)
ERROR: Finished searching memory - not enough space for allocation (85 bytes)
ERROR: Finished searching memory - not enough space for allocation (7 bytes)
ERROR: Finished searching memory - not enough space for allocation (3 bytes)
ERROR: Finished searching memory - not enough space for allocation (99 bytes)
ERROR: Finished searching memory - not enough space for allocation (30 bytes)
ERROR: Finished searching memory - not enough space for allocation (61 bytes)
ERROR: Finished searching memory - not enough space for allocation (12 bytes)
ERROR: Finished searching memory - not enough space for allocation (97 bytes)
ERROR: Finished searching memory - not enough space for allocation (69 bytes)
ERROR: Finished searching memory - not enough space for allocation (32 bytes)
ERROR: Finished searching memory - not enough space for allocation (36 bytes)
ERROR: Finished searching memory - not enough space for allocation (82 bytes)
ERROR: Finished searching memory - not enough space for allocation (43 bytes)
ERROR: Finished searching memory - not enough space for allocation (16 bytes)
ERROR: Finished searching memory - not enough space for allocation (12 bytes)
ERROR: Finished searching memory - not enough space for allocation (9 bytes)
ERROR: Finished searching memory - not enough space for allocation (24 bytes)
ERROR: Finished searching memory - not enough space for allocation (70 bytes)
ERROR: Finished searching memory - not enough space for allocation (54 bytes)
ERROR: Finished searching memory - not enough space for allocation (99 bytes)
ERROR: Finished searching memory - not enough space for allocation (46 bytes)
ERROR: Finished searching memory - not enough space for allocation (64 bytes)
ERROR: Finished searching memory - not enough space for allocation (15 bytes)
ERROR: Finished searching memory - not enough space for allocation (18 bytes)
ERROR: Finished searching memory - not enough space for allocation (24 bytes)
ERROR: Finished searching memory - not enough space for allocation (10 bytes)
ERROR: Finished searching memory - not enough space for allocation (58 bytes)
ERROR: Finished searching memory - not enough space for allocation (18 bytes)
ERROR: Finished searching memory - not enough space for allocation (20 bytes)
ERROR: Finished searching memory - not enough space for allocation (50 bytes)
ERROR: Finished searching memory - not enough space for allocation (22 bytes)
ERROR: Finished searching memory - not enough space for allocation (76 bytes)
ERROR: Finished searching memory - not enough space for allocation (44 bytes)
ERROR: Finished searching memory - not enough space for allocation (85 bytes)
ERROR: Finished searching memory - not enough space for allocation (91 bytes)
ERROR: Finished searching memory - not enough space for allocation (72 bytes)
ERROR: Finished searching memory - not enough space for allocation (35 bytes)
ERROR: Finished searching memory - not enough space for allocation (26 bytes)
ERROR: Finished searching memory - not enough space for allocation (42 bytes)
ERROR: Finished searching memory - not enough space for allocation (33 bytes)
ERROR: Finished searching memory - not enough space for allocation (33 bytes)
ERROR: Finished searching memory - not enough space for allocation (89 bytes)
ERROR: Finished searching memory - not enough space for allocation (44 bytes)
ERROR: Finished searching memory - not enough space for allocation (45 bytes)
ERROR: Finished searching memory - not enough space for allocation (23 bytes)
ERROR: Finished searching memory - not enough space for allocation (51 bytes)
ERROR: Finished searching memory - not enough space for allocation (68 bytes)
ERROR: Finished searching memory - not enough space for allocation (36 bytes)
ERROR: Finished searching memory - not enough space for allocation (9 bytes)
ERROR: Finished searching memory - not enough space for allocation (32 bytes)
ERROR: Finished searching memory - not enough space for allocation (21 bytes)
ERROR: Finished searching memory - not enough space for allocation (88 bytes)
ERROR: Finished searching memory - not enough space for allocation (71 bytes)
ERROR: Finished searching memory - not enough space for allocation (3 bytes)
ERROR: Finished searching memory - not enough space for allocation (71 bytes)
ERROR: Finished searching memory - not enough space for allocation (61 bytes)
Failed to free pointer: 0x1046ec44d - Pointer was not allocated
Failed to free pointer: 0x1046ec44e - Pointer was not allocated
ERROR: Finished searching memory - not enough space for allocation (96 bytes)
ERROR: Finished searching memory - not enough space for allocation (16 bytes)
ERROR: Finished searching memory - not enough space for allocation (35 bytes)
ERROR: Finished searching memory - not enough space for allocation (63 bytes)
ERROR: Finished searching memory - not enough space for allocation (34 bytes)
ERROR: Finished searching memory - not enough space for allocation (43 bytes)
ERROR: Finished searching memory - not enough space for allocation (84 bytes)
ERROR: Finished searching memory - not enough space for allocation (81 bytes)
ERROR: Finished searching memory - not enough space for allocation (12 bytes)
ERROR: Finished searching memory - not enough space for allocation (6 bytes)
ERROR: Finished searching memory - not enough space for allocation (46 bytes)
ERROR: Finished searching memory - not enough space for allocation (10 bytes)
ERROR: Finished searching memory - not enough space for allocation (17 bytes)
ERROR: Finished searching memory - not enough space for allocation (34 bytes)
ERROR: Finished searching memory - not enough space for allocation (74 bytes)
ERROR: Finished searching memory - not enough space for allocation (36 bytes)
ERROR: Finished searching memory - not enough space for allocation (53 bytes)
ERROR: Finished searching memory - not enough space for allocation (47 bytes)
ERROR: Finished searching memory - not enough space for allocation (98 bytes)
ERROR: Finished searching memory - not enough space for allocation (94 bytes)
ERROR: Finished searching memory - not enough space for allocation (69 bytes)
ERROR: Finished searching memory - not enough space for allocation (37 bytes)
ERROR: Finished searching memory - not enough space for allocation (13 bytes)
ERROR: Finished searching memory - not enough space for allocation (53 bytes)
ERROR: Finished searching memory - not enough space for allocation (18 bytes)
ERROR: Finished searching memory - not enough space for allocation (79 bytes)
ERROR: Finished searching memory - not enough space for allocation (3 bytes)
ERROR: Finished searching memory - not enough space for allocation (57 bytes)
ERROR: Finished searching memory - not enough space for allocation (31 bytes)
ERROR: Finished searching memory - not enough space for allocation (28 bytes)
ERROR: Finished searching memory - not enough space for allocation (8 bytes)
ERROR: Finished searching memory - not enough space for allocation (39 bytes)
ERROR: Finished searching memory - not enough space for allocation (56 bytes)
ERROR: Finished searching memory - not enough space for allocation (38 bytes)
ERROR: Finished searching memory - not enough space for allocation (98 bytes)
ERROR: Finished searching memory - not enough space for allocation (91 bytes)
ERROR: Finished searching memory - not enough space for allocation (27 bytes)
ERROR: Finished searching memory - not enough space for allocation (81 bytes)
ERROR: Finished searching memory - not enough space for allocation (21 bytes)
Failed to free pointer: 0x1046ec854 - Pointer was not allocated
Failed to free pointer: 0x1046ec854 - Pointer was not allocated
Failed to free pointer: 0x1046ec854 - Pointer was not allocated
ERROR: Finished searching memory - not enough space for allocation (93 bytes)
ERROR: Finished searching memory - not enough space for allocation (57 bytes)
ERROR: Finished searching memory - not enough space for allocation (94 bytes)
ERROR: Finished searching memory - not enough space for allocation (2 bytes)
ERROR: Finished searching memory - not enough space for allocation (57 bytes)
ERROR: Finished searching memory - not enough space for allocation (19 bytes)
ERROR: Finished searching memory - not enough space for allocation (42 bytes)
ERROR: Finished searching memory - not enough space for allocation (90 bytes)
ERROR: Finished searching memory - not enough space for allocation (25 bytes)
ERROR: Finished searching memory - not enough space for allocation (60 bytes)
ERROR: Finished searching memory - not enough space for allocation (64 bytes)
ERROR: Finished searching memory - not enough space for allocation (13 bytes)
ERROR: Finished searching memory - not enough space for allocation (100 bytes)
ERROR: Finished searching memory - not enough space for allocation (52 bytes)
ERROR: Finished searching memory - not enough space for allocation (32 bytes)
ERROR: Finished searching memory - not enough space for allocation (86 bytes)
ERROR: Finished searching memory - not enough space for allocation (76 bytes)
ERROR: Finished searching memory - not enough space for allocation (20 bytes)
ERROR: Finished searching memory - not enough space for allocation (31 bytes)
ERROR: Finished searching memory - not enough space for allocation (96 bytes)
ERROR: Finished searching memory - not enough space for allocation (29 bytes)
ERROR: Finished searching memory - not enough space for allocation (4 bytes)
ERROR: Finished searching memory - not enough space for allocation (46 bytes)
ERROR: Finished searching memory - not enough space for allocation (23 bytes)
ERROR: Finished searching memory - not enough space for allocation (10 bytes)
ERROR: Finished searching memory - not enough space for allocation (69 bytes)
ERROR: Finished searching memory - not enough space for allocation (26 bytes)
ERROR: Finished searching memory - not enough space for allocation (63 bytes)
ERROR: Finished searching memory - not enough space for allocation (29 bytes)
ERROR: Finished searching memory - not enough space for allocation (12 bytes)
ERROR: Finished searching memory - not enough space for allocation (59 bytes)
ERROR: Finished searching memory - not enough space for allocation (26 bytes)
ERROR: Finished searching memory - not enough space for allocation (46 bytes)
ERROR: Finished searching memory - not enough space for allocation (99 bytes)
ERROR: Finished searching memory - not enough space for allocation (74 bytes)
ERROR: Finished searching memory - not enough space for allocation (42 bytes)
ERROR: Finished searching memory - not enough space for allocation (92 bytes)
ERROR: Finished searching memory - not enough space for allocation (48 bytes)
ERROR: Finished searching memory - not enough space for allocation (80 bytes)
ERROR: Finished searching memory - not enough space for allocation (66 bytes)
ERROR: Finished searching memory - not enough space for allocation (24 bytes)
ERROR: Finished searching memory - not enough space for allocation (82 bytes)
ERROR: Finished searching memory - not enough space for allocation (66 bytes)
ERROR: Finished searching memory - not enough space for allocation (8 bytes)
ERROR: Finished searching memory - not enough space for allocation (100 bytes)
Failed to free pointer: 0x1046ec44e - Pointer was not allocated
Failed to free pointer: 0x1046ec44e - Pointer was not allocated
Failed to free pointer: 0x1046ec44e - Pointer was not allocated
ERROR: Finished searching memory - not enough space for allocation (37 bytes)
ERROR: Finished searching memory - not enough space for allocation (29 bytes)
ERROR: Finished searching memory - not enough space for allocation (26 bytes)
ERROR: Finished searching memory - not enough space for allocation (47 bytes)
ERROR: Finished searching memory - not enough space for allocation (55 bytes)
ERROR: Finished searching memory - not enough space for allocation (70 bytes)
ERROR: Finished searching memory - not enough space for allocation (35 bytes)
ERROR: Finished searching memory - not enough space for allocation (64 bytes)
ERROR: Finished searching memory - not enough space for allocation (30 bytes)
ERROR: Finished searching memory - not enough space for allocation (26 bytes)
ERROR: Finished searching memory - not enough space for allocation (20 bytes)
ERROR: Finished searching memory - not enough space for allocation (9 bytes)
ERROR: Finished searching memory - not enough space for allocation (14 bytes)
ERROR: Finished searching memory - not enough space for allocation (52 bytes)
ERROR: Finished searching memory - not enough space for allocation (23 bytes)
ERROR: Finished searching memory - not enough space for allocation (19 bytes)
ERROR: Finished searching memory - not enough space for allocation (45 bytes)
ERROR: Finished searching memory - not enough space for allocation (99 bytes)
ERROR: Finished searching memory - not enough space for allocation (40 bytes)
ERROR: Finished searching memory - not enough space for allocation (54 bytes)
ERROR: Finished searching memory - not enough space for allocation (38 bytes)
ERROR: Finished searching memory - not enough space for allocation (79 bytes)
ERROR: Finished searching memory - not enough space for allocation (53 bytes)
ERROR: Finished searching memory - not enough space for allocation (63 bytes)
ERROR: Finished searching memory - not enough space for allocation (2 bytes)
ERROR: Finished searching memory - not enough space for allocation (98 bytes)
ERROR: Finished searching memory - not enough space for allocation (89 bytes)
ERROR: Finished searching memory - not enough space for allocation (54 bytes)
ERROR: Finished searching memory - not enough space for allocation (43 bytes)
ERROR: Finished searching memory - not enough space for allocation (73 bytes)
ERROR: Finished searching memory - not enough space for allocation (97 bytes)
ERROR: Finished searching memory - not enough space for allocation (88 bytes)
ERROR: Finished searching memory - not enough space for allocation (64 bytes)
ERROR: Finished searching memory - not enough space for allocation (41 bytes)
ERROR: Finished searching memory - not enough space for allocation (96 bytes)
ERROR: Finished searching memory - not enough space for allocation (32 bytes)
ERROR: Finished searching memory - not enough space for allocation (1 bytes)
ERROR: Finished searching memory - not enough space for allocation (50 bytes)
ERROR: Finished searching memory - not enough space for allocation (25 bytes)
ERROR: Finished searching memory - not enough space for allocation (70 bytes)
ERROR: Finished searching memory - not enough space for allocation (59 bytes)
ERROR: Finished searching memory - not enough space for allocation (15 bytes)
ERROR: Finished searching memory - not enough space for allocation (24 bytes)
ERROR: Finished searching memory - not enough space for allocation (40 bytes)
ERROR: Finished searching memory - not enough space for allocation (76 bytes)
ERROR: Finished searching memory - not enough space for allocation (51 bytes)
ERROR: Finished searching memory - not enough space for allocation (26 bytes)
ERROR: Finished searching memory - not enough space for allocation (49 bytes)
ERROR: Finished searching memory - not enough space for allocation (60 bytes)
ERROR: Finished searching memory - not enough space for allocation (28 bytes)
ERROR: Finished searching memory - not enough space for allocation (22 bytes)
ERROR: Finished searching memory - not enough space for allocation (56 bytes)
ERROR: Finished searching memory - not enough space for allocation (21 bytes)
ERROR: Finished searching memory - not enough space for allocation (92 bytes)
ERROR: Finished searching memory - not enough space for allocation (8 bytes)
ERROR: Finished searching memory - not enough space for allocation (5 bytes)
ERROR: Finished searching memory - not enough space for allocation (61 bytes)
ERROR: Finished searching memory - not enough space for allocation (34 bytes)
ERROR: Finished searching memory - not enough space for allocation (55 bytes)
ERROR: Finished searching memory - not enough space for allocation (23 bytes)
ERROR: Finished searching memory - not enough space for allocation (95 bytes)
ERROR: Finished searching memory - not enough space for allocation (80 bytes)
ERROR: Finished searching memory - not enough space for allocation (59 bytes)
ERROR: Finished searching memory - not enough space for allocation (46 bytes)
ERROR: Finished searching memory - not enough space for allocation (78 bytes)
ERROR: Finished searching memory - not enough space for allocation (18 bytes)
ERROR: Finished searching memory - not enough space for allocation (14 bytes)
ERROR: Finished searching memory - not enough space for allocation (93 bytes)
ERROR: Finished searching memory - not enough space for allocation (86 bytes)
ERROR: Finished searching memory - not enough space for allocation (55 bytes)
ERROR: Finished searching memory - not enough space for allocation (55 bytes)
ERROR: Finished searching memory - not enough space for allocation (23 bytes)
ERROR: Finished searching memory - not enough space for allocation (34 bytes)
ERROR: Finished searching memory - not enough space for allocation (64 bytes)
ERROR: Finished searching memory - not enough space for allocation (85 bytes)
ERROR: Finished searching memory - not enough space for allocation (54 bytes)
ERROR: Finished searching memory - not enough space for allocation (27 bytes)
ERROR: Finished searching memory - not enough space for allocation (31 bytes)
ERROR: Finished searching memory - not enough space for allocation (79 bytes)
ERROR: Finished searching memory - not enough space for allocation (13 bytes)
ERROR: Finished searching memory - not enough space for allocation (63 bytes)
ERROR: Finished searching memory - not enough space for allocation (4 bytes)
ERROR: Finished searching memory - not enough space for allocation (59 bytes)
ERROR: Finished searching memory - not enough space for allocation (40 bytes)
ERROR: Finished searching memory - not enough space for allocation (5 bytes)
ERROR: Finished searching memory - not enough space for allocation (8 bytes)
ERROR: Finished searching memory - not enough space for allocation (55 bytes)
ERROR: Finished searching memory - not enough space for allocation (8 bytes)
ERROR: Finished searching memory - not enough space for allocation (54 bytes)
ERROR: Finished searching memory - not enough space for allocation (78 bytes)
ERROR: Finished searching memory - not enough space for allocation (39 bytes)
ERROR: Finished searching memory - not enough space for allocation (8 bytes)
ERROR: Finished searching memory - not enough space for allocation (27 bytes)
ERROR: Finished searching memory - not enough space for allocation (45 bytes)
ERROR: Finished searching memory - not enough space for allocation (39 bytes)
ERROR: Finished searching memory - not enough space for allocation (34 bytes)
ERROR: Finished searching memory - not enough space for allocation (68 bytes)
ERROR: Finished searching memory - not enough space for allocation (98 bytes)
ERROR: Finished searching memory - not enough space for allocation (96 bytes)
ERROR: Finished searching memory - not enough space for allocation (32 bytes)
ERROR: Finished searching memory - not enough space for allocation (41 bytes)
ERROR: Finished searching memory - not enough space for allocation (2 bytes)
ERROR: Finished searching memory - not enough space for allocation (44 bytes)
ERROR: Finished searching memory - not enough space for allocation (11 bytes)
ERROR: Finished searching memory - not enough space for allocation (74 bytes)
ERROR: Finished searching memory - not enough space for allocation (32 bytes)
ERROR: Finished searching memory - not enough space for allocation (86 bytes)
ERROR: Finished searching memory - not enough space for allocation (5 bytes)
ERROR: Finished searching memory - not enough space for allocation (89 bytes)
ERROR: Finished searching memory - not enough space for allocation (94 bytes)
ERROR: Finished searching memory - not enough space for allocation (47 bytes)
ERROR: Finished searching memory - not enough space for allocation (71 bytes)
ERROR: Finished searching memory - not enough space for allocation (57 bytes)
ERROR: Finished searching memory - not enough space for allocation (71 bytes)
ERROR: Finished searching memory - not enough space for allocation (95 bytes)
ERROR: Finished searching memory - not enough space for allocation (75 bytes)
ERROR: Finished searching memory - not enough space for allocation (94 bytes)
ERROR: Finished searching memory - not enough space for allocation (83 bytes)
ERROR: Finished searching memory - not enough space for allocation (71 bytes)
ERROR: Finished searching memory - not enough space for allocation (29 bytes)
ERROR: Finished searching memory - not enough space for allocation (64 bytes)
ERROR: Finished searching memory - not enough space for allocation (58 bytes)
ERROR: Finished searching memory - not enough space for allocation (59 bytes)
ERROR: Finished searching memory - not enough space for allocation (51 bytes)
ERROR: Finished searching memory - not enough space for allocation (17 bytes)
ERROR: Finished searching memory - not enough space for allocation (99 bytes)
ERROR: Finished searching memory - not enough space for allocation (20 bytes)
ERROR: Finished searching memory - not enough space for allocation (63 bytes)
ERROR: Finished searching memory - not enough space for allocation (15 bytes)
ERROR: Finished searching memory - not enough space for allocation (21 bytes)
ERROR: Finished searching memory - not enough space for allocation (73 bytes)
ERROR: Finished searching memory - not enough space for allocation (64 bytes)
ERROR: Finished searching memory - not enough space for allocation (92 bytes)
ERROR: Finished searching memory - not enough space for allocation (52 bytes)
ERROR: Finished searching memory - not enough space for allocation (21 bytes)
ERROR: Finished searching memory - not enough space for allocation (89 bytes)
ERROR: Finished searching memory - not enough space for allocation (97 bytes)
ERROR: Finished searching memory - not enough space for allocation (92 bytes)
ERROR: Finished searching memory - not enough space for allocation (44 bytes)
ERROR: Finished searching memory - not enough space for allocation (93 bytes)
ERROR: Finished searching memory - not enough space for allocation (57 bytes)
ERROR: Finished searching memory - not enough space for allocation (60 bytes)
ERROR: Finished searching memory - not enough space for allocation (69 bytes)
ERROR: Finished searching memory - not enough space for allocation (88 bytes)
ERROR: Finished searching memory - not enough space for allocation (70 bytes)
ERROR: Finished searching memory - not enough space for allocation (94 bytes)
ERROR: Finished searching memory - not enough space for allocation (43 bytes)
ERROR: Finished searching memory - not enough space for allocation (96 bytes)
ERROR: Finished searching memory - not enough space for allocation (91 bytes)
ERROR: Finished searching memory - not enough space for allocation (16 bytes)
ERROR: Finished searching memory - not enough space for allocation (54 bytes)
ERROR: Finished searching memory - not enough space for allocation (3 bytes)
ERROR: Finished searching memory - not enough space for allocation (56 bytes)
ERROR: Finished searching memory - not enough space for allocation (90 bytes)
ERROR: Finished searching memory - not enough space for allocation (42 bytes)
ERROR: Finished searching memory - not enough space for allocation (62 bytes)
ERROR: Finished searching memory - not enough space for allocation (45 bytes)
ERROR: Finished searching memory - not enough space for allocation (76 bytes)
ERROR: Finished searching memory - not enough space for allocation (81 bytes)
ERROR: Finished searching memory - not enough space for allocation (10 bytes)
ERROR: Finished searching memory - not enough space for allocation (13 bytes)
ERROR: Finished searching memory - not enough space for allocation (2 bytes)
ERROR: Finished searching memory - not enough space for allocation (40 bytes)
ERROR: Finished searching memory - not enough space for allocation (60 bytes)
ERROR: Finished searching memory - not enough space for allocation (39 bytes)
ERROR: Finished searching memory - not enough space for allocation (34 bytes)
ERROR: Finished searching memory - not enough space for allocation (48 bytes)
ERROR: Finished searching memory - not enough space for allocation (24 bytes)
ERROR: Finished searching memory - not enough space for allocation (50 bytes)
ERROR: Finished searching memory - not enough space for allocation (79 bytes)
ERROR: Finished searching memory - not enough space for allocation (77 bytes)
ERROR: Finished searching memory - not enough space for allocation (22 bytes)
ERROR: Finished searching memory - not enough space for allocation (38 bytes)
ERROR: Finished searching memory - not enough space for allocation (98 bytes)
ERROR: Finished searching memory - not enough space for allocation (14 bytes)
ERROR: Finished searching memory - not enough space for allocation (71 bytes)
ERROR: Finished searching memory - not enough space for allocation (73 bytes)
ERROR: Finished searching memory - not enough space for allocation (94 bytes)
ERROR: Finished searching memory - not enough space for allocation (100 bytes)
ERROR: Finished searching memory - not enough space for allocation (46 bytes)
ERROR: Finished searching memory - not enough space for allocation (58 bytes)
ERROR: Finished searching memory - not enough space for allocation (86 bytes)
ERROR: Finished searching memory - not enough space for allocation (91 bytes)
ERROR: Finished searching memory - not enough space for allocation (10 bytes)
ERROR: Finished searching memory - not enough space for allocation (2 bytes)
ERROR: Finished searching memory - not enough space for allocation (85 bytes)
ERROR: Finished searching memory - not enough space for allocation (34 bytes)
ERROR: Finished searching memory - not enough space for allocation (22 bytes)
ERROR: Finished searching memory - not enough space for allocation (12 bytes)
ERROR: Finished searching memory - not enough space for allocation (34 bytes)
ERROR: Finished searching memory - not enough space for allocation (20 bytes)
ERROR: Finished searching memory - not enough space for allocation (67 bytes)
ERROR: Finished searching memory - not enough space for allocation (60 bytes)
ERROR: Finished searching memory - not enough space for allocation (10 bytes)
ERROR: Finished searching memory - not enough space for allocation (81 bytes)
ERROR: Finished searching memory - not enough space for allocation (96 bytes)
ERROR: Finished searching memory - not enough space for allocation (49 bytes)
ERROR: Finished searching memory - not enough space for allocation (63 bytes)
ERROR: Finished searching memory - not enough space for allocation (62 bytes)
ERROR: Finished searching memory - not enough space for allocation (31 bytes)
ERROR: Finished searching memory - not enough space for allocation (42 bytes)
ERROR: Finished searching memory - not enough space for allocation (69 bytes)
ERROR: Finished searching memory - not enough space for allocation (38 bytes)
ERROR: Finished searching memory - not enough space for allocation (39 bytes)
ERROR: Finished searching memory - not enough space for allocation (72 bytes)
ERROR: Finished searching memory - not enough space for allocation (10 bytes)
ERROR: Finished searching memory - not enough space for allocation (60 bytes)
ERROR: Finished searching memory - not enough space for allocation (3 bytes)
ERROR: Finished searching memory - not enough space for allocation (100 bytes)
ERROR: Finished searching memory - not enough space for allocation (27 bytes)
ERROR: Finished searching memory - not enough space for allocation (37 bytes)
ERROR: Finished searching memory - not enough space for allocation (19 bytes)
ERROR: Finished searching memory - not enough space for allocation (32 bytes)
ERROR: Finished searching memory - not enough space for allocation (40 bytes)
ERROR: Finished searching memory - not enough space for allocation (25 bytes)
ERROR: Finished searching memory - not enough space for allocation (56 bytes)
ERROR: Finished searching memory - not enough space for allocation (69 bytes)
ERROR: Finished searching memory - not enough space for allocation (41 bytes)
ERROR: Finished searching memory - not enough space for allocation (26 bytes)
ERROR: Finished searching memory - not enough space for allocation (60 bytes)
ERROR: Finished searching memory - not enough space for allocation (60 bytes)
ERROR: Finished searching memory - not enough space for allocation (78 bytes)
ERROR: Finished searching memory - not enough space for allocation (65 bytes)
ERROR: Finished searching memory - not enough space for allocation (34 bytes)
ERROR: Finished searching memory - not enough space for allocation (55 bytes)
ERROR: Finished searching memory - not enough space for allocation (59 bytes)
ERROR: Finished searching memory - not enough space for allocation (90 bytes)
ERROR: Finished searching memory - not enough space for allocation (14 bytes)
ERROR: Finished searching memory - not enough space for allocation (19 bytes)
ERROR: Finished searching memory - not enough space for allocation (13 bytes)
ERROR: Finished searching memory - not enough space for allocation (13 bytes)
ERROR: Finished searching memory - not enough space for allocation (65 bytes)
ERROR: Finished searching memory - not enough space for allocation (12 bytes)
ERROR: Finished searching memory - not enough space for allocation (68 bytes)
ERROR: Finished searching memory - not enough space for allocation (46 bytes)
ERROR: Finished searching memory - not enough space for allocation (74 bytes)
ERROR: Finished searching memory - not enough space for allocation (68 bytes)
ERROR: Finished searching memory - not enough space for allocation (87 bytes)
ERROR: Finished searching memory - not enough space for allocation (59 bytes)
ERROR: Finished searching memory - not enough space for allocation (35 bytes)
ERROR: Finished searching memory - not enough space for allocation (89 bytes)
ERROR: Finished searching memory - not enough space for allocation (12 bytes)
ERROR: Finished searching memory - not enough space for allocation (51 bytes)
ERROR: Finished searching memory - not enough space for allocation (20 bytes)
ERROR: Finished searching memory - not enough space for allocation (15 bytes)
ERROR: Finished searching memory - not enough space for allocation (85 bytes)
ERROR: Finished searching memory - not enough space for allocation (76 bytes)
ERROR: Finished searching memory - not enough space for allocation (37 bytes)
ERROR: Finished searching memory - not enough space for allocation (58 bytes)
ERROR: Finished searching memory - not enough space for allocation (2 bytes)
ERROR: Finished searching memory - not enough space for allocation (44 bytes)
ERROR: Finished searching memory - not enough space for allocation (54 bytes)
ERROR: Finished searching memory - not enough space for allocation (39 bytes)
ERROR: Finished searching memory - not enough space for allocation (38 bytes)
ERROR: Finished searching memory - not enough space for allocation (83 bytes)
ERROR: Finished searching memory - not enough space for allocation (41 bytes)
ERROR: Finished searching memory - not enough space for allocation (11 bytes)
ERROR: Finished searching memory - not enough space for allocation (67 bytes)
ERROR: Finished searching memory - not enough space for allocation (42 bytes)
ERROR: Finished searching memory - not enough space for allocation (59 bytes)
ERROR: Finished searching memory - not enough space for allocation (77 bytes)
ERROR: Finished searching memory - not enough space for allocation (9 bytes)
ERROR: Finished searching memory - not enough space for allocation (43 bytes)
ERROR: Finished searching memory - not enough space for allocation (53 bytes)
ERROR: Finished searching memory - not enough space for allocation (11 bytes)
ERROR: Finished searching memory - not enough space for allocation (38 bytes)
ERROR: Finished searching memory - not enough space for allocation (31 bytes)
ERROR: Finished searching memory - not enough space for allocation (30 bytes)
ERROR: Finished searching memory - not enough space for allocation (95 bytes)
ERROR: Finished searching memory - not enough space for allocation (74 bytes)
ERROR: Finished searching memory - not enough space for allocation (4 bytes)
ERROR: Finished searching memory - not enough space for allocation (9 bytes)
ERROR: Finished searching memory - not enough space for allocation (96 bytes)
ERROR: Finished searching memory - not enough space for allocation (21 bytes)
ERROR: Finished searching memory - not enough space for allocation (94 bytes)
ERROR: Finished searching memory - not enough space for allocation (83 bytes)
ERROR: Finished searching memory - not enough space for allocation (72 bytes)
ERROR: Finished searching memory - not enough space for allocation (48 bytes)
ERROR: Finished searching memory - not enough space for allocation (30 bytes)
ERROR: Finished searching memory - not enough space for allocation (44 bytes)
ERROR: Finished searching memory - not enough space for allocation (32 bytes)
ERROR: Finished searching memory - not enough space for allocation (85 bytes)
ERROR: Finished searching memory - not enough space for allocation (30 bytes)
ERROR: Finished searching memory - not enough space for allocation (85 bytes)
ERROR: Finished searching memory - not enough space for allocation (61 bytes)
ERROR: Finished searching memory - not enough space for allocation (33 bytes)
ERROR: Finished searching memory - not enough space for allocation (56 bytes)
ERROR: Finished searching memory - not enough space for allocation (45 bytes)
ERROR: Finished searching memory - not enough space for allocation (92 bytes)
ERROR: Finished searching memory - not enough space for allocation (44 bytes)
ERROR: Finished searching memory - not enough space for allocation (81 bytes)
ERROR: Finished searching memory - not enough space for allocation (77 bytes)
ERROR: Finished searching memory - not enough space for allocation (84 bytes)
ERROR: Finished searching memory - not enough space for allocation (24 bytes)
ERROR: Finished searching memory - not enough space for allocation (47 bytes)
ERROR: Finished searching memory - not enough space for allocation (36 bytes)
ERROR: Finished searching memory - not enough space for allocation (35 bytes)
ERROR: Finished searching memory - not enough space for allocation (45 bytes)
ERROR: Finished searching memory - not enough space for allocation (85 bytes)
ERROR: Finished searching memory - not enough space for allocation (72 bytes)
ERROR: Finished searching memory - not enough space for allocation (59 bytes)
ERROR: Finished searching memory - not enough space for allocation (92 bytes)
ERROR: Finished searching memory - not enough space for allocation (66 bytes)
ERROR: Finished searching memory - not enough space for allocation (38 bytes)
ERROR: Finished searching memory - not enough space for allocation (33 bytes)
ERROR: Finished searching memory - not enough space for allocation (32 bytes)
ERROR: Finished searching memory - not enough space for allocation (44 bytes)
ERROR: Finished searching memory - not enough space for allocation (42 bytes)
ERROR: Finished searching memory - not enough space for allocation (48 bytes)
ERROR: Finished searching memory - not enough space for allocation (11 bytes)
ERROR: Finished searching memory - not enough space for allocation (95 bytes)
ERROR: Finished searching memory - not enough space for allocation (61 bytes)
ERROR: Finished searching memory - not enough space for allocation (4 bytes)
ERROR: Finished searching memory - not enough space for allocation (58 bytes)
ERROR: Finished searching memory - not enough space for allocation (63 bytes)
ERROR: Finished searching memory - not enough space for allocation (6 bytes)
ERROR: Finished searching memory - not enough space for allocation (32 bytes)
ERROR: Finished searching memory - not enough space for allocation (73 bytes)
ERROR: Finished searching memory - not enough space for allocation (39 bytes)
ERROR: Finished searching memory - not enough space for allocation (61 bytes)
ERROR: Finished searching memory - not enough space for allocation (6 bytes)
ERROR: Finished searching memory - not enough space for allocation (22 bytes)
ERROR: Finished searching memory - not enough space for allocation (12 bytes)
ERROR: Finished searching memory - not enough space for allocation (61 bytes)
ERROR: Finished searching memory - not enough space for allocation (74 bytes)
ERROR: Finished searching memory - not enough space for allocation (78 bytes)
ERROR: Finished searching memory - not enough space for allocation (37 bytes)
ERROR: Finished searching memory - not enough space for allocation (81 bytes)
ERROR: Finished searching memory - not enough space for allocation (63 bytes)
ERROR: Finished searching memory - not enough space for allocation (81 bytes)
ERROR: Finished searching memory - not enough space for allocation (51 bytes)
ERROR: Finished searching memory - not enough space for allocation (38 bytes)
ERROR: Finished searching memory - not enough space for allocation (9 bytes)
ERROR: Finished searching memory - not enough space for allocation (44 bytes)
ERROR: Finished searching memory - not enough space for allocation (61 bytes)
ERROR: Finished searching memory - not enough space for allocation (56 bytes)
ERROR: Finished searching memory - not enough space for allocation (90 bytes)
ERROR: Finished searching memory - not enough space for allocation (59 bytes)
ERROR: Finished searching memory - not enough space for allocation (57 bytes)
ERROR: Finished searching memory - not enough space for allocation (86 bytes)
ERROR: Finished searching memory - not enough space for allocation (99 bytes)
ERROR: Finished searching memory - not enough space for allocation (94 bytes)
ERROR: Finished searching memory - not enough space for allocation (36 bytes)
ERROR: Finished searching memory - not enough space for allocation (40 bytes)
ERROR: Finished searching memory - not enough space for allocation (24 bytes)
ERROR: Finished searching memory - not enough space for allocation (65 bytes)
ERROR: Finished searching memory - not enough space for allocation (89 bytes)
ERROR: Finished searching memory - not enough space for allocation (73 bytes)
ERROR: Finished searching memory - not enough space for allocation (23 bytes)
ERROR: Finished searching memory - not enough space for allocation (10 bytes)
ERROR: Finished searching memory - not enough space for allocation (28 bytes)
ERROR: Finished searching memory - not enough space for allocation (31 bytes)
ERROR: Finished searching memory - not enough space for allocation (37 bytes)
ERROR: Finished searching memory - not enough space for allocation (36 bytes)
ERROR: Finished searching memory - not enough space for allocation (91 bytes)
ERROR: Finished searching memory - not enough space for allocation (51 bytes)
ERROR: Finished searching memory - not enough space for allocation (56 bytes)
ERROR: Finished searching memory - not enough space for allocation (24 bytes)
ERROR: Finished searching memory - not enough space for allocation (74 bytes)
ERROR: Finished searching memory - not enough space for allocation (26 bytes)
ERROR: Finished searching memory - not enough space for allocation (51 bytes)
ERROR: Finished searching memory - not enough space for allocation (40 bytes)
ERROR: Finished searching memory - not enough space for allocation (52 bytes)
ERROR: Finished searching memory - not enough space for allocation (95 bytes)
ERROR: Finished searching memory - not enough space for allocation (77 bytes)
ERROR: Finished searching memory - not enough space for allocation (56 bytes)
ERROR: Finished searching memory - not enough space for allocation (10 bytes)
ERROR: Finished searching memory - not enough space for allocation (88 bytes)
ERROR: Finished searching memory - not enough space for allocation (95 bytes)
ERROR: Finished searching memory - not enough space for allocation (30 bytes)
ERROR: Finished searching memory - not enough space for allocation (29 bytes)
ERROR: Finished searching memory - not enough space for allocation (92 bytes)
ERROR: Finished searching memory - not enough space for allocation (53 bytes)
ERROR: Finished searching memory - not enough space for allocation (73 bytes)
ERROR: Finished searching memory - not enough space for allocation (96 bytes)
ERROR: Finished searching memory - not enough space for allocation (98 bytes)
ERROR: Finished searching memory - not enough space for allocation (74 bytes)
ERROR: Finished searching memory - not enough space for allocation (92 bytes)
ERROR: Finished searching memory - not enough space for allocation (88 bytes)
ERROR: Finished searching memory - not enough space for allocation (84 bytes)
ERROR: Finished searching memory - not enough space for allocation (12 bytes)
ERROR: Finished searching memory - not enough space for allocation (40 bytes)
ERROR: Finished searching memory - not enough space for allocation (98 bytes)
ERROR: Finished searching memory - not enough space for allocation (61 bytes)
ERROR: Finished searching memory - not enough space for allocation (16 bytes)
ERROR: Finished searching memory - not enough space for allocation (91 bytes)
ERROR: Finished searching memory - not enough space for allocation (54 bytes)
ERROR: Finished searching memory - not enough space for allocation (70 bytes)
ERROR: Finished searching memory - not enough space for allocation (7 bytes)
ERROR: Finished searching memory - not enough space for allocation (54 bytes)
ERROR: Finished searching memory - not enough space for allocation (53 bytes)
ERROR: Finished searching memory - not enough space for allocation (55 bytes)
ERROR: Finished searching memory - not enough space for allocation (41 bytes)
ERROR: Finished searching memory - not enough space for allocation (11 bytes)
ERROR: Finished searching memory - not enough space for allocation (25 bytes)
ERROR: Finished searching memory - not enough space for allocation (24 bytes)
ERROR: Finished searching memory - not enough space for allocation (31 bytes)
ERROR: Finished searching memory - not enough space for allocation (67 bytes)
ERROR: Finished searching memory - not enough space for allocation (91 bytes)
ERROR: Finished searching memory - not enough space for allocation (29 bytes)
ERROR: Finished searching memory - not enough space for allocation (94 bytes)
ERROR: Finished searching memory - not enough space for allocation (81 bytes)
ERROR: Finished searching memory - not enough space for allocation (27 bytes)
ERROR: Finished searching memory - not enough space for allocation (83 bytes)
ERROR: Finished searching memory - not enough space for allocation (97 bytes)
ERROR: Finished searching memory - not enough space for allocation (91 bytes)
ERROR: Finished searching memory - not enough space for allocation (53 bytes)
ERROR: Finished searching memory - not enough space for allocation (61 bytes)
ERROR: Finished searching memory - not enough space for allocation (41 bytes)
ERROR: Finished searching memory - not enough space for allocation (44 bytes)
ERROR: Finished searching memory - not enough space for allocation (84 bytes)
ERROR: Finished searching memory - not enough space for allocation (80 bytes)
ERROR: Finished searching memory - not enough space for allocation (77 bytes)
ERROR: Finished searching memory - not enough space for allocation (20 bytes)
ERROR: Finished searching memory - not enough space for allocation (99 bytes)
ERROR: Finished searching memory - not enough space for allocation (90 bytes)
ERROR: Finished searching memory - not enough space for allocation (24 bytes)
ERROR: Finished searching memory - not enough space for allocation (40 bytes)
ERROR: Finished searching memory - not enough space for allocation (20 bytes)
ERROR: Finished searching memory - not enough space for allocation (23 bytes)
ERROR: Finished searching memory - not enough space for allocation (29 bytes)
ERROR: Finished searching memory - not enough space for allocation (24 bytes)
ERROR: Finished searching memory - not enough space for allocation (13 bytes)
ERROR: Finished searching memory - not enough space for allocation (78 bytes)
ERROR: Finished searching memory - not enough space for allocation (72 bytes)
ERROR: Finished searching memory - not enough space for allocation (25 bytes)
ERROR: Finished searching memory - not enough space for allocation (24 bytes)
ERROR: Finished searching memory - not enough space for allocation (60 bytes)
ERROR: Finished searching memory - not enough space for allocation (54 bytes)
ERROR: Finished searching memory - not enough space for allocation (17 bytes)
ERROR: Finished searching memory - not enough space for allocation (69 bytes)
ERROR: Finished searching memory - not enough space for allocation (53 bytes)
ERROR: Finished searching memory - not enough space for allocation (7 bytes)
ERROR: Finished searching memory - not enough space for allocation (53 bytes)
ERROR: Finished searching memory - not enough space for allocation (60 bytes)
ERROR: Finished searching memory - not enough space for allocation (56 bytes)
ERROR: Finished searching memory - not enough space for allocation (98 bytes)
ERROR: Finished searching memory - not enough space for allocation (50 bytes)
ERROR: Finished searching memory - not enough space for allocation (56 bytes)
ERROR: Finished searching memory - not enough space for allocation (63 bytes)
ERROR: Finished searching memory - not enough space for allocation (3 bytes)
ERROR: Finished searching memory - not enough space for allocation (33 bytes)
ERROR: Finished searching memory - not enough space for allocation (43 bytes)
ERROR: Finished searching memory - not enough space for allocation (62 bytes)
ERROR: Finished searching memory - not enough space for allocation (21 bytes)
ERROR: Finished searching memory - not enough space for allocation (50 bytes)
ERROR: Finished searching memory - not enough space for allocation (30 bytes)
ERROR: Finished searching memory - not enough space for allocation (37 bytes)
ERROR: Finished searching memory - not enough space for allocation (54 bytes)
ERROR: Finished searching memory - not enough space for allocation (65 bytes)
ERROR: Finished searching memory - not enough space for allocation (81 bytes)
ERROR: Finished searching memory - not enough space for allocation (44 bytes)
ERROR: Finished searching memory - not enough space for allocation (73 bytes)
ERROR: Finished searching memory - not enough space for allocation (75 bytes)
ERROR: Finished searching memory - not enough space for allocation (59 bytes)
ERROR: Finished searching memory - not enough space for allocation (17 bytes)
ERROR: Finished searching memory - not enough space for allocation (52 bytes)
ERROR: Finished searching memory - not enough space for allocation (77 bytes)
ERROR: Finished searching memory - not enough space for allocation (19 bytes)
ERROR: Finished searching memory - not enough space for allocation (54 bytes)
ERROR: Finished searching memory - not enough space for allocation (30 bytes)
ERROR: Finished searching memory - not enough space for allocation (17 bytes)
ERROR: Finished searching memory - not enough space for allocation (20 bytes)
ERROR: Finished searching memory - not enough space for allocation (81 bytes)
ERROR: Finished searching memory - not enough space for allocation (43 bytes)
ERROR: Finished searching memory - not enough space for allocation (91 bytes)
ERROR: Finished searching memory - not enough space for allocation (41 bytes)
ERROR: Finished searching memory - not enough space for allocation (38 bytes)
ERROR: Finished searching memory - not enough space for allocation (22 bytes)
ERROR: Finished searching memory - not enough space for allocation (46 bytes)
ERROR: Finished searching memory - not enough space for allocation (24 bytes)
ERROR: Finished searching memory - not enough space for allocation (5 bytes)
ERROR: Finished searching memory - not enough space for allocation (69 bytes)
ERROR: Finished searching memory - not enough space for allocation (83 bytes)
ERROR: Finished searching memory - not enough space for allocation (75 bytes)
ERROR: Finished searching memory - not enough space for allocation (7 bytes)
ERROR: Finished searching memory - not enough space for allocation (13 bytes)
ERROR: Finished searching memory - not enough space for allocation (52 bytes)
ERROR: Finished searching memory - not enough space for allocation (6 bytes)
ERROR: Finished searching memory - not enough space for allocation (25 bytes)
ERROR: Finished searching memory - not enough space for allocation (45 bytes)
ERROR: Finished searching memory - not enough space for allocation (71 bytes)
ERROR: Finished searching memory - not enough space for allocation (42 bytes)
ERROR: Finished searching memory - not enough space for allocation (73 bytes)
ERROR: Finished searching memory - not enough space for allocation (78 bytes)
ERROR: Finished searching memory - not enough space for allocation (83 bytes)
ERROR: Finished searching memory - not enough space for allocation (84 bytes)
ERROR: Finished searching memory - not enough space for allocation (32 bytes)
ERROR: Finished searching memory - not enough space for allocation (42 bytes)
ERROR: Finished searching memory - not enough space for allocation (74 bytes)
ERROR: Finished searching memory - not enough space for allocation (19 bytes)
ERROR: Finished searching memory - not enough space for allocation (87 bytes)
ERROR: Finished searching memory - not enough space for allocation (67 bytes)
ERROR: Finished searching memory - not enough space for allocation (40 bytes)
ERROR: Finished searching memory - not enough space for allocation (72 bytes)
ERROR: Finished searching memory - not enough space for allocation (36 bytes)
ERROR: Finished searching memory - not enough space for allocation (46 bytes)
ERROR: Finished searching memory - not enough space for allocation (12 bytes)
ERROR: Finished searching memory - not enough space for allocation (33 bytes)
ERROR: Finished searching memory - not enough space for allocation (88 bytes)
ERROR: Finished searching memory - not enough space for allocation (8 bytes)
ERROR: Finished searching memory - not enough space for allocation (84 bytes)
ERROR: Finished searching memory - not enough space for allocation (60 bytes)
ERROR: Finished searching memory - not enough space for allocation (37 bytes)
ERROR: Finished searching memory - not enough space for allocation (31 bytes)
ERROR: Finished searching memory - not enough space for allocation (83 bytes)
ERROR: Finished searching memory - not enough space for allocation (16 bytes)
ERROR: Finished searching memory - not enough space for allocation (80 bytes)
ERROR: Finished searching memory - not enough space for allocation (91 bytes)
ERROR: Finished searching memory - not enough space for allocation (65 bytes)
ERROR: Finished searching memory - not enough space for allocation (73 bytes)
ERROR: Finished searching memory - not enough space for allocation (63 bytes)
ERROR: Finished searching memory - not enough space for allocation (94 bytes)
ERROR: Finished searching memory - not enough space for allocation (61 bytes)
ERROR: Finished searching memory - not enough space for allocation (25 bytes)
ERROR: Finished searching memory - not enough space for allocation (2 bytes)
ERROR: Finished searching memory - not enough space for allocation (42 bytes)
ERROR: Finished searching memory - not enough space for allocation (49 bytes)
ERROR: Finished searching memory - not enough space for allocation (44 bytes)
ERROR: Finished searching memory - not enough space for allocation (44 bytes)
